#
# There is insufficient memory for the Java Runtime Environment to continue.
# Native memory allocation (malloc) failed to allocate 24488728 bytes. Error detail: Chunk::new
# Possible reasons:
#   The system is out of physical RAM or swap space
#   This process is running with CompressedOops enabled, and the Java Heap may be blocking the growth of the native heap
# Possible solutions:
#   Reduce memory load on the system
#   Increase physical memory or swap space
#   Check if swap backing store is full
#   Decrease Java heap size (-Xmx/-Xms)
#   Decrease number of Java threads
#   Decrease Java thread stack sizes (-Xss)
#   Set larger code cache with -XX:ReservedCodeCacheSize=
#   JVM is running with Zero Based Compressed Oops mode in which the Java heap is
#     placed in the first 32GB address space. The Java Heap base address is the
#     maximum limit for the native heap growth. Please use -XX:HeapBaseMinAddress
#     to set the Java Heap base and to place the Java Heap above 32GB virtual address.
# This output file may be truncated or incomplete.
#
#  Out of Memory Error (arena.cpp:193), pid=34984, tid=16944
#
# JRE version: Java(TM) SE Runtime Environment (26.0.2.1+1) (build 26.0.2.1+1-7)
# Java VM: Java HotSpot(TM) 64-Bit Server VM (26.0.2.1+1-7, mixed mode, sharing, tiered, compressed oops, compressed class ptrs, g1 gc, windows-amd64)
# No core dump will be written. Minidumps are not enabled by default on client versions of Windows
#

---------------  S U M M A R Y ------------

Command Line: -javaagent:C:\Program Files\JetBrains\IntelliJ IDEA 2026.1.2\lib\idea_rt.jar=57282 -Dfile.encoding=UTF-8 -Dsun.stdout.encoding=UTF-8 -Dsun.stderr.encoding=UTF-8 com.smartmedi.SmartMediApplication

Host: 13th Gen Intel(R) Core(TM) i3-1305U, 6 cores, 11G,  Windows 11 , 64 bit Build 26100 (10.0.26100.9444)
Time: Tue Sep 29 14:55:06 2026 Sri Lanka Standard Time elapsed time: 6.205325 seconds (0d 0h 0m 6s)

---------------  T H R E A D  ---------------

Current thread (0x000002a8bd8b3d50):  JavaThread "C2 CompilerThread1" daemon [_thread_in_native, id=16944, stack(0x000000ac7dd00000,0x000000ac7de00000) (1024K)]


Current CompileTask:
C2:6205 4251   !   4       org.springframework.core.annotation.AnnotationsScanner::processClassHierarchy (234 bytes)

Stack: [0x000000ac7dd00000,0x000000ac7de00000]
Native frames: (J=compiled Java code, j=interpreted, Vv=VM code, C=native code)
V  [jvm.dll+0x7d6ea9]  (no source info available)
V  [jvm.dll+0x7a4dcd]  (no source info available)
V  [jvm.dll+0x9b2390]  (no source info available)
V  [jvm.dll+0x9b47e1]  (no source info available)
V  [jvm.dll+0x9b4ef3]  (no source info available)
V  [jvm.dll+0x30f4d6]  (no source info available)
V  [jvm.dll+0x11ddb6]  (no source info available)
V  [jvm.dll+0x11e0de]  (no source info available)
V  [jvm.dll+0x1b00f6]  (no source info available)
V  [jvm.dll+0x3cc262]  (no source info available)
V  [jvm.dll+0x7dfaa2]  (no source info available)
V  [jvm.dll+0x2d2947]  (no source info available)
V  [jvm.dll+0x2d18bf]  (no source info available)
V  [jvm.dll+0x246d30]  (no source info available)
V  [jvm.dll+0x2e19dc]  (no source info available)
V  [jvm.dll+0x2dfbbd]  (no source info available)
V  [jvm.dll+0x4a5a61]  (no source info available)
V  [jvm.dll+0x950d59]  (no source info available)
V  [jvm.dll+0x7d8988]  (no source info available)
C  [ucrtbase.dll+0x2cd30]  (no source info available)
C  [KERNEL32.DLL+0x2cd87]  (no source info available)
C  [ntdll.dll+0xacaec]  (no source info available)

Lock stack of current Java thread (top to bottom):


---------------  P R O C E S S  ---------------

Threads class SMR info:
_java_thread_list=0x000002a8c3688b80, length=17, elements={
0x000002a89cb5fd00, 0x000002a8bd680e50, 0x000002a8bd681ca0, 0x000002a8bd682fb0,
0x000002a8bd684b70, 0x000002a8bd688e80, 0x000002a8bd68f160, 0x000002a8bd6985c0,
0x000002a8bd6acdf0, 0x000002a8bd6d9130, 0x000002a8bd8b3d50, 0x000002a8bd6d9900,
0x000002a8bd6da0d0, 0x000002a8c2adcde0, 0x000002a8c2add5b0, 0x000002a8c2adc610,
0x000002a8c2ade550
}

Java Threads: ( => current thread )
  0x000002a89cb5fd00 JavaThread "main"                              [_thread_in_native, id=28676, stack(0x000000ac7cb00000,0x000000ac7cc00000) (1024K)]
  0x000002a8bd680e50 JavaThread "Reference Handler"          daemon [_thread_blocked, id=36344, stack(0x000000ac7d400000,0x000000ac7d500000) (1024K)]
  0x000002a8bd681ca0 JavaThread "Finalizer"                  daemon [_thread_blocked, id=1900, stack(0x000000ac7d500000,0x000000ac7d600000) (1024K)]
  0x000002a8bd682fb0 JavaThread "Signal Dispatcher"          daemon [_thread_blocked, id=3664, stack(0x000000ac7d600000,0x000000ac7d700000) (1024K)]
  0x000002a8bd684b70 JavaThread "Attach Listener"            daemon [_thread_blocked, id=37852, stack(0x000000ac7d700000,0x000000ac7d800000) (1024K)]
  0x000002a8bd688e80 JavaThread "Service Thread"             daemon [_thread_blocked, id=20008, stack(0x000000ac7d800000,0x000000ac7d900000) (1024K)]
  0x000002a8bd68f160 JavaThread "Monitor Deflation Thread"   daemon [_thread_blocked, id=13428, stack(0x000000ac7d900000,0x000000ac7da00000) (1024K)]
  0x000002a8bd6985c0 JavaThread "C2 CompilerThread0"         daemon [_thread_in_native, id=34052, stack(0x000000ac7da00000,0x000000ac7db00000) (1024K)]
  0x000002a8bd6acdf0 JavaThread "C1 CompilerThread0"         daemon [_thread_blocked, id=30292, stack(0x000000ac7db00000,0x000000ac7dc00000) (1024K)]
  0x000002a8bd6d9130 JavaThread "Common-Cleaner"             daemon [_thread_blocked, id=37132, stack(0x000000ac7dc00000,0x000000ac7dd00000) (1024K)]
=>0x000002a8bd8b3d50 JavaThread "C2 CompilerThread1"         daemon [_thread_in_native, id=16944, stack(0x000000ac7dd00000,0x000000ac7de00000) (1024K)]
  0x000002a8bd6d9900 JavaThread "Monitor Ctrl-Break"         daemon [_thread_in_native, id=21192, stack(0x000000ac7df00000,0x000000ac7e000000) (1024K)]
  0x000002a8bd6da0d0 JavaThread "Notification Thread"        daemon [_thread_blocked, id=32112, stack(0x000000ac7e000000,0x000000ac7e100000) (1024K)]
  0x000002a8c2adcde0 JavaThread "Catalina-utility-1"                [_thread_blocked, id=21160, stack(0x000000ac7e200000,0x000000ac7e300000) (1024K)]
  0x000002a8c2add5b0 JavaThread "Catalina-utility-2"                [_thread_blocked, id=37248, stack(0x000000ac7e700000,0x000000ac7e800000) (1024K)]
  0x000002a8c2adc610 JavaThread "container-0"                       [_thread_blocked, id=25756, stack(0x000000ac7e800000,0x000000ac7e900000) (1024K)]
  0x000002a8c2ade550 JavaThread "mysql-cj-abandoned-connection-cleanup" daemon [_thread_blocked, id=34284, stack(0x000000ac7e900000,0x000000ac7ea00000) (1024K)]
Total: 17

Other Threads:
  0x000002a89f04e6c0 VMThread "VM Thread"                           [id=32360, stack(0x000000ac7d300000,0x000000ac7d400000) (1024K)]
  0x000002a89f03d8d0 WatcherThread "VM Periodic Task Thread"        [id=28472, stack(0x000000ac7d200000,0x000000ac7d300000) (1024K)]
  0x000002a89efe35b0 WorkerThread "GC Thread#0"                     [id=29740, stack(0x000000ac7cc00000,0x000000ac7cd00000) (1024K)]
  0x000002a8bda5aeb0 WorkerThread "GC Thread#1"                     [id=5932, stack(0x000000ac7de00000,0x000000ac7df00000) (1024K)]
  0x000002a8c2146f50 WorkerThread "GC Thread#2"                     [id=12644, stack(0x000000ac7e300000,0x000000ac7e400000) (1024K)]
  0x000002a8c21473a0 WorkerThread "GC Thread#3"                     [id=30704, stack(0x000000ac7e400000,0x000000ac7e500000) (1024K)]
  0x000002a8c21477f0 WorkerThread "GC Thread#4"                     [id=27976, stack(0x000000ac7e500000,0x000000ac7e600000) (1024K)]
  0x000002a8c2147c40 WorkerThread "GC Thread#5"                     [id=31396, stack(0x000000ac7e600000,0x000000ac7e700000) (1024K)]
  0x000002a89eff2a10 ConcurrentGCThread "G1 Main Marker"            [id=36396, stack(0x000000ac7cd00000,0x000000ac7ce00000) (1024K)]
  0x000002a89cc1e910 WorkerThread "G1 Conc#0"                       [id=30188, stack(0x000000ac7ce00000,0x000000ac7cf00000) (1024K)]
  0x000002a8c2145e10 WorkerThread "G1 Conc#1"                       [id=34096, stack(0x000000ac7e100000,0x000000ac7e200000) (1024K)]
  0x000002a89f022fe0 WorkerThread "G1 Refinement Workers#0"         [id=7748, stack(0x000000ac7d000000,0x000000ac7d100000) (1024K)]
  0x000002a89f022420 ConcurrentGCThread "G1 Refine Control"         [id=28392, stack(0x000000ac7cf00000,0x000000ac7d000000) (1024K)]
  0x000002a89f030220 ConcurrentGCThread "G1 Service"                [id=35348, stack(0x000000ac7d100000,0x000000ac7d200000) (1024K)]
Total: 14

Threads with active compile tasks:
C2 CompilerThread0  6367 4261   !   4       org.springframework.util.ReflectionUtils::doWithMethods (186 bytes)
C2 CompilerThread1  6367 4251   !   4       org.springframework.core.annotation.AnnotationsScanner::processClassHierarchy (234 bytes)
Total: 2

VM state: not at safepoint (normal execution)

VM Mutex/Monitor currently owned by a thread: None

Heap address: 0x0000000744e00000, size: 2994 MB, Compressed Oops mode: Zero based, Oop shift amount: 3

CDS archive(s) mapped at: [0x0000000090000000-0x0000000090de0000-0x0000000090de0000), size 14548992, SharedBaseAddress: 0x0000000090000000, ArchiveRelocationMode: 1.
Compressed class space mapped at: 0x0000000091000000-0x00000000d1000000, reserved size: 1073741824
UseCompressedClassPointers 1, UseCompactObjectHeaders 0
Narrow klass pointer bits 32, Max shift 3
Narrow klass base: 0x0000000090000000, Narrow klass shift: 0
Encoding Range: [0x0000000090000000 - 0x0000000190000000), (4294967296 bytes)
Klass Range:    [0x0000000090000000 - 0x00000000d1000000), (1090519040 bytes)
Klass ID Range:  [8 - 1090519033) (1090519025)
Protection zone: [0x0000000090000000 - 0x0000000090010000), (65536 bytes)

GC Precious Log:
 CardTable entry size: 512
 Card Set container configuration: InlinePtr #cards 4 size 8 Array Of Cards #cards 16 size 48 Howl #buckets 8 coarsen threshold 3686 Howl Bitmap #cards 512 size 80 coarsen threshold 460 Card regions per heap region 1 cards per card region 4096
 CPUs: 6 total, 6 available
 Memory: 11972M
 Large Page Support: Disabled
 NUMA Support: Disabled
 Compressed Oops: Enabled (Zero based)
 Heap Region Size: 2M
 Heap Min Capacity: 8M
 Heap Initial Capacity: 8M
 Heap Max Capacity: 2994M
 Pre-touch: Disabled
 Parallel Workers: 6
 Concurrent Workers: 2
 Concurrent Refinement Workers: 6
 Periodic GC: Disabled

Heap:
 garbage-first heap   total reserved 3065856K, committed 51200K, used 26762K [0x0000000744e00000, 0x0000000800000000)
  region size 2M, 5 eden (10M), 1 survivor (2M), 9 old (18M), 0 humongous (0M), 10 free (20M)

Heap Regions: E=young(eden), S=young(survivor), O=old, HS=humongous(starts), HC=humongous(continues), CS=collection set, F=free, TAMS=top-at-mark-start, PB=parsable bottom
|    0|0x0000000744e00000, 0x0000000745000000, 0x0000000745000000|100%| O|  |TAMS 0x0000000744e00000| PB 0x0000000744e00000| Untracked |  0
|    1|0x0000000745000000, 0x0000000745200000, 0x0000000745200000|100%| O|  |TAMS 0x0000000745000000| PB 0x0000000745000000| Untracked |  0
|    2|0x0000000745200000, 0x0000000745400000, 0x0000000745400000|100%| O|  |TAMS 0x0000000745200000| PB 0x0000000745200000| Untracked |  0
|    3|0x0000000745400000, 0x0000000745600000, 0x0000000745600000|100%| O|  |TAMS 0x0000000745400000| PB 0x0000000745400000| Untracked |  0
|    4|0x0000000745600000, 0x0000000745800000, 0x0000000745800000|100%| O|  |TAMS 0x0000000745600000| PB 0x0000000745600000| Untracked |  0
|    5|0x0000000745800000, 0x0000000745a00000, 0x0000000745a00000|100%| O|Cm|TAMS 0x0000000745800000| PB 0x0000000745800000| Complete  |  0
|    6|0x0000000745a00000, 0x0000000745c00000, 0x0000000745c00000|100%| O|  |TAMS 0x0000000745a00000| PB 0x0000000745a00000| Untracked |  0
|    7|0x0000000745c00000, 0x0000000745d49160, 0x0000000745e00000| 64%| O|  |TAMS 0x0000000745c00000| PB 0x0000000745c00000| Untracked |  0
|    8|0x0000000745e00000, 0x0000000745e00000, 0x0000000746000000|  0%| F|  |TAMS 0x0000000745e00000| PB 0x0000000745e00000| Untracked |  0
|    9|0x0000000746000000, 0x00000007460d96c0, 0x0000000746200000| 42%| S|CS|TAMS 0x0000000746000000| PB 0x0000000746000000| Complete  |  0
|   10|0x0000000746200000, 0x0000000746200000, 0x0000000746400000|  0%| F|  |TAMS 0x0000000746200000| PB 0x0000000746200000| Untracked |  0
|   11|0x0000000746400000, 0x0000000746400000, 0x0000000746600000|  0%| F|  |TAMS 0x0000000746400000| PB 0x0000000746400000| Untracked |  0
|   12|0x0000000746600000, 0x0000000746600000, 0x0000000746800000|  0%| F|  |TAMS 0x0000000746600000| PB 0x0000000746600000| Untracked |  0
|   13|0x0000000746800000, 0x0000000746800000, 0x0000000746a00000|  0%| F|  |TAMS 0x0000000746800000| PB 0x0000000746800000| Untracked |  0
|   14|0x0000000746a00000, 0x0000000746a00000, 0x0000000746c00000|  0%| F|  |TAMS 0x0000000746a00000| PB 0x0000000746a00000| Untracked |  0
|   15|0x0000000746c00000, 0x0000000746c00000, 0x0000000746e00000|  0%| F|  |TAMS 0x0000000746c00000| PB 0x0000000746c00000| Untracked |  0
|   16|0x0000000746e00000, 0x0000000746e00000, 0x0000000747000000|  0%| F|  |TAMS 0x0000000746e00000| PB 0x0000000746e00000| Untracked |  0
|   17|0x0000000747000000, 0x0000000747000000, 0x0000000747200000|  0%| F|  |TAMS 0x0000000747000000| PB 0x0000000747000000| Untracked |  0
|   18|0x0000000747200000, 0x0000000747200000, 0x0000000747400000|  0%| F|  |TAMS 0x0000000747200000| PB 0x0000000747200000| Untracked |  0
|   19|0x0000000747400000, 0x0000000747438738, 0x0000000747600000| 11%| E|CS|TAMS 0x0000000747400000| PB 0x0000000747400000| Complete  |  0
|   20|0x0000000747600000, 0x0000000747800000, 0x0000000747800000|100%| E|CS|TAMS 0x0000000747600000| PB 0x0000000747600000| Complete  |  0
|   21|0x0000000747800000, 0x0000000747a00000, 0x0000000747a00000|100%| E|CS|TAMS 0x0000000747800000| PB 0x0000000747800000| Complete  |  0
|   22|0x0000000747a00000, 0x0000000747c00000, 0x0000000747c00000|100%| E|CS|TAMS 0x0000000747a00000| PB 0x0000000747a00000| Complete  |  0
| 1495|0x00000007ffc00000, 0x00000007ffe00000, 0x00000007ffe00000|100%| O|  |TAMS 0x00000007ffc00000| PB 0x00000007ffc00000| Untracked |  0
| 1496|0x00000007ffe00000, 0x0000000800000000, 0x0000000800000000|100%| E|CS|TAMS 0x00000007ffe00000| PB 0x00000007ffe00000| Complete  |  0

Card table byte_map: [0x000002a8b7460000,0x000002a8b7a40000] _byte_map_base: 0x000002a8b3a39000
Refinement table byte_map: [0x000002a8b7a40000,0x000002a8b8020000] _byte_map_base: 0x000002a8b4019000

Marking Bits: (CMBitMap*) 0x000002a89cc19f80
 Bits: [0x000002a8b8020000, 0x000002a8baee8000)

Polling page: 0x000002a89cdc0000

Metaspace:
Metaspace        used 32571K, committed 33024K, reserved 1114112K
 class space     used 4356K, committed 4544K, reserved 1048576K

Usage:
  Non-class:     27.55 MB used.
      Class:      4.25 MB used.
       Both:     31.81 MB used.

Virtual space:
  Non-class space:       64.00 MB reserved,      27.81 MB ( 43%) committed,  1 nodes.
      Class space:        1.00 GB reserved,       4.44 MB ( <1%) committed,  1 nodes.
             Both:        1.06 GB reserved,      32.25 MB (  3%) committed. 

Chunk freelists:
   Non-Class:  3.92 MB
       Class:  11.53 MB
        Both:  15.45 MB

MaxMetaspaceSize: unlimited
CompressedClassSpaceSize: 1.00 GB
Initial GC threshold: 21.00 MB
Current GC threshold: 50.44 MB
CDS: on
 - commit_granule_bytes: 65536.
 - commit_granule_words: 8192.
 - virtual_space_node_default_size: 8388608.
 - enlarge_chunks_in_place: 1.
UseCompressedClassPointers 1, UseCompactObjectHeaders 0
Narrow klass pointer bits 32, Max shift 3
Narrow klass base: 0x0000000090000000, Narrow klass shift: 0
Encoding Range: [0x0000000090000000 - 0x0000000190000000), (4294967296 bytes)
Klass Range:    [0x0000000090000000 - 0x00000000d1000000), (1090519040 bytes)
Klass ID Range:  [8 - 1090519033) (1090519025)
Protection zone: [0x0000000090000000 - 0x0000000090010000), (65536 bytes)


Internal statistics:

num_allocs_failed_limit: 3.
num_arena_births: 414.
num_arena_deaths: 0.
num_vsnodes_births: 2.
num_vsnodes_deaths: 0.
num_space_committed: 516.
num_space_uncommitted: 0.
num_chunks_returned_to_freelist: 3.
num_chunks_taken_from_freelist: 1528.
num_chunk_merges: 3.
num_chunk_splits: 1086.
num_chunks_enlarged: 878.
num_inconsistent_stats: 0.

CodeHeap 'non-profiled nmethods': size=120064Kb used=1513Kb max_used=1641Kb free=118550Kb
 bounds [0x000002a8af720000, 0x000002a8af990000, 0x000002a8b6c60000]
CodeHeap 'profiled nmethods': size=120064Kb used=6353Kb max_used=7021Kb free=113710Kb
 bounds [0x000002a8a7c40000, 0x000002a8a8320000, 0x000002a8af180000]
CodeHeap 'non-nmethods': size=5760Kb used=1470Kb max_used=1528Kb free=4289Kb
 bounds [0x000002a8af180000, 0x000002a8af3f0000, 0x000002a8af720000]
CodeCache: size=245888Kb, used=9336Kb, max_used=10190Kb, free=236549Kb
 total_blobs=4520, nmethods=3943, adapters=479, full_count=0
Compilation: enabled, stopped_count=0, restarted_count=0

Compilation events (20 events):
Event: 6.026 Thread 0x000002a8bd6acdf0 4372   !   3       sun.nio.fs.WindowsDirectoryStream$WindowsDirectoryIterator::acceptEntry (71 bytes)
Event: 6.027 Thread 0x000002a8bd6acdf0 nmethod 4372 0x000002a8a7c43988 code [0x000002a8a7c43a80, 0x000002a8a7c44470]
Event: 6.047 Thread 0x000002a8bd6acdf0 4374   !   3       jdk.proxy2.$Proxy42::annotationType (28 bytes)
Event: 6.047 Thread 0x000002a8bd6acdf0 nmethod 4374 0x000002a8a7dd9e88 code [0x000002a8a7dd9f80, 0x000002a8a7dda348]
Event: 6.096 Thread 0x000002a8bd6acdf0 4378   !   3       java.lang.invoke.LambdaForm::compileToBytecode (164 bytes)
Event: 6.097 Thread 0x000002a8bd6acdf0 nmethod 4378 0x000002a8a7c8ad08 code [0x000002a8a7c8ae00, 0x000002a8a7c8b720]
Event: 6.097 Thread 0x000002a8bd6acdf0 4379       3       java.lang.classfile.CodeBuilder::fieldAccess (23 bytes)
Event: 6.097 Thread 0x000002a8bd6acdf0 nmethod 4379 0x000002a8a7cb3688 code [0x000002a8a7cb3780, 0x000002a8a7cb4018]
Event: 6.100 Thread 0x000002a8bd6acdf0 4380       3       java.lang.invoke.LambdaFormBuffer::growNames (281 bytes)
Event: 6.101 Thread 0x000002a8bd6acdf0 nmethod 4380 0x000002a8a7c60488 code [0x000002a8a7c60580, 0x000002a8a7c61690]
Event: 6.103 Thread 0x000002a8bd6acdf0 4381       3       java.lang.invoke.ClassSpecializer::classDesc (73 bytes)
Event: 6.104 Thread 0x000002a8bd6acdf0 nmethod 4381 0x000002a8a7c4ed88 code [0x000002a8a7c4ee80, 0x000002a8a7c4fa40]
Event: 6.104 Thread 0x000002a8bd6acdf0 4382       1       java.lang.invoke.LambdaForm$BasicType::basicTypeWrapper (5 bytes)
Event: 6.104 Thread 0x000002a8bd6acdf0 nmethod 4382 0x000002a8af733388 code [0x000002a8af733480, 0x000002a8af733538]
Event: 6.104 Thread 0x000002a8bd6acdf0 4384       3       jdk.internal.classfile.impl.DirectClassBuilder::withFlags (10 bytes)
Event: 6.104 Thread 0x000002a8bd6acdf0 nmethod 4384 0x000002a8a7c49388 code [0x000002a8a7c49480, 0x000002a8a7c49780]
Event: 6.166 Thread 0x000002a8bd6acdf0 4386       3       java.util.Spliterators$1Adapter::hasNext (23 bytes)
Event: 6.166 Thread 0x000002a8bd6acdf0 nmethod 4386 0x000002a8a7c68488 code [0x000002a8a7c68580, 0x000002a8a7c68798]
Event: 6.195 Thread 0x000002a8bd6acdf0 4387   !   2       jdk.internal.loader.AbstractClassLoaderValue::get (21 bytes)
Event: 6.195 Thread 0x000002a8bd6acdf0 nmethod 4387 0x000002a8a7c77008 code [0x000002a8a7c77100, 0x000002a8a7c77380]

GC Heap Usage History (20 events):
Event: 1.520 {heap Before GC invocations=5 (full 0):
 garbage-first heap   total reserved 3065856K, committed 36864K, used 18644K [0x0000000744e00000, 0x0000000800000000)
  region size 2M, 6 eden (12M), 1 survivor (2M), 3 old (6M), 0 humongous (0M), 8 free (16M)
}
Event: 1.529 {heap After GC invocations=6 (full 0):
 garbage-first heap   total reserved 3065856K, committed 36864K, used 7432K [0x0000000744e00000, 0x0000000800000000)
  region size 2M, 0 eden (0M), 1 survivor (2M), 3 old (6M), 0 humongous (0M), 14 free (28M)
}
Event: 2.089 {heap Before GC invocations=6 (full 0):
 garbage-first heap   total reserved 3065856K, committed 36864K, used 19720K [0x0000000744e00000, 0x0000000800000000)
  region size 2M, 7 eden (14M), 1 survivor (2M), 3 old (6M), 0 humongous (0M), 7 free (14M)
}
Event: 2.094 {heap After GC invocations=7 (full 0):
 garbage-first heap   total reserved 3065856K, committed 36864K, used 8392K [0x0000000744e00000, 0x0000000800000000)
  region size 2M, 0 eden (0M), 1 survivor (2M), 4 old (8M), 0 humongous (0M), 13 free (26M)
}
Event: 2.424 {heap Before GC invocations=7 (full 0):
 garbage-first heap   total reserved 3065856K, committed 36864K, used 24776K [0x0000000744e00000, 0x0000000800000000)
  region size 2M, 8 eden (16M), 1 survivor (2M), 4 old (8M), 0 humongous (0M), 5 free (10M)
}
Event: 2.430 {heap After GC invocations=8 (full 0):
 garbage-first heap   total reserved 3065856K, committed 36864K, used 9517K [0x0000000744e00000, 0x0000000800000000)
  region size 2M, 0 eden (0M), 2 survivor (4M), 4 old (8M), 0 humongous (0M), 12 free (24M)
}
Event: 2.763 {heap Before GC invocations=8 (full 0):
 garbage-first heap   total reserved 3065856K, committed 36864K, used 25901K [0x0000000744e00000, 0x0000000800000000)
  region size 2M, 8 eden (16M), 2 survivor (4M), 4 old (8M), 0 humongous (0M), 4 free (8M)
}
Event: 2.770 {heap After GC invocations=9 (full 0):
 garbage-first heap   total reserved 3065856K, committed 36864K, used 11453K [0x0000000744e00000, 0x0000000800000000)
  region size 2M, 0 eden (0M), 2 survivor (4M), 4 old (8M), 0 humongous (0M), 12 free (24M)
}
Event: 3.298 {heap Before GC invocations=9 (full 0):
 garbage-first heap   total reserved 3065856K, committed 36864K, used 27837K [0x0000000744e00000, 0x0000000800000000)
  region size 2M, 8 eden (16M), 2 survivor (4M), 4 old (8M), 0 humongous (0M), 4 free (8M)
}
Event: 3.308 {heap After GC invocations=10 (full 0):
 garbage-first heap   total reserved 3065856K, committed 36864K, used 13546K [0x0000000744e00000, 0x0000000800000000)
  region size 2M, 0 eden (0M), 2 survivor (4M), 5 old (10M), 0 humongous (0M), 11 free (22M)
}
Event: 3.476 {heap Before GC invocations=10 (full 0):
 garbage-first heap   total reserved 3065856K, committed 36864K, used 15594K [0x0000000744e00000, 0x0000000800000000)
  region size 2M, 2 eden (4M), 2 survivor (4M), 5 old (10M), 0 humongous (0M), 9 free (18M)
}
Event: 3.486 {heap After GC invocations=11 (full 0):
 garbage-first heap   total reserved 3065856K, committed 36864K, used 14403K [0x0000000744e00000, 0x0000000800000000)
  region size 2M, 0 eden (0M), 1 survivor (2M), 7 old (14M), 0 humongous (0M), 10 free (20M)
}
Event: 4.308 {heap Before GC invocations=12 (full 0):
 garbage-first heap   total reserved 3065856K, committed 36864K, used 28739K [0x0000000744e00000, 0x0000000800000000)
  region size 2M, 7 eden (14M), 1 survivor (2M), 7 old (14M), 0 humongous (0M), 3 free (6M)
}
Event: 4.314 {heap After GC invocations=13 (full 0):
 garbage-first heap   total reserved 3065856K, committed 36864K, used 15308K [0x0000000744e00000, 0x0000000800000000)
  region size 2M, 0 eden (0M), 1 survivor (2M), 7 old (14M), 0 humongous (0M), 10 free (20M)
}
Event: 4.981 {heap Before GC invocations=13 (full 0):
 garbage-first heap   total reserved 3065856K, committed 36864K, used 29644K [0x0000000744e00000, 0x0000000800000000)
  region size 2M, 7 eden (14M), 1 survivor (2M), 7 old (14M), 0 humongous (0M), 3 free (6M)
}
Event: 4.990 {heap After GC invocations=14 (full 0):
 garbage-first heap   total reserved 3065856K, committed 36864K, used 16628K [0x0000000744e00000, 0x0000000800000000)
  region size 2M, 0 eden (0M), 1 survivor (2M), 8 old (16M), 0 humongous (0M), 9 free (18M)
}
Event: 5.389 {heap Before GC invocations=14 (full 0):
 garbage-first heap   total reserved 3065856K, committed 36864K, used 28916K [0x0000000744e00000, 0x0000000800000000)
  region size 2M, 6 eden (12M), 1 survivor (2M), 8 old (16M), 0 humongous (0M), 3 free (6M)
}
Event: 5.397 {heap After GC invocations=15 (full 0):
 garbage-first heap   total reserved 3065856K, committed 36864K, used 17799K [0x0000000744e00000, 0x0000000800000000)
  region size 2M, 0 eden (0M), 1 survivor (2M), 9 old (18M), 0 humongous (0M), 8 free (16M)
}
Event: 5.918 {heap Before GC invocations=15 (full 0):
 garbage-first heap   total reserved 3065856K, committed 36864K, used 28039K [0x0000000744e00000, 0x0000000800000000)
  region size 2M, 6 eden (12M), 1 survivor (2M), 9 old (18M), 0 humongous (0M), 2 free (4M)
}
Event: 5.921 {heap After GC invocations=16 (full 0):
 garbage-first heap   total reserved 3065856K, committed 51200K, used 18570K [0x0000000744e00000, 0x0000000800000000)
  region size 2M, 0 eden (0M), 1 survivor (2M), 9 old (18M), 0 humongous (0M), 15 free (30M)
}

Metaspace Usage History (20 events):
Event: 1.520 {metaspace Before GC invocations=5 (full 0):
 Metaspace       used 6145K, committed 6336K, reserved 1114112K
  class space    used 721K, committed 832K, reserved 1048576K
}
Event: 1.529 {metaspace After GC invocations=6 (full 0):
 Metaspace       used 6145K, committed 6336K, reserved 1114112K
  class space    used 721K, committed 832K, reserved 1048576K
}
Event: 2.089 {metaspace Before GC invocations=6 (full 0):
 Metaspace       used 9861K, committed 10048K, reserved 1114112K
  class space    used 1248K, committed 1344K, reserved 1048576K
}
Event: 2.094 {metaspace After GC invocations=7 (full 0):
 Metaspace       used 9861K, committed 10048K, reserved 1114112K
  class space    used 1248K, committed 1344K, reserved 1048576K
}
Event: 2.424 {metaspace Before GC invocations=7 (full 0):
 Metaspace       used 14111K, committed 14336K, reserved 1114112K
  class space    used 1884K, committed 1984K, reserved 1048576K
}
Event: 2.430 {metaspace After GC invocations=8 (full 0):
 Metaspace       used 14111K, committed 14336K, reserved 1114112K
  class space    used 1884K, committed 1984K, reserved 1048576K
}
Event: 2.763 {metaspace Before GC invocations=8 (full 0):
 Metaspace       used 18287K, committed 18496K, reserved 1114112K
  class space    used 2354K, committed 2432K, reserved 1048576K
}
Event: 2.770 {metaspace After GC invocations=9 (full 0):
 Metaspace       used 18287K, committed 18496K, reserved 1114112K
  class space    used 2354K, committed 2432K, reserved 1048576K
}
Event: 3.298 {metaspace Before GC invocations=9 (full 0):
 Metaspace       used 20750K, committed 20928K, reserved 1114112K
  class space    used 2675K, committed 2752K, reserved 1048576K
}
Event: 3.308 {metaspace After GC invocations=10 (full 0):
 Metaspace       used 20750K, committed 20928K, reserved 1114112K
  class space    used 2675K, committed 2752K, reserved 1048576K
}
Event: 3.476 {metaspace Before GC invocations=10 (full 0):
 Metaspace       used 21340K, committed 21504K, reserved 1114112K
  class space    used 2747K, committed 2816K, reserved 1048576K
}
Event: 3.486 {metaspace After GC invocations=11 (full 0):
 Metaspace       used 21340K, committed 21504K, reserved 1114112K
  class space    used 2747K, committed 2816K, reserved 1048576K
}
Event: 4.308 {metaspace Before GC invocations=12 (full 0):
 Metaspace       used 23718K, committed 23936K, reserved 1114112K
  class space    used 3108K, committed 3200K, reserved 1048576K
}
Event: 4.314 {metaspace After GC invocations=13 (full 0):
 Metaspace       used 23718K, committed 23936K, reserved 1114112K
  class space    used 3108K, committed 3200K, reserved 1048576K
}
Event: 4.981 {metaspace Before GC invocations=13 (full 0):
 Metaspace       used 26616K, committed 26944K, reserved 1114112K
  class space    used 3515K, committed 3648K, reserved 1048576K
}
Event: 4.990 {metaspace After GC invocations=14 (full 0):
 Metaspace       used 26616K, committed 26944K, reserved 1114112K
  class space    used 3515K, committed 3648K, reserved 1048576K
}
Event: 5.389 {metaspace Before GC invocations=14 (full 0):
 Metaspace       used 28519K, committed 28928K, reserved 1114112K
  class space    used 3794K, committed 3968K, reserved 1048576K
}
Event: 5.397 {metaspace After GC invocations=15 (full 0):
 Metaspace       used 28519K, committed 28928K, reserved 1114112K
  class space    used 3794K, committed 3968K, reserved 1048576K
}
Event: 5.918 {metaspace Before GC invocations=15 (full 0):
 Metaspace       used 30575K, committed 30912K, reserved 1114112K
  class space    used 4065K, committed 4224K, reserved 1048576K
}
Event: 5.921 {metaspace After GC invocations=16 (full 0):
 Metaspace       used 30575K, committed 30912K, reserved 1114112K
  class space    used 4065K, committed 4224K, reserved 1048576K
}

Dll operation events (20 events):
Event: 0.327 Attempting to load shared library C:\Program Files\Java\jdk-26.0.2.1\bin\zip.dll
Event: 0.328 Loaded shared library C:\Program Files\Java\jdk-26.0.2.1\bin\zip.dll
Event: 0.334 Attempting to load shared library C:\Program Files\Java\jdk-26.0.2.1\bin\instrument.dll
Event: 0.334 Loaded shared library C:\Program Files\Java\jdk-26.0.2.1\bin\instrument.dll
Event: 0.343 Attempting to load shared library C:\Program Files\Java\jdk-26.0.2.1\bin\net.dll
Event: 0.344 Loaded shared library C:\Program Files\Java\jdk-26.0.2.1\bin\net.dll
Event: 0.347 Attempting to load shared library C:\Program Files\Java\jdk-26.0.2.1\bin\nio.dll
Event: 0.348 Loaded shared library C:\Program Files\Java\jdk-26.0.2.1\bin\nio.dll
Event: 0.353 Attempting to load shared library C:\Program Files\Java\jdk-26.0.2.1\bin\zip.dll
Event: 0.353 Loaded shared library C:\Program Files\Java\jdk-26.0.2.1\bin\zip.dll
Event: 0.580 Attempting to load shared library C:\Program Files\Java\jdk-26.0.2.1\bin\extnet.dll
Event: 0.581 Loaded shared library C:\Program Files\Java\jdk-26.0.2.1\bin\extnet.dll
Event: 0.663 Attempting to load shared library C:\Program Files\Java\jdk-26.0.2.1\bin\jimage.dll
Event: 0.663 Loaded shared library C:\Program Files\Java\jdk-26.0.2.1\bin\jimage.dll
Event: 3.027 Attempting to load shared library C:\Program Files\Java\jdk-26.0.2.1\bin\sunmscapi.dll
Event: 3.032 Loaded shared library C:\Program Files\Java\jdk-26.0.2.1\bin\sunmscapi.dll
Event: 5.543 Attempting to load shared library C:\Program Files\Java\jdk-26.0.2.1\bin\management.dll
Event: 5.544 Loaded shared library C:\Program Files\Java\jdk-26.0.2.1\bin\management.dll
Event: 5.546 Attempting to load shared library C:\Program Files\Java\jdk-26.0.2.1\bin\management_ext.dll
Event: 5.547 Loaded shared library C:\Program Files\Java\jdk-26.0.2.1\bin\management_ext.dll

Deoptimization events (20 events):
Event: 5.858 Thread 0x000002a8c2ade550 DEOPT PACKING pc=0x000002a8af7dbd58 sp=0x000000ac7e9feca0
Event: 5.858 Thread 0x000002a8c2ade550 DEOPT UNPACKING pc=0x000002a8af2a2282 sp=0x000000ac7e9fec40 mode 2
Event: 5.858 Thread 0x000002a8c2ade550 Uncommon trap: trap_request=0xffffff45 fr.pc=0x000002a8af7ad18c relative=0x000000000000028c
Event: 5.858 Thread 0x000002a8c2ade550 Uncommon trap: reason=unstable_if action=reinterpret pc=0x000002a8af7ad18c method=java.lang.String.regionMatches(ZILjava/lang/String;II)Z @ 36 c2
Event: 5.858 Thread 0x000002a8c2ade550 DEOPT PACKING pc=0x000002a8af7ad18c sp=0x000000ac7e9fec00
Event: 5.858 Thread 0x000002a8c2ade550 DEOPT UNPACKING pc=0x000002a8af2a2282 sp=0x000000ac7e9feb98 mode 2
Event: 5.873 Thread 0x000002a89cb5fd00 DEOPT PACKING pc=0x000002a8a8042d09 sp=0x000000ac7cbfc610
Event: 5.873 Thread 0x000002a89cb5fd00 DEOPT UNPACKING pc=0x000002a8af1d1a02 sp=0x000000ac7cbfbae8 mode 0
Event: 5.876 Thread 0x000002a89cb5fd00 DEOPT PACKING pc=0x000002a8a8042d09 sp=0x000000ac7cbfc610
Event: 5.876 Thread 0x000002a89cb5fd00 DEOPT UNPACKING pc=0x000002a8af1d1a02 sp=0x000000ac7cbfbae8 mode 0
Event: 5.878 Thread 0x000002a89cb5fd00 DEOPT PACKING pc=0x000002a8a8042d09 sp=0x000000ac7cbfc610
Event: 5.878 Thread 0x000002a89cb5fd00 DEOPT UNPACKING pc=0x000002a8af1d1a02 sp=0x000000ac7cbfbae8 mode 0
Event: 5.880 Thread 0x000002a89cb5fd00 DEOPT PACKING pc=0x000002a8a8042d09 sp=0x000000ac7cbfca70
Event: 5.880 Thread 0x000002a89cb5fd00 DEOPT UNPACKING pc=0x000002a8af1d1a02 sp=0x000000ac7cbfbf48 mode 0
Event: 5.883 Thread 0x000002a89cb5fd00 DEOPT PACKING pc=0x000002a8a8042d09 sp=0x000000ac7cbfc610
Event: 5.883 Thread 0x000002a89cb5fd00 DEOPT UNPACKING pc=0x000002a8af1d1a02 sp=0x000000ac7cbfbae8 mode 0
Event: 5.907 Thread 0x000002a89cb5fd00 Uncommon trap: trap_request=0xffffff45 fr.pc=0x000002a8af79e384 relative=0x0000000000000404
Event: 5.907 Thread 0x000002a89cb5fd00 Uncommon trap: reason=unstable_if action=reinterpret pc=0x000002a8af79e384 method=org.springframework.boot.context.properties.source.ConfigurationPropertyName.getElement(ILorg/springframework/boot/context/properties/source/ConfigurationPropertyName$Form;)
Event: 5.907 Thread 0x000002a89cb5fd00 DEOPT PACKING pc=0x000002a8af79e384 sp=0x000000ac7cbfbd70
Event: 5.907 Thread 0x000002a89cb5fd00 DEOPT UNPACKING pc=0x000002a8af2a2282 sp=0x000000ac7cbfbd38 mode 2

Classes loaded (20 events):
Event: 5.799 Loading class java/util/concurrent/locks/AbstractQueuedSynchronizer$ExclusiveNode
Event: 5.799 Loading class java/util/concurrent/locks/AbstractQueuedSynchronizer$Node
Event: 5.799 Loading class java/util/concurrent/locks/AbstractQueuedSynchronizer$Node done
Event: 5.799 Loading class java/util/concurrent/locks/AbstractQueuedSynchronizer$ExclusiveNode done
Event: 5.799 Loading class java/util/concurrent/locks/AbstractQueuedSynchronizer$ConditionNode
Event: 5.799 Loading class java/util/concurrent/locks/AbstractQueuedSynchronizer$ConditionNode done
Event: 5.800 Loading class jdk/internal/event/ThreadSleepEvent
Event: 5.800 Loading class jdk/internal/event/ThreadSleepEvent done
Event: 5.852 Loading class java/util/concurrent/Executors$AutoShutdownDelegatedExecutorService
Event: 5.853 Loading class java/util/concurrent/Executors$DelegatedExecutorService
Event: 5.854 Loading class java/util/concurrent/Executors$DelegatedExecutorService done
Event: 5.854 Loading class java/util/concurrent/Executors$AutoShutdownDelegatedExecutorService done
Event: 5.936 Loading class java/lang/invoke/BoundMethodHandle$Species_LLLLLL
Event: 5.936 Loading class java/lang/invoke/BoundMethodHandle$Species_LLLLLL done
Event: 5.996 Loading class javax/naming/Referenceable
Event: 5.996 Loading class javax/naming/Referenceable done
Event: 6.048 Loading class java/lang/instrument/ClassFileTransformer
Event: 6.048 Loading class java/lang/instrument/ClassFileTransformer done
Event: 6.102 Loading class java/lang/invoke/BoundMethodHandle$Species_LLLLLLL
Event: 6.102 Loading class java/lang/invoke/BoundMethodHandle$Species_LLLLLLL done

Classes unloaded (0 events):
No events

Classes redefined (0 events):
No events

Internal exceptions (20 events):
Event: 4.843 Thread 0x000002a89cb5fd00 Exception <a 'java/lang/NoSuchMethodError'{0x000000074654d380}: 'java.lang.Object java.lang.invoke.DirectMethodHandle$Holder.invokeSpecialIFC(java.lang.Object, java.lang.Object, java.lang.Object)'> (0x000000074654d380) 
thrown [s\open\src\hotspot\share\interpreter\linkResolver.cpp, line 804]
Event: 4.860 Thread 0x000002a89cb5fd00 Exception <a 'java/lang/NoSuchMethodError'{0x00000007465a17f0}: 'java.lang.Object java.lang.invoke.DirectMethodHandle$Holder.invokeVirtual(java.lang.Object, java.lang.Object, java.lang.Object, java.lang.Object, java.lang.Object)'> (0x00000007465a17f0) 
thrown [s\open\src\hotspot\share\interpreter\linkResolver.cpp, line 804]
Event: 5.009 Thread 0x000002a89cb5fd00 Exception <a 'java/lang/NoSuchMethodError'{0x00000007ffeb1850}: 'java.lang.Object java.lang.invoke.DirectMethodHandle$Holder.invokeVirtual(java.lang.Object, java.lang.Object, java.lang.Object, java.lang.Object, java.lang.Object, java.lang.Object)'> (0x00000007ffeb1850) 
thrown [s\open\src\hotspot\share\interpreter\linkResolver.cpp, line 804]
Event: 5.014 Thread 0x000002a89cb5fd00 Exception <a 'java/lang/NoSuchMethodError'{0x00000007ffecc6b8}: 'java.lang.Object java.lang.invoke.DirectMethodHandle$Holder.invokeStatic(java.lang.Object, java.lang.Object, int)'> (0x00000007ffecc6b8) 
thrown [s\open\src\hotspot\share\interpreter\linkResolver.cpp, line 804]
Event: 5.016 Thread 0x000002a89cb5fd00 Exception <a 'java/lang/NoSuchMethodError'{0x00000007ffee48d0}: 'void java.lang.invoke.DelegatingMethodHandle$Holder.delegate(java.lang.Object, java.lang.Object, int, java.lang.Object)'> (0x00000007ffee48d0) 
thrown [s\open\src\hotspot\share\interpreter\linkResolver.cpp, line 804]
Event: 5.077 Thread 0x000002a89cb5fd00 Exception <a 'java/lang/NoSuchMethodError'{0x0000000746c6ef98}: 'void java.lang.invoke.DirectMethodHandle$Holder.invokeInterface(java.lang.Object, java.lang.Object, int)'> (0x0000000746c6ef98) 
thrown [s\open\src\hotspot\share\interpreter\linkResolver.cpp, line 804]
Event: 5.084 Thread 0x000002a89cb5fd00 Exception <a 'java/lang/IncompatibleClassChangeError'{0x0000000746d33a58}: Found class java.lang.Object, but interface was expected> (0x0000000746d33a58) 
thrown [s\open\src\hotspot\share\interpreter\linkResolver.cpp, line 871]
Event: 5.086 Thread 0x000002a89cb5fd00 Exception <a 'java/lang/NoSuchMethodError'{0x0000000746d5c308}: 'int java.lang.invoke.DirectMethodHandle$Holder.invokeSpecialIFC(java.lang.Object, java.lang.Object, java.lang.Object)'> (0x0000000746d5c308) 
thrown [s\open\src\hotspot\share\interpreter\linkResolver.cpp, line 804]
Event: 5.089 Thread 0x000002a89cb5fd00 Exception <a 'java/lang/NoSuchMethodError'{0x0000000746d94de0}: 'void java.lang.invoke.DirectMethodHandle$Holder.invokeStatic(java.lang.Object, int, java.lang.Object)'> (0x0000000746d94de0) 
thrown [s\open\src\hotspot\share\interpreter\linkResolver.cpp, line 804]
Event: 5.110 Thread 0x000002a89cb5fd00 Exception <a 'java/lang/NoSuchMethodError'{0x0000000746a1d948}: 'void java.lang.invoke.DirectMethodHandle$Holder.invokeStatic(java.lang.Object, java.lang.Object, java.lang.Object, int, java.lang.Object)'> (0x0000000746a1d948) 
thrown [s\open\src\hotspot\share\interpreter\linkResolver.cpp, line 804]
Event: 5.254 Thread 0x000002a89cb5fd00 Exception <a 'java/lang/NoSuchMethodError'{0x00000007467492e0}: 'java.lang.Object java.lang.invoke.DirectMethodHandle$Holder.invokeStaticInit(java.lang.Object, int, int, int, int)'> (0x00000007467492e0) 
thrown [s\open\src\hotspot\share\interpreter\linkResolver.cpp, line 804]
Event: 5.286 Thread 0x000002a89cb5fd00 Exception <a 'java/lang/NoSuchMethodError'{0x00000007467a5f58}: 'java.lang.Object java.lang.invoke.DirectMethodHandle$Holder.invokeStaticInit(java.lang.Object, java.lang.Object, int, int, int, int)'> (0x00000007467a5f58) 
thrown [s\open\src\hotspot\share\interpreter\linkResolver.cpp, line 804]
Event: 5.451 Thread 0x000002a89cb5fd00 Exception <a 'java/lang/NoSuchMethodError'{0x00000007ffeeffd0}: 'int java.lang.invoke.DirectMethodHandle$Holder.invokeVirtual(java.lang.Object, java.lang.Object, java.lang.Object, java.lang.Object)'> (0x00000007ffeeffd0) 
thrown [s\open\src\hotspot\share\interpreter\linkResolver.cpp, line 804]
Event: 5.577 Thread 0x000002a89cb5fd00 Exception <a 'java/io/FileNotFoundException'{0x0000000746cdf098}> (0x0000000746cdf098) 
thrown [s\open\src\hotspot\share\prims\jni.cpp, line 514]
Event: 5.640 Thread 0x000002a89cb5fd00 Exception <a 'java/lang/NoSuchMethodError'{0x0000000746a4cf18}: 'int java.lang.invoke.DirectMethodHandle$Holder.invokeInterface(java.lang.Object, java.lang.Object, java.lang.Object, java.lang.Object)'> (0x0000000746a4cf18) 
thrown [s\open\src\hotspot\share\interpreter\linkResolver.cpp, line 804]
Event: 5.771 Thread 0x000002a89cb5fd00 Exception <a 'java/lang/NoSuchMethodError'{0x0000000746848390}: 'long java.lang.invoke.DirectMethodHandle$Holder.invokeVirtual(java.lang.Object, java.lang.Object)'> (0x0000000746848390) 
thrown [s\open\src\hotspot\share\interpreter\linkResolver.cpp, line 804]
Event: 5.918 Thread 0x000002a89cb5fd00 Exception <a 'java/lang/NoSuchMethodError'{0x00000007465fc2e8}: 'java.lang.Object java.lang.invoke.DirectMethodHandle$Holder.newInvokeSpecial(java.lang.Object, java.lang.Object, java.lang.Object, java.lang.Object, java.lang.Object, java.lang.Object, java.lang.Object, java.lang.Object, java.lang.Object, java.lang.Object, java.lang.Object)'> (0x00000007465fc2e8) 
thrown [s\open\src\hotspot\share\interpreter\linkResolver.cpp, line 804]
Event: 5.938 Thread 0x000002a89cb5fd00 Exception <a 'java/lang/NoSuchMethodError'{0x00000007ffe43c70}: 'java.lang.Object java.lang.invoke.DirectMethodHandle$Holder.invokeStatic(java.lang.Object, java.lang.Object, java.lang.Object, java.lang.Object, java.lang.Object, java.lang.Object, java.lang.Object, java.lang.Object, java.lang.Object)'> (0x00000007ffe43c70) 
thrown [s\open\src\hotspot\share\interpreter\linkResolver.cpp, line 804]
Event: 6.096 Thread 0x000002a89cb5fd00 Exception <a 'java/lang/NoSuchMethodError'{0x0000000747b5b3d0}: 'void java.lang.invoke.DelegatingMethodHandle$Holder.reinvoke_L(java.lang.Object, java.lang.Object, java.lang.Object, java.lang.Object, int, java.lang.Object, java.lang.Object, java.lang.Object)'> (0x0000000747b5b3d0) 
thrown [s\open\src\hotspot\share\interpreter\linkResolver.cpp, line 804]
Event: 6.104 Thread 0x000002a89cb5fd00 Exception <a 'java/lang/NoSuchMethodError'{0x0000000747baf3a0}: 'java.lang.Object java.lang.invoke.DirectMethodHandle$Holder.invokeStatic(java.lang.Object, java.lang.Object, java.lang.Object, java.lang.Object, java.lang.Object, java.lang.Object, java.lang.Object, java.lang.Object, java.lang.Object, java.lang.Object)'> (0x0000000747baf3a0) 
thrown [s\open\src\hotspot\share\interpreter\linkResolver.cpp, line 804]

VM Operations (20 events):
Event: 5.517 Executing non-safepoint VM operation: HandshakeAllThreads (Deoptimize)
Event: 5.517 Executing non-safepoint VM operation: HandshakeAllThreads (Deoptimize) done
Event: 5.562 Executing non-safepoint VM operation: HandshakeAllThreads (Deoptimize)
Event: 5.562 Executing non-safepoint VM operation: HandshakeAllThreads (Deoptimize) done
Event: 5.724 Executing non-safepoint VM operation: HandshakeAllThreads (Deoptimize)
Event: 5.724 Executing non-safepoint VM operation: HandshakeAllThreads (Deoptimize) done
Event: 5.725 Executing non-safepoint VM operation: HandshakeAllThreads (Deoptimize)
Event: 5.725 Executing non-safepoint VM operation: HandshakeAllThreads (Deoptimize) done
Event: 5.785 Executing non-safepoint VM operation: HandshakeAllThreads (Deoptimize)
Event: 5.785 Executing non-safepoint VM operation: HandshakeAllThreads (Deoptimize) done
Event: 5.813 Executing non-safepoint VM operation: HandshakeAllThreads (Deoptimize)
Event: 5.813 Executing non-safepoint VM operation: HandshakeAllThreads (Deoptimize) done
Event: 5.909 Executing non-safepoint VM operation: HandshakeAllThreads (Deoptimize)
Event: 5.909 Executing non-safepoint VM operation: HandshakeAllThreads (Deoptimize) done
Event: 5.918 Executing safepoint VM operation: G1CollectForAllocation (G1 Evacuation Pause)
Event: 5.921 Executing safepoint VM operation: G1CollectForAllocation (G1 Evacuation Pause) done
Event: 5.940 Executing safepoint VM operation: G1PauseRemark
Event: 5.945 Executing safepoint VM operation: G1PauseRemark done
Event: 5.953 Executing safepoint VM operation: G1PauseCleanup
Event: 5.956 Executing safepoint VM operation: G1PauseCleanup done

Memory protections (0 events):
No events

Nmethod flushes (20 events):
Event: 5.944 Thread 0x000002a89f04e6c0 flushing  nmethod 0x000002a8a7d9bd08
Event: 5.944 Thread 0x000002a89f04e6c0 flushing  nmethod 0x000002a8a7d9c188
Event: 5.944 Thread 0x000002a89f04e6c0 flushing  nmethod 0x000002a8a7dbfa88
Event: 5.944 Thread 0x000002a89f04e6c0 flushing  nmethod 0x000002a8a7dc4b08
Event: 5.944 Thread 0x000002a89f04e6c0 flushing  nmethod 0x000002a8a7df2108
Event: 5.944 Thread 0x000002a89f04e6c0 flushing  nmethod 0x000002a8a7df3508
Event: 5.944 Thread 0x000002a89f04e6c0 flushing  nmethod 0x000002a8a7df3908
Event: 5.944 Thread 0x000002a89f04e6c0 flushing  nmethod 0x000002a8a7e95c88
Event: 5.944 Thread 0x000002a89f04e6c0 flushing  nmethod 0x000002a8a7edd208
Event: 5.944 Thread 0x000002a89f04e6c0 flushing  nmethod 0x000002a8a7edee88
Event: 5.944 Thread 0x000002a89f04e6c0 flushing  nmethod 0x000002a8a7edfd08
Event: 5.944 Thread 0x000002a89f04e6c0 flushing  nmethod 0x000002a8a7f10388
Event: 5.944 Thread 0x000002a89f04e6c0 flushing  nmethod 0x000002a8a7f14f88
Event: 5.944 Thread 0x000002a89f04e6c0 flushing  nmethod 0x000002a8a7f15608
Event: 5.944 Thread 0x000002a89f04e6c0 flushing  nmethod 0x000002a8a7f15c08
Event: 5.944 Thread 0x000002a89f04e6c0 flushing  nmethod 0x000002a8a7f16d08
Event: 5.944 Thread 0x000002a89f04e6c0 flushing  nmethod 0x000002a8a7f17588
Event: 5.944 Thread 0x000002a89f04e6c0 flushing  nmethod 0x000002a8a7f18388
Event: 5.944 Thread 0x000002a89f04e6c0 flushing  nmethod 0x000002a8a7fce908
Event: 5.944 Thread 0x000002a89f04e6c0 flushing  nmethod 0x000002a8a7fd0688

Events (20 events):
Event: 0.187 Thread 0x000002a89cb5fd00 Thread added: 0x000002a8bd682fb0
Event: 0.187 Thread 0x000002a89cb5fd00 Thread added: 0x000002a8bd684b70
Event: 0.188 Thread 0x000002a89cb5fd00 Thread added: 0x000002a8bd688e80
Event: 0.188 Thread 0x000002a89cb5fd00 Thread added: 0x000002a8bd68f160
Event: 0.189 Thread 0x000002a89cb5fd00 Thread added: 0x000002a8bd6985c0
Event: 0.189 Thread 0x000002a89cb5fd00 Thread added: 0x000002a8bd6acdf0
Event: 0.323 Thread 0x000002a89cb5fd00 JVMTI - enter start phase
Event: 0.323 Thread 0x000002a89cb5fd00 JVMTI - enter live phase
Event: 0.340 Thread 0x000002a89cb5fd00 Thread added: 0x000002a8bd6d9130
Event: 0.369 Thread 0x000002a8bd6985c0 Thread added: 0x000002a8bd8b3d50
Event: 0.545 Thread 0x000002a89cb5fd00 Thread added: 0x000002a8bd6d9900
Event: 0.547 Thread 0x000002a89cb5fd00 Thread added: 0x000002a8bd6da0d0
Event: 1.965 Thread 0x000002a89cb5fd00 Thread added: 0x000002a8bd6da8a0
Event: 2.629 Thread 0x000002a89cb5fd00 Thread added: 0x000002a8c2ad9f00
Event: 2.674 Thread 0x000002a8c2ad9f00 Thread exited: 0x000002a8c2ad9f00
Event: 3.056 Thread 0x000002a8bd6da8a0 Thread exited: 0x000002a8bd6da8a0
Event: 5.793 Thread 0x000002a89cb5fd00 Thread added: 0x000002a8c2adcde0
Event: 5.795 Thread 0x000002a89cb5fd00 Thread added: 0x000002a8c2add5b0
Event: 5.800 Thread 0x000002a89cb5fd00 Thread added: 0x000002a8c2adc610
Event: 5.855 Thread 0x000002a89cb5fd00 Thread added: 0x000002a8c2ade550


Dynamic libraries:
0x00007ff7a2ea0000 - 0x00007ff7a2eb0000 	C:\Program Files\Java\jdk-26.0.2.1\bin\java.exe
0x00007ffc7e020000 - 0x00007ffc7e287000 	C:\WINDOWS\SYSTEM32\ntdll.dll
0x00007ffc7d160000 - 0x00007ffc7d22b000 	C:\WINDOWS\System32\KERNEL32.DLL
0x00007ffc7b220000 - 0x00007ffc7b622000 	C:\WINDOWS\System32\KERNELBASE.dll
0x00007ffc7b630000 - 0x00007ffc7b77c000 	C:\WINDOWS\System32\ucrtbase.dll
0x00007ffc71b30000 - 0x00007ffc71b4e000 	C:\Program Files\Java\jdk-26.0.2.1\bin\VCRUNTIME140.dll
0x00007ffc651f0000 - 0x00007ffc65207000 	C:\Program Files\Java\jdk-26.0.2.1\bin\jli.dll
0x00007ffc7c170000 - 0x00007ffc7c33f000 	C:\WINDOWS\System32\USER32.dll
0x00007ffc7b790000 - 0x00007ffc7b7b7000 	C:\WINDOWS\System32\win32u.dll
0x00007ffc7cd20000 - 0x00007ffc7cd4b000 	C:\WINDOWS\System32\GDI32.dll
0x00007ffc5fd70000 - 0x00007ffc60000000 	C:\WINDOWS\WinSxS\amd64_microsoft.windows.common-controls_6595b64144ccf1df_6.0.26100.9278_none_3e0d1ba8e3303201\COMCTL32.dll
0x00007ffc7b850000 - 0x00007ffc7b979000 	C:\WINDOWS\System32\gdi32full.dll
0x00007ffc7bbd0000 - 0x00007ffc7bc73000 	C:\WINDOWS\System32\msvcp_win.dll
0x00007ffc7cc10000 - 0x00007ffc7ccb9000 	C:\WINDOWS\System32\msvcrt.dll
0x00007ffc7ddb0000 - 0x00007ffc7dde1000 	C:\WINDOWS\System32\IMM32.DLL
0x00007ffc70b70000 - 0x00007ffc70b7c000 	C:\Program Files\Java\jdk-26.0.2.1\bin\vcruntime140_1.dll
0x00007ffc55d10000 - 0x00007ffc55d9d000 	C:\Program Files\Java\jdk-26.0.2.1\bin\msvcp140.dll
0x00007ffbb5130000 - 0x00007ffbb6001000 	C:\Program Files\Java\jdk-26.0.2.1\bin\server\jvm.dll
0x00007ffc7dce0000 - 0x00007ffc7dd9c000 	C:\WINDOWS\System32\ADVAPI32.dll
0x00007ffc7d250000 - 0x00007ffc7d2f9000 	C:\WINDOWS\System32\sechost.dll
0x00007ffc7d3b0000 - 0x00007ffc7d4c8000 	C:\WINDOWS\System32\RPCRT4.dll
0x00007ffc7d300000 - 0x00007ffc7d380000 	C:\WINDOWS\System32\WS2_32.dll
0x00007ffc7b080000 - 0x00007ffc7b0de000 	C:\WINDOWS\SYSTEM32\POWRPROF.dll
0x00007ffc75890000 - 0x00007ffc758c6000 	C:\WINDOWS\SYSTEM32\WINMM.dll
0x00007ffc756d0000 - 0x00007ffc756db000 	C:\WINDOWS\SYSTEM32\VERSION.dll
0x00007ffc7b060000 - 0x00007ffc7b075000 	C:\WINDOWS\SYSTEM32\UMPDC.dll
0x00007ffc79ed0000 - 0x00007ffc79eeb000 	C:\WINDOWS\SYSTEM32\kernel.appcore.dll
0x00007ffc5f4f0000 - 0x00007ffc5f4fa000 	C:\Program Files\Java\jdk-26.0.2.1\bin\jimage.dll
0x00007ffc786b0000 - 0x00007ffc788fc000 	C:\WINDOWS\SYSTEM32\DBGHELP.DLL
0x00007ffc7bd40000 - 0x00007ffc7c0c5000 	C:\WINDOWS\System32\combase.dll
0x00007ffc7d4d0000 - 0x00007ffc7d5a9000 	C:\WINDOWS\System32\OLEAUT32.dll
0x00007ffc53130000 - 0x00007ffc5316b000 	C:\WINDOWS\SYSTEM32\dbgcore.DLL
0x00007ffc7b980000 - 0x00007ffc7ba2c000 	C:\WINDOWS\System32\bcryptPrimitives.dll
0x00007ffc5f400000 - 0x00007ffc5f410000 	C:\Program Files\Java\jdk-26.0.2.1\bin\instrument.dll
0x00007ffc5f3c0000 - 0x00007ffc5f3df000 	C:\Program Files\Java\jdk-26.0.2.1\bin\java.dll
0x00007ffc7cd50000 - 0x00007ffc7ceea000 	C:\WINDOWS\System32\ole32.dll
0x00007ffc7c450000 - 0x00007ffc7cbe8000 	C:\WINDOWS\System32\SHELL32.dll
0x00007ffc78c40000 - 0x00007ffc794ee000 	C:\WINDOWS\SYSTEM32\windows.storage.dll
0x00007ffc7c350000 - 0x00007ffc7c44b000 	C:\WINDOWS\System32\SHCORE.dll
0x00007ffc7c0d0000 - 0x00007ffc7c136000 	C:\WINDOWS\System32\shlwapi.dll
0x00007ffc7b140000 - 0x00007ffc7b169000 	C:\WINDOWS\SYSTEM32\profapi.dll
0x00007ffc5f0e0000 - 0x00007ffc5f0f6000 	C:\Program Files\Java\jdk-26.0.2.1\bin\zip.dll
0x00007ffc5f150000 - 0x00007ffc5f162000 	C:\Program Files\Java\jdk-26.0.2.1\bin\net.dll
0x00007ffc7a4b0000 - 0x00007ffc7a51c000 	C:\WINDOWS\system32\mswsock.dll
0x00007ffc5f130000 - 0x00007ffc5f146000 	C:\Program Files\Java\jdk-26.0.2.1\bin\nio.dll
0x00007ffc5f1b0000 - 0x00007ffc5f1b9000 	C:\Program Files\Java\jdk-26.0.2.1\bin\extnet.dll
0x00007ffc5f0d0000 - 0x00007ffc5f0de000 	C:\Program Files\Java\jdk-26.0.2.1\bin\sunmscapi.dll
0x00007ffc7ba40000 - 0x00007ffc7bbbe000 	C:\WINDOWS\System32\CRYPT32.dll
0x00007ffc7a9e0000 - 0x00007ffc7aa10000 	C:\WINDOWS\SYSTEM32\ncrypt.dll
0x00007ffc7a990000 - 0x00007ffc7a9cf000 	C:\WINDOWS\SYSTEM32\NTASN1.dll
0x00007ffc7a7a0000 - 0x00007ffc7a7bb000 	C:\WINDOWS\SYSTEM32\CRYPTSP.dll
0x00007ffc79e30000 - 0x00007ffc79e69000 	C:\WINDOWS\system32\rsaenh.dll
0x00007ffc7a560000 - 0x00007ffc7a594000 	C:\WINDOWS\SYSTEM32\USERENV.dll
0x00007ffc7b110000 - 0x00007ffc7b13a000 	C:\WINDOWS\SYSTEM32\bcrypt.dll
0x00007ffc7a7c0000 - 0x00007ffc7a7cc000 	C:\WINDOWS\SYSTEM32\CRYPTBASE.dll
0x00007ffc79870000 - 0x00007ffc798a3000 	C:\WINDOWS\SYSTEM32\IPHLPAPI.DLL
0x00007ffc7d240000 - 0x00007ffc7d24a000 	C:\WINDOWS\System32\NSI.dll
0x00007ffc5f0c0000 - 0x00007ffc5f0ca000 	C:\Program Files\Java\jdk-26.0.2.1\bin\management.dll
0x00007ffc5f070000 - 0x00007ffc5f07c000 	C:\Program Files\Java\jdk-26.0.2.1\bin\management_ext.dll
0x00007ffc7dfd0000 - 0x00007ffc7dfd8000 	C:\WINDOWS\System32\PSAPI.DLL

JVMTI agents:
C:\Program Files\JetBrains\IntelliJ IDEA 2026.1.2\lib\idea_rt.jar path:C:\Program Files\Java\jdk-26.0.2.1\bin\instrument.dll, loaded, initialized, instrumentlib options:57282

dbghelp: loaded successfully - version: 4.0.5 - missing functions: none
symbol engine: initialized successfully - sym options: 0x614 - pdb path: .;C:\Program Files\Java\jdk-26.0.2.1\bin;C:\WINDOWS\SYSTEM32;C:\WINDOWS\WinSxS\amd64_microsoft.windows.common-controls_6595b64144ccf1df_6.0.26100.9278_none_3e0d1ba8e3303201;C:\Program Files\Java\jdk-26.0.2.1\bin\server

VM Arguments:
jvm_args: -javaagent:C:\Program Files\JetBrains\IntelliJ IDEA 2026.1.2\lib\idea_rt.jar=57282 -Dfile.encoding=UTF-8 -Dsun.stdout.encoding=UTF-8 -Dsun.stderr.encoding=UTF-8 
java_command: com.smartmedi.SmartMediApplication
java_class_path (initial): C:\Users\nethu\Downloads\smartmedi-prescription-module\smartmedi-prescription\target\classes;C:\Users\nethu\.m2\repository\org\springframework\boot\spring-boot-starter-web\3.3.5\spring-boot-starter-web-3.3.5.jar;C:\Users\nethu\.m2\repository\org\springframework\boot\spring-boot-starter\3.3.5\spring-boot-starter-3.3.5.jar;C:\Users\nethu\.m2\repository\org\springframework\boot\spring-boot\3.3.5\spring-boot-3.3.5.jar;C:\Users\nethu\.m2\repository\org\springframework\boot\spring-boot-autoconfigure\3.3.5\spring-boot-autoconfigure-3.3.5.jar;C:\Users\nethu\.m2\repository\org\springframework\boot\spring-boot-starter-logging\3.3.5\spring-boot-starter-logging-3.3.5.jar;C:\Users\nethu\.m2\repository\ch\qos\logback\logback-classic\1.5.11\logback-classic-1.5.11.jar;C:\Users\nethu\.m2\repository\ch\qos\logback\logback-core\1.5.11\logback-core-1.5.11.jar;C:\Users\nethu\.m2\repository\org\apache\logging\log4j\log4j-to-slf4j\2.23.1\log4j-to-slf4j-2.23.1.jar;C:\Users\nethu\.m2\repository\org\apache\logging\log4j\log4j-api\2.23.1\log4j-api-2.23.1.jar;C:\Users\nethu\.m2\repository\org\slf4j\jul-to-slf4j\2.0.16\jul-to-slf4j-2.0.16.jar;C:\Users\nethu\.m2\repository\jakarta\annotation\jakarta.annotation-api\2.1.1\jakarta.annotation-api-2.1.1.jar;C:\Users\nethu\.m2\repository\org\yaml\snakeyaml\2.2\snakeyaml-2.2.jar;C:\Users\nethu\.m2\repository\org\springframework\boot\spring-boot-starter-json\3.3.5\spring-boot-starter-json-3.3.5.jar;C:\Users\nethu\.m2\repository\com\fasterxml\jackson\core\jackson-databind\2.17.2\jackson-databind-2.17.2.jar;C:\Users\nethu\.m2\repository\com\fasterxml\jackson\core\jackson-annotations\2.17.2\jackson-annotations-2.17.2.jar;C:\Users\nethu\.m2\repository\com\fasterxml\jackson\core\jackson-core\2.17.2\jackson-core-2.17.2.jar;C:\Users\nethu\.m2\repository\com\fasterxml\jackson\datatype\jackson-datatype-jdk8\2.17.2\jackson-datatype-jdk8-2.17.2.jar;C:\Users\nethu\.m2\repository\com\fasterxml\jackson\datatype\jackson-datatype-jsr310\2.17.2\jackson-datatype-jsr310-2.17.2.jar;C:\Users\nethu\.m2\repository\com\fasterxml\jackson\module\jackson-module-parameter-names\2.17.2\jackson-module-parameter-names-2.17.2.jar;C:\Users\nethu\.m2\repository\org\springframework\boot\spring-boot-starter-tomcat\3.3.5\spring-boot-starter-tomcat-3.3.5.jar;C:\Users\nethu\.m2\repository\org\apache\tomcat\embed\tomcat-embed-core\10.1.31\tomcat-embed-core-10.1.31.jar;C:\Users\nethu\.m2\repository\org\apache\tomcat\embed\tomcat-embed-websocket\10.1.31\tomcat-embed-websocket-10.1.31.jar;C:\Users\nethu\.m2\repository\org\springframework\spring-web\6.1.14\spring-web-6.1.14.jar;C:\Users\nethu\.m2\repository\org\springframework\spring-beans\6.1.14\spring-beans-6.1.14.jar;C:\Users\nethu\.m2\repository\io\micrometer\micrometer-observation\1.13.6\micrometer-observation-1.13.6.jar;C:\Users\nethu\.m2\repository\io\micrometer\micrometer-commons\1.13.6\micrometer-commons-1.13.6.jar;C:\Users\nethu\.m2\repository\org\springframework\spring-webmvc\6.1.14\spring-webmvc-6.1.14.jar;C:\Users\nethu\.m2\repository\org\springframework\spring-aop\6.1.14\spring-aop-6.1.14.jar;C:\Users\nethu\.m2\repository\org\springframework\spring-context\6.1.14\spring-context-6.1.14.jar;C:\Users\nethu\.m2\repository\org\springframework\spring-expression\6.1.14\spring-expression-6.1.14.jar;C:\Users\nethu\.m2\repository\org\springframework\boot\spring-boot-starter-data-jpa\3.3.5\spring-boot-starter-data-jpa-3.3.5.jar;C:\Users\nethu\.m2\repository\org\springframework\boot\spring-boot-starter-aop\3.3.5\spring-boot-starter-aop-3.3.5.jar;C:\Users\nethu\.m2\repository\org\aspectj\aspectjweaver\1.9.22.1\aspectjweaver-1.9.22.1.jar;C:\Users\nethu\.m2\repository\org\springframework\boot\spring-boot-starter-jdbc\3.3.5\spring-boot-starter-jdbc-3.3.5.jar;C:\Users\nethu\.m2\repository\com\zaxxer\HikariCP\5.1.0\HikariCP-5.1.0.jar;C:\Users\nethu\.m2\repository\org\springframework\spring-jdbc\6.1.14\spring-jdbc-6.1.14.jar;C:\Users\nethu\.m2\repository\org\hibernate\orm\hibernate-core\6.5.3.Final\hibernate-core-6.5.3.Final.jar;C:\Users\nethu\.m2\repository\jakarta\persistence\jakarta.persistence-api\3.1.0\jakarta.persistence-api-3.1.0.jar;C:\Users\nethu\.m2\repository\jakarta\transaction\jakarta.transaction-api\2.0.1\jakarta.transaction-api-2.0.1.jar;C:\Users\nethu\.m2\repository\org\jboss\logging\jboss-logging\3.5.3.Final\jboss-logging-3.5.3.Final.jar;C:\Users\nethu\.m2\repository\org\hibernate\common\hibernate-commons-annotations\6.0.6.Final\hibernate-commons-annotations-6.0.6.Final.jar;C:\Users\nethu\.m2\repository\io\smallrye\jandex\3.1.2\jandex-3.1.2.jar;C:\Users\nethu\.m2\repository\com\fasterxml\classmate\1.7.0\classmate-1.7.0.jar;C:\Users\nethu\.m2\repository\net\bytebuddy\byte-buddy\1.14.19\byte-buddy-1.14.19.jar;C:\Users\nethu\.m2\repository\org\glassfish\jaxb\jaxb-runtime\4.0.5\jaxb-runtime-4.0.5.jar;C:\Users\nethu\.m2\repository\org\glassfish\jaxb\jaxb-core\4.0.5\jaxb-core-4.0.5.jar;C:\Users\nethu\.m2\repository\org\eclipse\angus\angus-activation\2.0.2\angus-activation-2.0.2.jar;C:\Users\nethu\.m2\repository\org\glassfish\jaxb\txw2\4.0.5\txw2-4.0.5.jar;C:\Users\nethu\.m2\repository\com\sun\istack\istack-commons-runtime\4.1.2\istack-commons-runtime-4.1.2.jar;C:\Users\nethu\.m2\repository\jakarta\inject\jakarta.inject-api\2.0.1\jakarta.inject-api-2.0.1.jar;C:\Users\nethu\.m2\repository\org\antlr\antlr4-runtime\4.13.0\antlr4-runtime-4.13.0.jar;C:\Users\nethu\.m2\repository\org\springframework\data\spring-data-jpa\3.3.5\spring-data-jpa-3.3.5.jar;C:\Users\nethu\.m2\repository\org\springframework\data\spring-data-commons\3.3.5\spring-data-commons-3.3.5.jar;C:\Users\nethu\.m2\repository\org\springframework\spring-orm\6.1.14\spring-orm-6.1.14.jar;C:\Users\nethu\.m2\repository\org\springframework\spring-tx\6.1.14\spring-tx-6.1.14.jar;C:\Users\nethu\.m2\repository\org\slf4j\slf4j-api\2.0.16\slf4j-api-2.0.16.jar;C:\Users\nethu\.m2\repository\org\springframework\spring-aspects\6.1.14\spring-aspects-6.1.14.jar;C:\Users\nethu\.m2\repository\org\springframework\boot\spring-boot-starter-validation\3.3.5\spring-boot-starter-validation-3.3.5.jar;C:\Users\nethu\.m2\repository\org\apache\tomcat\embed\tomcat-embed-el\10.1.31\tomcat-embed-el-10.1.31.jar;C:\Users\nethu\.m2\repository\org\hibernate\validator\hibernate-validator\8.0.1.Final\hibernate-validator-8.0.1.Final.jar;C:\Users\nethu\.m2\repository\jakarta\validation\jakarta.validation-api\3.0.2\jakarta.validation-api-3.0.2.jar;C:\Users\nethu\.m2\repository\com\h2database\h2\2.2.224\h2-2.2.224.jar;C:\Users\nethu\.m2\repository\com\mysql\mysql-connector-j\8.3.0\mysql-connector-j-8.3.0.jar;C:\Users\nethu\.m2\repository\jakarta\xml\bind\jakarta.xml.bind-api\4.0.2\jakarta.xml.bind-api-4.0.2.jar;C:\Users\nethu\.m2\repository\jakarta\activation\jakarta.activation-api\2.1.3\jakarta.activation-api-2.1.3.jar;C:\Users\nethu\.m2\repository\org\springframework\spring-core\6.1.14\spring-core-6.1.14.jar;C:\Users\nethu\.m2\repository\org\springframework\spring-jcl\6.1.14\spring-jcl-6.1.14.jar
Launcher Type: SUN_STANDARD

[Global flags]
     bool AOTAdapterCaching                        = false                                  {diagnostic} {ergonomic}
     bool AOTInvokeDynamicLinking                  = false                                  {diagnostic} {ergonomic}
     bool AOTRecordTraining                        = false                                  {diagnostic} {ergonomic}
     bool AOTReplayTraining                        = false                                  {diagnostic} {ergonomic}
     bool AOTStubCaching                           = false                                  {diagnostic} {ergonomic}
     intx CICompilerCount                          = 3                                         {product} {ergonomic}
     uint ConcGCThreads                            = 2                                         {product} {ergonomic}
     uint G1ConcRefinementThreads                  = 6                                         {product} {ergonomic}
     uint G1EagerReclaimRemSetThreshold            = 16                                   {experimental} {ergonomic}
   size_t G1HeapRegionSize                         = 2097152                                   {product} {ergonomic}
     uint G1RemSetArrayOfCardsEntries              = 16                                   {experimental} {ergonomic}
     uint G1RemSetHowlMaxNumBuckets                = 8                                    {experimental} {ergonomic}
     uint G1RemSetHowlNumBuckets                   = 8                                    {experimental} {ergonomic}
   size_t InitialHeapSize                          = 8388608                                   {product} {ergonomic}
     bool IntelJccErratumMitigation                = false                             {ARCH diagnostic} {ergonomic}
   size_t MarkStackSize                            = 4194304                                   {product} {ergonomic}
   size_t MarkStackSizeMax                         = 536870912                                 {product} {ergonomic}
   size_t MaxHeapSize                              = 3139436544                                {product} {ergonomic}
   size_t MaxNewSize                               = 1883242496                                {product} {ergonomic}
 uint64_t MaxRAM                                   = 12554289152                               {product} {ergonomic}
   size_t MinHeapDeltaBytes                        = 2097152                                   {product} {ergonomic}
   size_t MinHeapSize                              = 8388608                                   {product} {ergonomic}
   size_t NonNMethodCodeHeapSize                   = 5898240                                {pd product} {ergonomic}
   size_t NonProfiledCodeHeapSize                  = 122945536                              {pd product} {ergonomic}
   size_t ProfiledCodeHeapSize                     = 122945536                              {pd product} {ergonomic}
   size_t ReservedCodeCacheSize                    = 251789312                              {pd product} {ergonomic}
     bool SegmentedCodeCache                       = true                                      {product} {ergonomic}
   size_t SoftMaxHeapSize                          = 3139436544                             {manageable} {ergonomic}
     bool UseCompressedOops                        = true                           {product lp64_product} {ergonomic}
     bool UseCondCardMark                          = true                                      {product} {ergonomic}
     bool UseFastUnorderedTimeStamps               = true                                 {experimental} {ergonomic}
     bool UseG1GC                                  = true                                      {product} {ergonomic}
     bool UseLargePagesIndividualAllocation        = false                                  {pd product} {ergonomic}
      int X86ICacheSync                            = 3                                 {ARCH diagnostic} {ergonomic}

Logging:
Log output configuration:
 #0: stdout all=warning uptime,level,tags foldmultilines=false
 #1: stderr all=off uptime,level,tags foldmultilines=false

Release file:
IMPLEMENTOR="Oracle Corporation" 
JAVA_RUNTIME_VERSION="26.0.2.1+1-7" 
JAVA_VERSION="26.0.2.1" 
JAVA_VERSION_DATE="2026-08-18" 
LIBC="default" 
MODULES="java.base java.compiler java.datatransfer java.xml java.prefs java.desktop java.instrument java.logging java.management java.security.sasl java.naming java.rmi java.management.rmi java.net.http java.scripting java.security.jgss java.transaction.xa java.sql java.sql.rowset java.xml.crypto java.se java.smartcardio jdk.accessibility jdk.internal.jvmstat jdk.attach jdk.charsets jdk.internal.opt jdk.zipfs jdk.compiler jdk.crypto.cryptoki jdk.crypto.ec jdk.crypto.mscapi jdk.dynalink jdk.internal.ed jdk.editpad jdk.internal.vm.ci jdk.graal.compiler jdk.graal.compiler.management jdk.hotspot.agent jdk.httpserver jdk.incubator.vector jdk.internal.le jdk.internal.md jdk.jartool jdk.javadoc jdk.jcmd jdk.management jdk.management.agent jdk.jconsole jdk.jdeps jdk.jdwp.agent jdk.jdi jdk.jfr jdk.jlink jdk.jpackage jdk.jshell jdk.jstatd jdk.localedata jdk.management.jfr jdk.naming.dns jdk.naming.rmi jdk.net jdk.nio.mapmode jdk.sctp jdk.security.auth jdk.security.jgss jdk.unsupported jdk.unsupported.desktop jdk.xml.dom" 
OS_ARCH="x86_64" 
OS_NAME="Windows" 
SOURCE=".:git:0d9eee3548f0 open:git:d55edf1cba61" 

Environment Variables:
JAVA_HOME=C:\Program Files\Java\jdk-23
PATH=C:\Program Files\Common Files\Oracle\Java\javapath;C:\WINDOWS\system32;C:\WINDOWS;C:\WINDOWS\System32\Wbem;C:\WINDOWS\System32\WindowsPowerShell\v1.0\;C:\WINDOWS\System32\OpenSSH\;C:\Program Files\dotnet\;C:\Program Files\Microsoft SQL Server\Client SDK\ODBC\170\Tools\Binn\;C:\Program Files (x86)\Microsoft SQL Server\150\Tools\Binn\;C:\Program Files\Microsoft SQL Server\150\Tools\Binn\;C:\Program Files\Microsoft SQL Server\150\DTS\Binn\;C:\Program Files (x86)\Windows Kits\10\Windows Performance Toolkit\;C:\Program Files\Dell\MyDell\jdk-23_linux-aarch64_bin.tar.gz;C:\Program Files\Git\cmd;C:\Program Files\Microsoft SQL Server\Client SDK\ODBC\180\Tools\Binn\;C:\Program Files (x86)\Microsoft SQL Server\170\Tools\Binn\;C:\Program Files\Microsoft SQL Server\170\Tools\Binn\;C:\Program Files\Microsoft SQL Server\170\DTS\Binn\;C:\Program Files\Common Files\Oracle\Java\javapath;C:\WINDOWS\system32;C:\WINDOWS;C:\WINDOWS\System32\Wbem;C:\WINDOWS\System32\WindowsPowerShell\v1.0\;C:\WINDOWS\System32\OpenSSH\;C:\Program Files\dotnet\;C:\Program Files\Microsoft SQL Server\Client SDK\ODBC\170\Tools\Binn\;C:\Program Files (x86)\Microsoft SQL Server\150\Tools\Binn\;C:\Program Files\Microsoft SQL Server\150\Tools\Binn\;C:\Program Files\Microsoft SQL Server\150\DTS\Binn\;C:\Program Files (x86)\Microsoft SQL Server\160\DTS\Binn\;C:\Program Files (x86)\Windows Kits\10\Windows Performance Toolkit\;C:\Program Files\Git\cmd;C:\Program Files\Dell\MyDell\jdk-23_linux-aarch64_bin.tar.gz;C:\Users\nethu\AppData\Local\Programs\Python\Python312\Scripts\;C:\Users\nethu\AppData\Local\Programs\Python\Python312\;C:\Users\nethu\AppData\Local\Programs\Python\Launcher\;C:\Users\nethu\AppData\Local\Microsoft\WindowsApps;C:\Users\nethu\Downloads\Microsoft VS Code\bin;C:\Users\nethu\.dotnet\tools;C:\Users\nethu\AppData\Local\GitHubDesktop\bin;;C:\Users\YourName\App;C:\Program Files\JetBrains\PyCharm 2026.1.2\bin;C:\Program Files\JetBrains\IntelliJ IDEA 2026.1.2\bin
USERNAME=nethu
OS=Windows_NT
PROCESSOR_IDENTIFIER=Intel64 Family 6 Model 186 Stepping 3, GenuineIntel
TMP=C:\Users\nethu\AppData\Local\Temp
TEMP=C:\Users\nethu\AppData\Local\Temp




Compilation memory statistics disabled.

Periodic native trim disabled

---------------  S Y S T E M  ---------------

OS:
 Windows 11 , 64 bit Build 26100 (10.0.26100.9444)
OS uptime: 6 days 0:33 hours
Hyper-V role detected

CPU: total 6 (initial active 6) (hybrid) family 6 model 186 stepping 3 microcode 0x6134, cx8, cmov, fxsr, ht, mmx, 3dnowpref, sse, sse2, sse3, ssse3, sse4.1, sse4.2, popcnt, lzcnt, tsc, tscinvbit, avx, avx2, aes, erms, clmul, bmi1, bmi2, adx, sha, fma, vzeroupper, clflush, clflushopt, clwb, hv, serialize, rdtscp, rdpid, fsrm, gfni, f16c, cet_ibt, cet_ss, hybrid
Processor Information for processor 0
  Max Mhz: 1600, Current Mhz: 1600, Mhz Limit: 1600
Processor Information for processor 1
  Max Mhz: 1600, Current Mhz: 1600, Mhz Limit: 1600
Processor Information for processor 2
  Max Mhz: 1600, Current Mhz: 1466, Mhz Limit: 1600
Processor Information for processor 3
  Max Mhz: 1600, Current Mhz: 1600, Mhz Limit: 1600
Processor Information for processor 4
  Max Mhz: 1600, Current Mhz: 1466, Mhz Limit: 1600
Processor Information for processor 5
  Max Mhz: 1600, Current Mhz: 1600, Mhz Limit: 1600

Memory: 4k page, system-wide physical 11972M (451M free)
TotalPageFile size 37543M (AvailPageFile size 9M)
current process WorkingSet (physical memory assigned to process): 186M, peak: 187M
current process commit charge ("private bytes"): 224M, peak: 247M

vm_info: Java HotSpot(TM) 64-Bit Server VM (26.0.2.1+1-7) for windows-amd64 JRE (26.0.2.1+1-7), built on 2026-07-24T06:55:58Z with MS VC++ 17.13 (VS2022)

END.
