#
# There is insufficient memory for the Java Runtime Environment to continue.
# Native memory allocation (malloc) failed to allocate 946104 bytes. Error detail: Chunk::new
# Possible reasons:
#   The system is out of physical RAM or swap space
#   This process is running with CompressedOops enabled, and the Java Heap may be blocking the growth of the native heap
# Possible solutions:
#   Reduce memory load on the system
#   Increase physical memory or swap space
#   Check if swap backing store is full
#   Decrease Java heap size (-Xmx/-Xms)
#   Decrease number of Java threads
#   Decrease Java thread stack sizes (-Xss)
#   Set larger code cache with -XX:ReservedCodeCacheSize=
#   JVM is running with Zero Based Compressed Oops mode in which the Java heap is
#     placed in the first 32GB address space. The Java Heap base address is the
#     maximum limit for the native heap growth. Please use -XX:HeapBaseMinAddress
#     to set the Java Heap base and to place the Java Heap above 32GB virtual address.
# This output file may be truncated or incomplete.
#
#  Out of Memory Error (arena.cpp:193), pid=11340, tid=7936
#
# JRE version: Java(TM) SE Runtime Environment (26.0.2.1+1) (build 26.0.2.1+1-7)
# Java VM: Java HotSpot(TM) 64-Bit Server VM (26.0.2.1+1-7, mixed mode, sharing, tiered, compressed oops, compressed class ptrs, g1 gc, windows-amd64)
# No core dump will be written. Minidumps are not enabled by default on client versions of Windows
#

---------------  S U M M A R Y ------------

Command Line: -javaagent:C:\Program Files\JetBrains\IntelliJ IDEA 2026.1.2\lib\idea_rt.jar=55912 -Dfile.encoding=UTF-8 -Dsun.stdout.encoding=UTF-8 -Dsun.stderr.encoding=UTF-8 com.smartmedi.SmartMediApplication

Host: 13th Gen Intel(R) Core(TM) i3-1305U, 6 cores, 11G,  Windows 11 , 64 bit Build 26100 (10.0.26100.9444)
Time: Tue Sep 22 20:05:09 2026 Sri Lanka Standard Time elapsed time: 11.817958 seconds (0d 0h 0m 11s)

---------------  T H R E A D  ---------------

Current thread (0x000001fd73a91150):  JavaThread "C2 CompilerThread0" daemon [_thread_in_native, id=7936, stack(0x00000005d7800000,0x00000005d7900000) (1024K)]


Current CompileTask:
C2:11818 3856       4       org.springframework.beans.factory.support.AbstractBeanFactory::isTypeMatch (745 bytes)

Stack: [0x00000005d7800000,0x00000005d7900000]
Native frames: (J=compiled Java code, j=interpreted, Vv=VM code, C=native code)
V  [jvm.dll+0x7d6ea9]  (no source info available)
V  [jvm.dll+0x7a4dcd]  (no source info available)
V  [jvm.dll+0x9b2390]  (no source info available)
V  [jvm.dll+0x9b47e1]  (no source info available)
V  [jvm.dll+0x9b4ef3]  (no source info available)
V  [jvm.dll+0x30f4d6]  (no source info available)
V  [jvm.dll+0x11ddb6]  (no source info available)
V  [jvm.dll+0x11e0de]  (no source info available)
V  [jvm.dll+0x398151]  (no source info available)
V  [jvm.dll+0x6ef199]  (no source info available)
V  [jvm.dll+0x2dbc0a]  (no source info available)
V  [jvm.dll+0x2d401a]  (no source info available)
V  [jvm.dll+0x2d17cd]  (no source info available)
V  [jvm.dll+0x246d30]  (no source info available)
V  [jvm.dll+0x2e19dc]  (no source info available)
V  [jvm.dll+0x2dfbbd]  (no source info available)
V  [jvm.dll+0x4a5a61]  (no source info available)
V  [jvm.dll+0x950d59]  (no source info available)
V  [jvm.dll+0x7d8988]  (no source info available)
C  [ucrtbase.dll+0x2cd30]  (no source info available)
C  [KERNEL32.DLL+0x2cd87]  (no source info available)
C  [ntdll.dll+0xacaec]  (no source info available)

Lock stack of current Java thread (top to bottom):


---------------  P R O C E S S  ---------------

Threads class SMR info:
_java_thread_list=0x000001fd78da7ac0, length=12, elements={
0x000001fd5535af90, 0x000001fd73a5f580, 0x000001fd73a603d0, 0x000001fd73a649a0,
0x000001fd73a66560, 0x000001fd73a679e0, 0x000001fd73a69fa0, 0x000001fd73a91150,
0x000001fd73a93100, 0x000001fd73c4ee60, 0x000001fd780e5210, 0x000001fd780e5dd0
}

Java Threads: ( => current thread )
  0x000001fd5535af90 JavaThread "main"                              [_thread_in_native, id=15944, stack(0x00000005d6900000,0x00000005d6a00000) (1024K)]
  0x000001fd73a5f580 JavaThread "Reference Handler"          daemon [_thread_blocked, id=22180, stack(0x00000005d7200000,0x00000005d7300000) (1024K)]
  0x000001fd73a603d0 JavaThread "Finalizer"                  daemon [_thread_blocked, id=18948, stack(0x00000005d7300000,0x00000005d7400000) (1024K)]
  0x000001fd73a649a0 JavaThread "Signal Dispatcher"          daemon [_thread_blocked, id=4100, stack(0x00000005d7400000,0x00000005d7500000) (1024K)]
  0x000001fd73a66560 JavaThread "Attach Listener"            daemon [_thread_blocked, id=33036, stack(0x00000005d7500000,0x00000005d7600000) (1024K)]
  0x000001fd73a679e0 JavaThread "Service Thread"             daemon [_thread_blocked, id=26108, stack(0x00000005d7600000,0x00000005d7700000) (1024K)]
  0x000001fd73a69fa0 JavaThread "Monitor Deflation Thread"   daemon [_thread_blocked, id=32940, stack(0x00000005d7700000,0x00000005d7800000) (1024K)]
=>0x000001fd73a91150 JavaThread "C2 CompilerThread0"         daemon [_thread_in_native, id=7936, stack(0x00000005d7800000,0x00000005d7900000) (1024K)]
  0x000001fd73a93100 JavaThread "C1 CompilerThread0"         daemon [_thread_blocked, id=31828, stack(0x00000005d7900000,0x00000005d7a00000) (1024K)]
  0x000001fd73c4ee60 JavaThread "Common-Cleaner"             daemon [_thread_blocked, id=33316, stack(0x00000005d7a00000,0x00000005d7b00000) (1024K)]
  0x000001fd780e5210 JavaThread "Monitor Ctrl-Break"         daemon [_thread_in_native, id=35928, stack(0x00000005d7b00000,0x00000005d7c00000) (1024K)]
  0x000001fd780e5dd0 JavaThread "Notification Thread"        daemon [_thread_blocked, id=17000, stack(0x00000005d7d00000,0x00000005d7e00000) (1024K)]
Total: 12

Other Threads:
  0x000001fd55408370 VMThread "VM Thread"                           [id=33900, stack(0x00000005d7100000,0x00000005d7200000) (1024K)]
  0x000001fd73a3d000 WatcherThread "VM Periodic Task Thread"        [id=6780, stack(0x00000005d7000000,0x00000005d7100000) (1024K)]
  0x000001fd5539f5f0 WorkerThread "GC Thread#0"                     [id=22332, stack(0x00000005d6a00000,0x00000005d6b00000) (1024K)]
  0x000001fd55409d50 WorkerThread "GC Thread#1"                     [id=21728, stack(0x00000005d7c00000,0x00000005d7d00000) (1024K)]
  0x000001fd789273a0 WorkerThread "GC Thread#2"                     [id=11868, stack(0x00000005d7f00000,0x00000005d8000000) (1024K)]
  0x000001fd789277f0 WorkerThread "GC Thread#3"                     [id=8036, stack(0x00000005d8100000,0x00000005d8200000) (1024K)]
  0x000001fd789291d0 WorkerThread "GC Thread#4"                     [id=17696, stack(0x00000005d8200000,0x00000005d8300000) (1024K)]
  0x000001fd78927c40 WorkerThread "GC Thread#5"                     [id=24432, stack(0x00000005d8300000,0x00000005d8400000) (1024K)]
  0x000001fd553cfee0 ConcurrentGCThread "G1 Main Marker"            [id=36420, stack(0x00000005d6b00000,0x00000005d6c00000) (1024K)]
  0x000001fd553da380 WorkerThread "G1 Conc#0"                       [id=9920, stack(0x00000005d6c00000,0x00000005d6d00000) (1024K)]
  0x000001fd55409060 WorkerThread "G1 Conc#1"                       [id=10588, stack(0x00000005d7e00000,0x00000005d7f00000) (1024K)]
  0x000001fd55407230 WorkerThread "G1 Refinement Workers#0"         [id=32728, stack(0x00000005d6e00000,0x00000005d6f00000) (1024K)]
  0x000001fd55406620 ConcurrentGCThread "G1 Refine Control"         [id=28564, stack(0x00000005d6d00000,0x00000005d6e00000) (1024K)]
  0x000001fd5540c0e0 ConcurrentGCThread "G1 Service"                [id=26640, stack(0x00000005d6f00000,0x00000005d7000000) (1024K)]
Total: 14

Threads with active compile tasks:
C2 CompilerThread0  12075 3856       4       org.springframework.beans.factory.support.AbstractBeanFactory::isTypeMatch (745 bytes)
Total: 1

VM state: not at safepoint (normal execution)

VM Mutex/Monitor currently owned by a thread: None

Heap address: 0x0000000744e00000, size: 2994 MB, Compressed Oops mode: Zero based, Oop shift amount: 3

CDS archive(s) mapped at: [0x0000000098000000-0x0000000098de0000-0x0000000098de0000), size 14548992, SharedBaseAddress: 0x0000000098000000, ArchiveRelocationMode: 1.
Compressed class space mapped at: 0x0000000099000000-0x00000000d9000000, reserved size: 1073741824
UseCompressedClassPointers 1, UseCompactObjectHeaders 0
Narrow klass pointer bits 32, Max shift 3
Narrow klass base: 0x0000000098000000, Narrow klass shift: 0
Encoding Range: [0x0000000098000000 - 0x0000000198000000), (4294967296 bytes)
Klass Range:    [0x0000000098000000 - 0x00000000d9000000), (1090519040 bytes)
Klass ID Range:  [8 - 1090519033) (1090519025)
Protection zone: [0x0000000098000000 - 0x0000000098010000), (65536 bytes)

GC Precious Log:
 CardTable entry size: 512
 Card Set container configuration: InlinePtr #cards 4 size 8 Array Of Cards #cards 16 size 48 Howl #buckets 8 coarsen threshold 3686 Howl Bitmap #cards 512 size 80 coarsen threshold 460 Card regions per heap region 1 cards per card region 4096
 CPUs: 6 total, 6 available
 Memory: 11972M
 Large Page Support: Disabled
 NUMA Support: Disabled
 Compressed Oops: Enabled (Zero based)
 Heap Region Size: 2M
 Heap Min Capacity: 8M
 Heap Initial Capacity: 8M
 Heap Max Capacity: 2994M
 Pre-touch: Disabled
 Parallel Workers: 6
 Concurrent Workers: 2
 Concurrent Refinement Workers: 6
 Periodic GC: Disabled

Heap:
 garbage-first heap   total reserved 3065856K, committed 43008K, used 19699K [0x0000000744e00000, 0x0000000800000000)
  region size 2M, 3 eden (6M), 2 survivor (4M), 6 old (12M), 0 humongous (0M), 10 free (20M)

Heap Regions: E=young(eden), S=young(survivor), O=old, HS=humongous(starts), HC=humongous(continues), CS=collection set, F=free, TAMS=top-at-mark-start, PB=parsable bottom
|    0|0x0000000744e00000, 0x0000000745000000, 0x0000000745000000|100%| O|  |TAMS 0x0000000744e00000| PB 0x0000000744e00000| Untracked |  0
|    1|0x0000000745000000, 0x0000000745200000, 0x0000000745200000|100%| O|  |TAMS 0x0000000745000000| PB 0x0000000745000000| Untracked |  0
|    2|0x0000000745200000, 0x0000000745400000, 0x0000000745400000|100%| O|  |TAMS 0x0000000745200000| PB 0x0000000745200000| Untracked |  0
|    3|0x0000000745400000, 0x00000007455deaa8, 0x0000000745600000| 93%| O|  |TAMS 0x0000000745400000| PB 0x0000000745400000| Untracked |  0
|    4|0x0000000745600000, 0x0000000745600000, 0x0000000745800000|  0%| F|  |TAMS 0x0000000745600000| PB 0x0000000745600000| Untracked |  0
|    5|0x0000000745800000, 0x0000000745800000, 0x0000000745a00000|  0%| F|  |TAMS 0x0000000745800000| PB 0x0000000745800000| Untracked |  0
|    6|0x0000000745a00000, 0x0000000745b5e4d0, 0x0000000745c00000| 68%| S|CS|TAMS 0x0000000745a00000| PB 0x0000000745a00000| Complete  |  0
|    7|0x0000000745c00000, 0x0000000745e00000, 0x0000000745e00000|100%| S|CS|TAMS 0x0000000745c00000| PB 0x0000000745c00000| Complete  |  0
|    8|0x0000000745e00000, 0x0000000745e00000, 0x0000000746000000|  0%| F|  |TAMS 0x0000000745e00000| PB 0x0000000745e00000| Untracked |  0
|    9|0x0000000746000000, 0x0000000746000000, 0x0000000746200000|  0%| F|  |TAMS 0x0000000746000000| PB 0x0000000746000000| Untracked |  0
|   10|0x0000000746200000, 0x0000000746200000, 0x0000000746400000|  0%| F|  |TAMS 0x0000000746200000| PB 0x0000000746200000| Untracked |  0
|   11|0x0000000746400000, 0x0000000746400000, 0x0000000746600000|  0%| F|  |TAMS 0x0000000746400000| PB 0x0000000746400000| Untracked |  0
|   12|0x0000000746600000, 0x0000000746600000, 0x0000000746800000|  0%| F|  |TAMS 0x0000000746600000| PB 0x0000000746600000| Untracked |  0
|   13|0x0000000746800000, 0x0000000746800000, 0x0000000746a00000|  0%| F|  |TAMS 0x0000000746800000| PB 0x0000000746800000| Untracked |  0
|   14|0x0000000746a00000, 0x0000000746a00000, 0x0000000746c00000|  0%| F|  |TAMS 0x0000000746a00000| PB 0x0000000746a00000| Untracked |  0
|   15|0x0000000746c00000, 0x0000000746c00000, 0x0000000746e00000|  0%| F|  |TAMS 0x0000000746c00000| PB 0x0000000746c00000| Untracked |  0
|   16|0x0000000746e00000, 0x0000000746f326c8, 0x0000000747000000| 59%| E|CS|TAMS 0x0000000746e00000| PB 0x0000000746e00000| Complete  |  0
|   17|0x0000000747000000, 0x0000000747200000, 0x0000000747200000|100%| E|CS|TAMS 0x0000000747000000| PB 0x0000000747000000| Complete  |  0
| 1494|0x00000007ffa00000, 0x00000007ffc00000, 0x00000007ffc00000|100%| O|  |TAMS 0x00000007ffa00000| PB 0x00000007ffa00000| Untracked |  0
| 1495|0x00000007ffc00000, 0x00000007ffe00000, 0x00000007ffe00000|100%| O|  |TAMS 0x00000007ffc00000| PB 0x00000007ffc00000| Untracked |  0
| 1496|0x00000007ffe00000, 0x0000000800000000, 0x0000000800000000|100%| E|CS|TAMS 0x00000007ffe00000| PB 0x00000007ffe00000| Complete  |  0

Card table byte_map: [0x000001fd6d820000,0x000001fd6de00000] _byte_map_base: 0x000001fd69df9000
Refinement table byte_map: [0x000001fd6de00000,0x000001fd6e3e0000] _byte_map_base: 0x000001fd6a3d9000

Marking Bits: (CMBitMap*) 0x000001fd5539fd70
 Bits: [0x000001fd6e3e0000, 0x000001fd712a8000)

Polling page: 0x000001fd53130000

Metaspace:
Metaspace        used 25686K, committed 26048K, reserved 1114112K
 class space     used 3398K, committed 3584K, reserved 1048576K

Usage:
  Non-class:     21.77 MB used.
      Class:      3.32 MB used.
       Both:     25.08 MB used.

Virtual space:
  Non-class space:       64.00 MB reserved,      21.94 MB ( 34%) committed,  1 nodes.
      Class space:        1.00 GB reserved,       3.50 MB ( <1%) committed,  1 nodes.
             Both:        1.06 GB reserved,      25.44 MB (  2%) committed. 

Chunk freelists:
   Non-Class:  9.34 MB
       Class:  12.50 MB
        Both:  21.83 MB

MaxMetaspaceSize: unlimited
CompressedClassSpaceSize: 1.00 GB
Initial GC threshold: 21.00 MB
Current GC threshold: 35.12 MB
CDS: on
 - commit_granule_bytes: 65536.
 - commit_granule_words: 8192.
 - virtual_space_node_default_size: 8388608.
 - enlarge_chunks_in_place: 1.
UseCompressedClassPointers 1, UseCompactObjectHeaders 0
Narrow klass pointer bits 32, Max shift 3
Narrow klass base: 0x0000000098000000, Narrow klass shift: 0
Encoding Range: [0x0000000098000000 - 0x0000000198000000), (4294967296 bytes)
Klass Range:    [0x0000000098000000 - 0x00000000d9000000), (1090519040 bytes)
Klass ID Range:  [8 - 1090519033) (1090519025)
Protection zone: [0x0000000098000000 - 0x0000000098010000), (65536 bytes)


Internal statistics:

num_allocs_failed_limit: 3.
num_arena_births: 278.
num_arena_deaths: 0.
num_vsnodes_births: 2.
num_vsnodes_deaths: 0.
num_space_committed: 407.
num_space_uncommitted: 0.
num_chunks_returned_to_freelist: 3.
num_chunks_taken_from_freelist: 1125.
num_chunk_merges: 3.
num_chunk_splits: 818.
num_chunks_enlarged: 671.
num_inconsistent_stats: 0.

CodeHeap 'non-profiled nmethods': size=120064Kb used=1313Kb max_used=1313Kb free=118751Kb
 bounds [0x000001fd65ae0000, 0x000001fd65d50000, 0x000001fd6d020000]
CodeHeap 'profiled nmethods': size=120064Kb used=6320Kb max_used=6320Kb free=113743Kb
 bounds [0x000001fd5e000000, 0x000001fd5e630000, 0x000001fd65540000]
CodeHeap 'non-nmethods': size=5760Kb used=1443Kb max_used=1552Kb free=4316Kb
 bounds [0x000001fd65540000, 0x000001fd657b0000, 0x000001fd65ae0000]
CodeCache: size=245888Kb, used=9076Kb, max_used=9185Kb, free=236810Kb
 total_blobs=4366, nmethods=3804, adapters=465, full_count=0
Compilation: enabled, stopped_count=0, restarted_count=0

Compilation events (20 events):
Event: 11.638 Thread 0x000001fd73a93100 3869       1       org.springframework.core.annotation.AttributeMethods::hasNestedAnnotation (5 bytes)
Event: 11.639 Thread 0x000001fd73a93100 nmethod 3869 0x000001fd65c27b08 code [0x000001fd65c27c00, 0x000001fd65c27cb8]
Event: 11.666 Thread 0x000001fd73a93100 3872       3       java.util.Collections::unmodifiableList (51 bytes)
Event: 11.668 Thread 0x000001fd73a93100 nmethod 3872 0x000001fd5e621f88 code [0x000001fd5e622080, 0x000001fd5e622b50]
Event: 11.668 Thread 0x000001fd73a93100 3873       3       org.springframework.core.annotation.AnnotationTypeMapping$MirrorSets::updateFrom (148 bytes)
Event: 11.670 Thread 0x000001fd73a93100 nmethod 3873 0x000001fd5e622b88 code [0x000001fd5e622ca0, 0x000001fd5e6246f0]
Event: 11.674 Thread 0x000001fd73a93100 3874       3       java.util.HashMap::clear (50 bytes)
Event: 11.674 Thread 0x000001fd73a93100 nmethod 3874 0x000001fd5e624708 code [0x000001fd5e624800, 0x000001fd5e624b70]
Event: 11.678 Thread 0x000001fd73a93100 3875   !   3       jdk.proxy2.$Proxy54::annotationType (28 bytes)
Event: 11.679 Thread 0x000001fd73a93100 nmethod 3875 0x000001fd5e624b88 code [0x000001fd5e624c80, 0x000001fd5e625048]
Event: 11.688 Thread 0x000001fd73a93100 3876       3       org.springframework.aop.aspectj.annotation.AbstractAspectJAdvisorFactory::isAspect (15 bytes)
Event: 11.741 Thread 0x000001fd73a93100 nmethod 3876 0x000001fd5e625088 code [0x000001fd5e625180, 0x000001fd5e625308]
Event: 11.741 Thread 0x000001fd73a93100 3877       3       org.springframework.core.annotation.AnnotationUtils::findAnnotation (99 bytes)
Event: 11.744 Thread 0x000001fd73a93100 nmethod 3877 0x000001fd5e625388 code [0x000001fd5e625480, 0x000001fd5e627020]
Event: 11.744 Thread 0x000001fd73a93100 3878       3       org.springframework.beans.factory.annotation.AutowiredAnnotationBeanPostProcessor$$Lambda/0x0000000099341548::doWith (13 bytes)
Event: 11.745 Thread 0x000001fd73a93100 nmethod 3878 0x000001fd5e627088 code [0x000001fd5e627180, 0x000001fd5e6272d0]
Event: 11.758 Thread 0x000001fd73a93100 3879       3       org.springframework.beans.factory.support.AbstractBeanDefinition::<init> (7 bytes)
Event: 11.759 Thread 0x000001fd73a93100 nmethod 3879 0x000001fd5e627388 code [0x000001fd5e627480, 0x000001fd5e6275c8]
Event: 11.763 Thread 0x000001fd73a93100 3880       3       java.lang.reflect.AccessibleObject::checkAccess (40 bytes)
Event: 11.764 Thread 0x000001fd73a93100 nmethod 3880 0x000001fd5e627688 code [0x000001fd5e627780, 0x000001fd5e627b30]

GC Heap Usage History (20 events):
Event: 0.627 {heap Before GC invocations=0 (full 0):
 garbage-first heap   total reserved 3065856K, committed 10240K, used 3235K [0x0000000744e00000, 0x0000000800000000)
  region size 2M, 2 eden (4M), 0 survivor (0M), 1 old (2M), 0 humongous (0M), 2 free (4M)
}
Event: 0.631 {heap After GC invocations=1 (full 0):
 garbage-first heap   total reserved 3065856K, committed 10240K, used 3358K [0x0000000744e00000, 0x0000000800000000)
  region size 2M, 0 eden (0M), 1 survivor (2M), 2 old (4M), 0 humongous (0M), 2 free (4M)
}
Event: 0.700 {heap Before GC invocations=1 (full 0):
 garbage-first heap   total reserved 3065856K, committed 10240K, used 3358K [0x0000000744e00000, 0x0000000800000000)
  region size 2M, 1 eden (2M), 1 survivor (2M), 2 old (4M), 0 humongous (0M), 1 free (2M)
}
Event: 0.704 {heap After GC invocations=2 (full 0):
 garbage-first heap   total reserved 3065856K, committed 12288K, used 4857K [0x0000000744e00000, 0x0000000800000000)
  region size 2M, 0 eden (0M), 1 survivor (2M), 3 old (6M), 0 humongous (0M), 2 free (4M)
}
Event: 0.846 {heap Before GC invocations=2 (full 0):
 garbage-first heap   total reserved 3065856K, committed 12288K, used 6905K [0x0000000744e00000, 0x0000000800000000)
  region size 2M, 1 eden (2M), 1 survivor (2M), 3 old (6M), 0 humongous (0M), 1 free (2M)
}
Event: 0.851 {heap After GC invocations=3 (full 0):
 garbage-first heap   total reserved 3065856K, committed 12288K, used 5825K [0x0000000744e00000, 0x0000000800000000)
  region size 2M, 0 eden (0M), 1 survivor (2M), 3 old (6M), 0 humongous (0M), 2 free (4M)
}
Event: 0.999 {heap Before GC invocations=3 (full 0):
 garbage-first heap   total reserved 3065856K, committed 12288K, used 7873K [0x0000000744e00000, 0x0000000800000000)
  region size 2M, 1 eden (2M), 1 survivor (2M), 3 old (6M), 0 humongous (0M), 1 free (2M)
}
Event: 1.002 {heap After GC invocations=4 (full 0):
 garbage-first heap   total reserved 3065856K, committed 12288K, used 6382K [0x0000000744e00000, 0x0000000800000000)
  region size 2M, 0 eden (0M), 1 survivor (2M), 3 old (6M), 0 humongous (0M), 2 free (4M)
}
Event: 1.225 {heap Before GC invocations=5 (full 0):
 garbage-first heap   total reserved 3065856K, committed 12288K, used 8430K [0x0000000744e00000, 0x0000000800000000)
  region size 2M, 1 eden (2M), 1 survivor (2M), 3 old (6M), 0 humongous (0M), 1 free (2M)
}
Event: 1.232 {heap After GC invocations=6 (full 0):
 garbage-first heap   total reserved 3065856K, committed 43008K, used 6607K [0x0000000744e00000, 0x0000000800000000)
  region size 2M, 0 eden (0M), 1 survivor (2M), 4 old (8M), 0 humongous (0M), 16 free (32M)
}
Event: 2.643 {heap Before GC invocations=6 (full 0):
 garbage-first heap   total reserved 3065856K, committed 43008K, used 20943K [0x0000000744e00000, 0x0000000800000000)
  region size 2M, 8 eden (16M), 1 survivor (2M), 4 old (8M), 0 humongous (0M), 8 free (16M)
}
Event: 2.654 {heap After GC invocations=7 (full 0):
 garbage-first heap   total reserved 3065856K, committed 43008K, used 7811K [0x0000000744e00000, 0x0000000800000000)
  region size 2M, 0 eden (0M), 1 survivor (2M), 3 old (6M), 0 humongous (0M), 17 free (34M)
}
Event: 3.691 {heap Before GC invocations=7 (full 0):
 garbage-first heap   total reserved 3065856K, committed 43008K, used 30339K [0x0000000744e00000, 0x0000000800000000)
  region size 2M, 11 eden (22M), 1 survivor (2M), 3 old (6M), 0 humongous (0M), 6 free (12M)
}
Event: 3.701 {heap After GC invocations=8 (full 0):
 garbage-first heap   total reserved 3065856K, committed 43008K, used 9416K [0x0000000744e00000, 0x0000000800000000)
  region size 2M, 0 eden (0M), 2 survivor (4M), 3 old (6M), 0 humongous (0M), 16 free (32M)
}
Event: 5.533 {heap Before GC invocations=8 (full 0):
 garbage-first heap   total reserved 3065856K, committed 43008K, used 29896K [0x0000000744e00000, 0x0000000800000000)
  region size 2M, 10 eden (20M), 2 survivor (4M), 3 old (6M), 0 humongous (0M), 6 free (12M)
}
Event: 5.549 {heap After GC invocations=9 (full 0):
 garbage-first heap   total reserved 3065856K, committed 43008K, used 12385K [0x0000000744e00000, 0x0000000800000000)
  region size 2M, 0 eden (0M), 2 survivor (4M), 5 old (10M), 0 humongous (0M), 14 free (28M)
}
Event: 6.671 {heap Before GC invocations=9 (full 0):
 garbage-first heap   total reserved 3065856K, committed 43008K, used 28769K [0x0000000744e00000, 0x0000000800000000)
  region size 2M, 9 eden (18M), 2 survivor (4M), 5 old (10M), 0 humongous (0M), 5 free (10M)
}
Event: 6.681 {heap After GC invocations=10 (full 0):
 garbage-first heap   total reserved 3065856K, committed 43008K, used 14031K [0x0000000744e00000, 0x0000000800000000)
  region size 2M, 0 eden (0M), 1 survivor (2M), 6 old (12M), 0 humongous (0M), 14 free (28M)
}
Event: 11.033 {heap Before GC invocations=11 (full 0):
 garbage-first heap   total reserved 3065856K, committed 43008K, used 34511K [0x0000000744e00000, 0x0000000800000000)
  region size 2M, 10 eden (20M), 1 survivor (2M), 6 old (12M), 0 humongous (0M), 4 free (8M)
}
Event: 11.044 {heap After GC invocations=12 (full 0):
 garbage-first heap   total reserved 3065856K, committed 43008K, used 15603K [0x0000000744e00000, 0x0000000800000000)
  region size 2M, 0 eden (0M), 2 survivor (4M), 6 old (12M), 0 humongous (0M), 13 free (26M)
}

Metaspace Usage History (20 events):
Event: 0.627 {metaspace Before GC invocations=0 (full 0):
 Metaspace       used 387K, committed 576K, reserved 1114112K
  class space    used 9K, committed 128K, reserved 1048576K
}
Event: 0.631 {metaspace After GC invocations=1 (full 0):
 Metaspace       used 387K, committed 576K, reserved 1114112K
  class space    used 9K, committed 128K, reserved 1048576K
}
Event: 0.700 {metaspace Before GC invocations=1 (full 0):
 Metaspace       used 401K, committed 640K, reserved 1114112K
  class space    used 9K, committed 128K, reserved 1048576K
}
Event: 0.704 {metaspace After GC invocations=2 (full 0):
 Metaspace       used 401K, committed 640K, reserved 1114112K
  class space    used 9K, committed 128K, reserved 1048576K
}
Event: 0.846 {metaspace Before GC invocations=2 (full 0):
 Metaspace       used 1019K, committed 1152K, reserved 1114112K
  class space    used 74K, committed 128K, reserved 1048576K
}
Event: 0.851 {metaspace After GC invocations=3 (full 0):
 Metaspace       used 1019K, committed 1152K, reserved 1114112K
  class space    used 74K, committed 128K, reserved 1048576K
}
Event: 0.999 {metaspace Before GC invocations=3 (full 0):
 Metaspace       used 2061K, committed 2176K, reserved 1114112K
  class space    used 186K, committed 256K, reserved 1048576K
}
Event: 1.002 {metaspace After GC invocations=4 (full 0):
 Metaspace       used 2061K, committed 2176K, reserved 1114112K
  class space    used 186K, committed 256K, reserved 1048576K
}
Event: 1.225 {metaspace Before GC invocations=5 (full 0):
 Metaspace       used 2721K, committed 2880K, reserved 1114112K
  class space    used 264K, committed 320K, reserved 1048576K
}
Event: 1.232 {metaspace After GC invocations=6 (full 0):
 Metaspace       used 2721K, committed 2880K, reserved 1114112K
  class space    used 264K, committed 320K, reserved 1048576K
}
Event: 2.643 {metaspace Before GC invocations=6 (full 0):
 Metaspace       used 7289K, committed 7552K, reserved 1114112K
  class space    used 873K, committed 1024K, reserved 1048576K
}
Event: 2.654 {metaspace After GC invocations=7 (full 0):
 Metaspace       used 7289K, committed 7552K, reserved 1114112K
  class space    used 873K, committed 1024K, reserved 1048576K
}
Event: 3.691 {metaspace Before GC invocations=7 (full 0):
 Metaspace       used 13704K, committed 13952K, reserved 1114112K
  class space    used 1859K, committed 1984K, reserved 1048576K
}
Event: 3.701 {metaspace After GC invocations=8 (full 0):
 Metaspace       used 13704K, committed 13952K, reserved 1114112K
  class space    used 1859K, committed 1984K, reserved 1048576K
}
Event: 5.533 {metaspace Before GC invocations=8 (full 0):
 Metaspace       used 19280K, committed 19520K, reserved 1114112K
  class space    used 2512K, committed 2624K, reserved 1048576K
}
Event: 5.549 {metaspace After GC invocations=9 (full 0):
 Metaspace       used 19280K, committed 19520K, reserved 1114112K
  class space    used 2512K, committed 2624K, reserved 1048576K
}
Event: 6.671 {metaspace Before GC invocations=9 (full 0):
 Metaspace       used 21306K, committed 21504K, reserved 1114112K
  class space    used 2750K, committed 2816K, reserved 1048576K
}
Event: 6.681 {metaspace After GC invocations=10 (full 0):
 Metaspace       used 21306K, committed 21504K, reserved 1114112K
  class space    used 2750K, committed 2816K, reserved 1048576K
}
Event: 11.033 {metaspace Before GC invocations=11 (full 0):
 Metaspace       used 24781K, committed 25024K, reserved 1114112K
  class space    used 3252K, committed 3328K, reserved 1048576K
}
Event: 11.044 {metaspace After GC invocations=12 (full 0):
 Metaspace       used 24781K, committed 25024K, reserved 1114112K
  class space    used 3252K, committed 3328K, reserved 1048576K
}

Dll operation events (18 events):
Event: 0.056 Attempting to load shared library C:\Program Files\Java\jdk-26.0.2.1\bin\java.dll
Event: 0.056 Loaded shared library C:\Program Files\Java\jdk-26.0.2.1\bin\java.dll
Event: 0.482 Attempting to load shared library C:\Program Files\Java\jdk-26.0.2.1\bin\zip.dll
Event: 0.485 Loaded shared library C:\Program Files\Java\jdk-26.0.2.1\bin\zip.dll
Event: 0.495 Attempting to load shared library C:\Program Files\Java\jdk-26.0.2.1\bin\instrument.dll
Event: 0.495 Loaded shared library C:\Program Files\Java\jdk-26.0.2.1\bin\instrument.dll
Event: 0.506 Attempting to load shared library C:\Program Files\Java\jdk-26.0.2.1\bin\net.dll
Event: 0.507 Loaded shared library C:\Program Files\Java\jdk-26.0.2.1\bin\net.dll
Event: 0.513 Attempting to load shared library C:\Program Files\Java\jdk-26.0.2.1\bin\nio.dll
Event: 0.514 Loaded shared library C:\Program Files\Java\jdk-26.0.2.1\bin\nio.dll
Event: 0.521 Attempting to load shared library C:\Program Files\Java\jdk-26.0.2.1\bin\zip.dll
Event: 0.521 Loaded shared library C:\Program Files\Java\jdk-26.0.2.1\bin\zip.dll
Event: 0.822 Attempting to load shared library C:\Program Files\Java\jdk-26.0.2.1\bin\extnet.dll
Event: 0.824 Loaded shared library C:\Program Files\Java\jdk-26.0.2.1\bin\extnet.dll
Event: 0.881 Attempting to load shared library C:\Program Files\Java\jdk-26.0.2.1\bin\jimage.dll
Event: 0.881 Loaded shared library C:\Program Files\Java\jdk-26.0.2.1\bin\jimage.dll
Event: 4.888 Attempting to load shared library C:\Program Files\Java\jdk-26.0.2.1\bin\sunmscapi.dll
Event: 4.900 Loaded shared library C:\Program Files\Java\jdk-26.0.2.1\bin\sunmscapi.dll

Deoptimization events (20 events):
Event: 11.160 Thread 0x000001fd5535af90 Uncommon trap: trap_request=0xffffff45 fr.pc=0x000001fd65bf4620 relative=0x0000000000000820
Event: 11.160 Thread 0x000001fd5535af90 Uncommon trap: reason=unstable_if action=reinterpret pc=0x000001fd65bf4620 method=org.springframework.core.ResolvableType.resolveType()Lorg/springframework/core/ResolvableType; @ 40 c2
Event: 11.160 Thread 0x000001fd5535af90 DEOPT PACKING pc=0x000001fd65bf4620 sp=0x00000005d69fd360
Event: 11.160 Thread 0x000001fd5535af90 DEOPT UNPACKING pc=0x000001fd65660f82 sp=0x00000005d69fd348 mode 2
Event: 11.166 Thread 0x000001fd5535af90 Uncommon trap: trap_request=0xffffff45 fr.pc=0x000001fd65bc10d8 relative=0x0000000000000658
Event: 11.166 Thread 0x000001fd5535af90 Uncommon trap: reason=unstable_if action=reinterpret pc=0x000001fd65bc10d8 method=org.springframework.util.ConcurrentReferenceHashMap$Segment.findInChain(Lorg/springframework/util/ConcurrentReferenceHashMap$Reference;Ljava/lang/Object;I)Lorg/springframewo
Event: 11.166 Thread 0x000001fd5535af90 DEOPT PACKING pc=0x000001fd65bc10d8 sp=0x00000005d69fd200
Event: 11.166 Thread 0x000001fd5535af90 DEOPT UNPACKING pc=0x000001fd65660f82 sp=0x00000005d69fd038 mode 2
Event: 11.168 Thread 0x000001fd5535af90 Uncommon trap: trap_request=0xffffff45 fr.pc=0x000001fd65bbfaec relative=0x00000000000001ec
Event: 11.168 Thread 0x000001fd5535af90 Uncommon trap: reason=unstable_if action=reinterpret pc=0x000001fd65bbfaec method=org.springframework.util.ConcurrentReferenceHashMap$Segment.findInChain(Lorg/springframework/util/ConcurrentReferenceHashMap$Reference;Ljava/lang/Object;I)Lorg/springframewo
Event: 11.168 Thread 0x000001fd5535af90 DEOPT PACKING pc=0x000001fd65bbfaec sp=0x00000005d69fcec0
Event: 11.168 Thread 0x000001fd5535af90 DEOPT UNPACKING pc=0x000001fd65660f82 sp=0x00000005d69fce48 mode 2
Event: 11.394 Thread 0x000001fd5535af90 Uncommon trap: trap_request=0xffffff45 fr.pc=0x000001fd65c0c1c8 relative=0x00000000000000c8
Event: 11.394 Thread 0x000001fd5535af90 Uncommon trap: reason=unstable_if action=reinterpret pc=0x000001fd65c0c1c8 method=jdk.internal.classfile.impl.Util.isDoubleSlot(Ljava/lang/constant/ClassDesc;)Z @ 4 c2
Event: 11.394 Thread 0x000001fd5535af90 DEOPT PACKING pc=0x000001fd65c0c1c8 sp=0x00000005d69fcda0
Event: 11.394 Thread 0x000001fd5535af90 DEOPT UNPACKING pc=0x000001fd65660f82 sp=0x00000005d69fccd0 mode 2
Event: 11.707 Thread 0x000001fd5535af90 Uncommon trap: trap_request=0xfffffff4 fr.pc=0x000001fd65b99500 relative=0x0000000000000100
Event: 11.745 Thread 0x000001fd5535af90 Uncommon trap: reason=null_check action=make_not_entrant pc=0x000001fd65b99500 method=java.lang.reflect.Method.equals(Ljava/lang/Object;)Z @ 1 c2
Event: 11.745 Thread 0x000001fd5535af90 DEOPT PACKING pc=0x000001fd65b99500 sp=0x00000005d69fd3b0
Event: 11.745 Thread 0x000001fd5535af90 DEOPT UNPACKING pc=0x000001fd65660f82 sp=0x00000005d69fd348 mode 2

Classes loaded (20 events):
Event: 11.389 Loading class sun/invoke/util/ValueConversions$1
Event: 11.389 Loading class sun/invoke/util/ValueConversions$1 done
Event: 11.389 Loading class java/lang/invoke/BoundMethodHandle$Species_LI
Event: 11.389 Loading class java/lang/invoke/BoundMethodHandle$Species_LI done
Event: 11.389 Loading class java/lang/invoke/ClassSpecializer$Factory$1
Event: 11.390 Loading class java/lang/invoke/ClassSpecializer$Factory$1 done
Event: 11.390 Loading class java/lang/invoke/ClassSpecializer$Factory$1$1
Event: 11.390 Loading class java/lang/invoke/ClassSpecializer$Factory$1$1 done
Event: 11.390 Loading class java/lang/invoke/ClassSpecializer$Factory$1$1Var
Event: 11.390 Loading class java/lang/invoke/ClassSpecializer$Factory$1$1Var done
Event: 11.390 Loading class java/lang/invoke/ClassSpecializer$Factory$1$2
Event: 11.391 Loading class java/lang/invoke/ClassSpecializer$Factory$1$2 done
Event: 11.391 Loading class java/lang/invoke/ClassSpecializer$Factory$1$3
Event: 11.391 Loading class java/lang/invoke/ClassSpecializer$Factory$1$3 done
Event: 11.391 Loading class java/lang/invoke/ClassSpecializer$Factory$1$4
Event: 11.391 Loading class java/lang/invoke/ClassSpecializer$Factory$1$4 done
Event: 11.392 Loading class java/lang/invoke/ClassSpecializer$Factory$1$5
Event: 11.393 Loading class java/lang/invoke/ClassSpecializer$Factory$1$5 done
Event: 11.393 Loading class java/lang/invoke/ClassSpecializer$Factory$1$5$1
Event: 11.393 Loading class java/lang/invoke/ClassSpecializer$Factory$1$5$1 done

Classes unloaded (0 events):
No events

Classes redefined (0 events):
No events

Internal exceptions (20 events):
Event: 4.665 Thread 0x000001fd789598b0 Exception <a 'java/lang/NoSuchMethodError'{0x00000007467648a0}: 'long java.lang.invoke.DirectMethodHandle$Holder.invokeInterface(java.lang.Object, java.lang.Object)'> (0x00000007467648a0) 
thrown [s\open\src\hotspot\share\interpreter\linkResolver.cpp, line 804]
Event: 4.665 Thread 0x000001fd789598b0 Exception <a 'java/lang/IncompatibleClassChangeError'{0x000000074676ccc8}: Found class java.lang.Object, but interface was expected> (0x000000074676ccc8) 
thrown [s\open\src\hotspot\share\interpreter\linkResolver.cpp, line 871]
Event: 4.677 Thread 0x000001fd789598b0 Exception <a 'java/lang/NoSuchMethodError'{0x0000000746788a60}: 'java.lang.Object java.lang.invoke.DirectMethodHandle$Holder.invokeVirtual(java.lang.Object, java.lang.Object, java.lang.Object, java.lang.Object)'> (0x0000000746788a60) 
thrown [s\open\src\hotspot\share\interpreter\linkResolver.cpp, line 804]
Event: 4.711 Thread 0x000001fd789598b0 Exception <a 'java/lang/NoSuchMethodError'{0x0000000746421e98}: 'java.lang.Object java.lang.invoke.DirectMethodHandle$Holder.newInvokeSpecial(java.lang.Object, java.lang.Object, java.lang.Object, int)'> (0x0000000746421e98) 
thrown [s\open\src\hotspot\share\interpreter\linkResolver.cpp, line 804]
Event: 4.712 Thread 0x000001fd789598b0 Exception <a 'java/lang/NoSuchMethodError'{0x000000074642a9b0}: 'java.lang.Object java.lang.invoke.Invokers$Holder.linkToTargetMethod(java.lang.Object, java.lang.Object, int, java.lang.Object)'> (0x000000074642a9b0) 
thrown [s\open\src\hotspot\share\interpreter\linkResolver.cpp, line 804]
Event: 5.649 Thread 0x000001fd5535af90 Exception <a 'java/lang/IncompatibleClassChangeError'{0x00000007fff5fdc0}: Found class java.lang.Object, but interface was expected> (0x00000007fff5fdc0) 
thrown [s\open\src\hotspot\share\interpreter\linkResolver.cpp, line 871]
Event: 10.522 Thread 0x000001fd5535af90 Exception <a 'java/lang/NoSuchMethodError'{0x00000007465410d0}: 'java.lang.Object java.lang.invoke.Invokers$Holder.linkToTargetMethod(int, java.lang.Object, java.lang.Object, java.lang.Object, java.lang.Object)'> (0x00000007465410d0) 
thrown [s\open\src\hotspot\share\interpreter\linkResolver.cpp, line 804]
Event: 10.839 Thread 0x000001fd5535af90 Exception <a 'java/lang/NoSuchMethodError'{0x000000074638b230}: 'void java.lang.invoke.Invokers$Holder.invokeExact_MT(java.lang.Object, java.lang.Object, java.lang.Object)'> (0x000000074638b230) 
thrown [s\open\src\hotspot\share\interpreter\linkResolver.cpp, line 804]
Event: 10.910 Thread 0x000001fd5535af90 Exception <a 'java/lang/NoClassDefFoundError'{0x0000000745e11bc8}: org/flywaydb/core/Flyway> (0x0000000745e11bc8) 
thrown [s\open\src\hotspot\share\classfile\systemDictionary.cpp, line 319]
Event: 10.910 Thread 0x000001fd5535af90 Exception <a 'java/lang/NoClassDefFoundError'{0x0000000745e12810}: liquibase/integration/spring/SpringLiquibase> (0x0000000745e12810) 
thrown [s\open\src\hotspot\share\classfile\systemDictionary.cpp, line 319]
Event: 11.051 Thread 0x000001fd5535af90 Exception <a 'java/lang/NoClassDefFoundError'{0x00000007ffe35c90}: org/jooq/DSLContext> (0x00000007ffe35c90) 
thrown [s\open\src\hotspot\share\classfile\systemDictionary.cpp, line 319]
Event: 11.052 Thread 0x000001fd5535af90 Exception <a 'java/lang/NoClassDefFoundError'{0x00000007ffe417f0}: org/springframework/batch/core/repository/JobRepository> (0x00000007ffe417f0) 
thrown [s\open\src\hotspot\share\classfile\systemDictionary.cpp, line 319]
Event: 11.052 Thread 0x000001fd5535af90 Exception <a 'java/lang/NoClassDefFoundError'{0x00000007ffe42328}: org/quartz/Scheduler> (0x00000007ffe42328) 
thrown [s\open\src\hotspot\share\classfile\systemDictionary.cpp, line 319]
Event: 11.053 Thread 0x000001fd5535af90 Exception <a 'java/lang/NoClassDefFoundError'{0x00000007ffe43008}: org/springframework/session/jdbc/JdbcIndexedSessionRepository> (0x00000007ffe43008) 
thrown [s\open\src\hotspot\share\classfile\systemDictionary.cpp, line 319]
Event: 11.172 Thread 0x000001fd5535af90 Exception <a 'java/lang/NoSuchMethodError'{0x00000007fff9d148}: 'void java.lang.invoke.DirectMethodHandle$Holder.invokeSpecial(java.lang.Object, java.lang.Object, java.lang.Object, java.lang.Object, java.lang.Object, java.lang.Object)'> (0x00000007fff9d148) 
thrown [s\open\src\hotspot\share\interpreter\linkResolver.cpp, line 804]
Event: 11.180 Thread 0x000001fd5535af90 Exception <a 'java/lang/NoSuchMethodError'{0x00000007fffc77a0}: 'java.lang.Object java.lang.invoke.Invokers$Holder.invokeExact_MT(java.lang.Object, java.lang.Object, java.lang.Object, java.lang.Object, java.lang.Object, java.lang.Object)'> (0x00000007fffc77a0) 
thrown [s\open\src\hotspot\share\interpreter\linkResolver.cpp, line 804]
Event: 11.388 Thread 0x000001fd5535af90 Exception <a 'java/lang/NoSuchMethodError'{0x0000000747138e90}: 'void java.lang.invoke.DirectMethodHandle$Holder.invokeVirtual(java.lang.Object, java.lang.Object, int)'> (0x0000000747138e90) 
thrown [s\open\src\hotspot\share\interpreter\linkResolver.cpp, line 804]
Event: 11.395 Thread 0x000001fd5535af90 Exception <a 'java/lang/NoSuchMethodError'{0x0000000747151050}: 'java.lang.Object java.lang.invoke.DirectMethodHandle$Holder.invokeStatic(java.lang.Object, java.lang.Object, java.lang.Object, java.lang.Object, int)'> (0x0000000747151050) 
thrown [s\open\src\hotspot\share\interpreter\linkResolver.cpp, line 804]
Event: 11.398 Thread 0x000001fd5535af90 Exception <a 'java/lang/NoSuchMethodError'{0x0000000747169670}: 'void java.lang.invoke.DelegatingMethodHandle$Holder.reinvoke_L(java.lang.Object, java.lang.Object, int)'> (0x0000000747169670) 
thrown [s\open\src\hotspot\share\interpreter\linkResolver.cpp, line 804]
Event: 11.707 Thread 0x000001fd5535af90 Implicit null exception at 0x000001fd65b9942a to 0x000001fd65b994f1

VM Operations (20 events):
Event: 7.404 Executing non-safepoint VM operation: HandshakeAllThreads (Deoptimize)
Event: 7.404 Executing non-safepoint VM operation: HandshakeAllThreads (Deoptimize) done
Event: 7.405 Executing non-safepoint VM operation: HandshakeAllThreads (Deoptimize)
Event: 7.405 Executing non-safepoint VM operation: HandshakeAllThreads (Deoptimize) done
Event: 7.418 Executing non-safepoint VM operation: HandshakeAllThreads (Deoptimize)
Event: 7.418 Executing non-safepoint VM operation: HandshakeAllThreads (Deoptimize) done
Event: 7.420 Executing non-safepoint VM operation: HandshakeAllThreads (Deoptimize)
Event: 7.420 Executing non-safepoint VM operation: HandshakeAllThreads (Deoptimize) done
Event: 7.618 Executing non-safepoint VM operation: HandshakeAllThreads (Deoptimize)
Event: 7.618 Executing non-safepoint VM operation: HandshakeAllThreads (Deoptimize) done
Event: 10.512 Executing non-safepoint VM operation: HandshakeAllThreads (Deoptimize)
Event: 10.512 Executing non-safepoint VM operation: HandshakeAllThreads (Deoptimize) done
Event: 10.578 Executing non-safepoint VM operation: HandshakeAllThreads (Deoptimize)
Event: 10.578 Executing non-safepoint VM operation: HandshakeAllThreads (Deoptimize) done
Event: 11.033 Executing safepoint VM operation: G1CollectForAllocation (G1 Evacuation Pause)
Event: 11.044 Executing safepoint VM operation: G1CollectForAllocation (G1 Evacuation Pause) done
Event: 11.159 Executing non-safepoint VM operation: HandshakeAllThreads (Deoptimize)
Event: 11.159 Executing non-safepoint VM operation: HandshakeAllThreads (Deoptimize) done
Event: 11.419 Executing non-safepoint VM operation: HandshakeAllThreads (Deoptimize)
Event: 11.419 Executing non-safepoint VM operation: HandshakeAllThreads (Deoptimize) done

Memory protections (0 events):
No events

Nmethod flushes (20 events):
Event: 6.696 Thread 0x000001fd55408370 flushing  nmethod 0x000001fd5e027688
Event: 6.696 Thread 0x000001fd55408370 flushing  nmethod 0x000001fd5e028088
Event: 6.696 Thread 0x000001fd55408370 flushing  nmethod 0x000001fd5e028388
Event: 6.696 Thread 0x000001fd55408370 flushing  nmethod 0x000001fd5e028788
Event: 6.696 Thread 0x000001fd55408370 flushing  nmethod 0x000001fd5e029c88
Event: 6.696 Thread 0x000001fd55408370 flushing  nmethod 0x000001fd5e029f88
Event: 6.696 Thread 0x000001fd55408370 flushing  nmethod 0x000001fd5e02a288
Event: 6.696 Thread 0x000001fd55408370 flushing  nmethod 0x000001fd5e02aa08
Event: 6.696 Thread 0x000001fd55408370 flushing  nmethod 0x000001fd5e02c588
Event: 6.696 Thread 0x000001fd55408370 flushing  nmethod 0x000001fd5e02c888
Event: 6.696 Thread 0x000001fd55408370 flushing  nmethod 0x000001fd5e02cb88
Event: 6.696 Thread 0x000001fd55408370 flushing  nmethod 0x000001fd5e034288
Event: 6.696 Thread 0x000001fd55408370 flushing  nmethod 0x000001fd5e057288
Event: 6.696 Thread 0x000001fd55408370 flushing  nmethod 0x000001fd5e057908
Event: 6.696 Thread 0x000001fd55408370 flushing  nmethod 0x000001fd5e058008
Event: 6.696 Thread 0x000001fd55408370 flushing  nmethod 0x000001fd5e05ac08
Event: 6.696 Thread 0x000001fd55408370 flushing  nmethod 0x000001fd5e060508
Event: 6.696 Thread 0x000001fd55408370 flushing  nmethod 0x000001fd5e060b08
Event: 6.696 Thread 0x000001fd55408370 flushing  nmethod 0x000001fd5e07ea08
Event: 6.696 Thread 0x000001fd55408370 flushing  nmethod 0x000001fd5e07f908

Events (20 events):
Event: 0.253 Thread 0x000001fd5535af90 Thread added: 0x000001fd73a603d0
Event: 0.254 Thread 0x000001fd5535af90 Thread added: 0x000001fd73a649a0
Event: 0.255 Thread 0x000001fd5535af90 Thread added: 0x000001fd73a66560
Event: 0.255 Thread 0x000001fd5535af90 Thread added: 0x000001fd73a679e0
Event: 0.256 Thread 0x000001fd5535af90 Thread added: 0x000001fd73a69fa0
Event: 0.256 Thread 0x000001fd5535af90 Thread added: 0x000001fd73a91150
Event: 0.256 Thread 0x000001fd5535af90 Thread added: 0x000001fd73a93100
Event: 0.478 Thread 0x000001fd5535af90 JVMTI - enter start phase
Event: 0.478 Thread 0x000001fd5535af90 JVMTI - enter live phase
Event: 0.503 Thread 0x000001fd5535af90 Thread added: 0x000001fd73c4ee60
Event: 0.540 Thread 0x000001fd73a93100 Thread added: 0x000001fd73caf5c0
Event: 0.710 Thread 0x000001fd73caf5c0 Thread exited: 0x000001fd73caf5c0
Event: 0.784 Thread 0x000001fd5535af90 Thread added: 0x000001fd780e5210
Event: 0.784 Thread 0x000001fd5535af90 Thread added: 0x000001fd780e5dd0
Event: 2.765 Thread 0x000001fd5535af90 Thread added: 0x000001fd789598b0
Event: 4.956 Thread 0x000001fd789598b0 Thread exited: 0x000001fd789598b0
Event: 5.446 Thread 0x000001fd5535af90 Thread added: 0x000001fd78d7f580
Event: 5.567 Thread 0x000001fd78d7f580 Thread exited: 0x000001fd78d7f580
Event: 5.835 Thread 0x000001fd73a93100 Thread added: 0x000001fd73bf5fd0
Event: 6.952 Thread 0x000001fd73bf5fd0 Thread exited: 0x000001fd73bf5fd0


Dynamic libraries:
0x00007ff6375a0000 - 0x00007ff6375b0000 	C:\Program Files\Java\jdk-26.0.2.1\bin\java.exe
0x00007fffe5fe0000 - 0x00007fffe6247000 	C:\WINDOWS\SYSTEM32\ntdll.dll
0x00007fffe5d70000 - 0x00007fffe5e3b000 	C:\WINDOWS\System32\KERNEL32.DLL
0x00007fffe37c0000 - 0x00007fffe3bc2000 	C:\WINDOWS\System32\KERNELBASE.dll
0x00007fffe31e0000 - 0x00007fffe332c000 	C:\WINDOWS\System32\ucrtbase.dll
0x00007fff8c0f0000 - 0x00007fff8c10e000 	C:\Program Files\Java\jdk-26.0.2.1\bin\VCRUNTIME140.dll
0x00007fff8c0d0000 - 0x00007fff8c0e7000 	C:\Program Files\Java\jdk-26.0.2.1\bin\jli.dll
0x00007fffe5110000 - 0x00007fffe52df000 	C:\WINDOWS\System32\USER32.dll
0x00007fffc5b50000 - 0x00007fffc5de0000 	C:\WINDOWS\WinSxS\amd64_microsoft.windows.common-controls_6595b64144ccf1df_6.0.26100.9278_none_3e0d1ba8e3303201\COMCTL32.dll
0x00007fffe3570000 - 0x00007fffe3597000 	C:\WINDOWS\System32\win32u.dll
0x00007fffe4320000 - 0x00007fffe434b000 	C:\WINDOWS\System32\GDI32.dll
0x00007fffe5350000 - 0x00007fffe53f9000 	C:\WINDOWS\System32\msvcrt.dll
0x00007fffe3bd0000 - 0x00007fffe3cf9000 	C:\WINDOWS\System32\gdi32full.dll
0x00007fffe3400000 - 0x00007fffe34a3000 	C:\WINDOWS\System32\msvcp_win.dll
0x00007fffe4880000 - 0x00007fffe48b1000 	C:\WINDOWS\System32\IMM32.DLL
0x00007fffad2e0000 - 0x00007fffad2ec000 	C:\Program Files\Java\jdk-26.0.2.1\bin\vcruntime140_1.dll
0x00007fff45550000 - 0x00007fff455dd000 	C:\Program Files\Java\jdk-26.0.2.1\bin\msvcp140.dll
0x00007ffedf010000 - 0x00007ffedfee1000 	C:\Program Files\Java\jdk-26.0.2.1\bin\server\jvm.dll
0x00007fffe5ed0000 - 0x00007fffe5f8c000 	C:\WINDOWS\System32\ADVAPI32.dll
0x00007fffe3d00000 - 0x00007fffe3da9000 	C:\WINDOWS\System32\sechost.dll
0x00007fffe4f20000 - 0x00007fffe5038000 	C:\WINDOWS\System32\RPCRT4.dll
0x00007fffe4650000 - 0x00007fffe46d0000 	C:\WINDOWS\System32\WS2_32.dll
0x00007fffdd4b0000 - 0x00007fffdd4e6000 	C:\WINDOWS\SYSTEM32\WINMM.dll
0x00007fffe3060000 - 0x00007fffe30be000 	C:\WINDOWS\SYSTEM32\POWRPROF.dll
0x00007fffc8250000 - 0x00007fffc825b000 	C:\WINDOWS\SYSTEM32\VERSION.dll
0x00007fffe3040000 - 0x00007fffe3055000 	C:\WINDOWS\SYSTEM32\UMPDC.dll
0x00007fffe1e90000 - 0x00007fffe1eab000 	C:\WINDOWS\SYSTEM32\kernel.appcore.dll
0x00007fffd1730000 - 0x00007fffd173a000 	C:\Program Files\Java\jdk-26.0.2.1\bin\jimage.dll
0x00007fffe0670000 - 0x00007fffe08bc000 	C:\WINDOWS\SYSTEM32\DBGHELP.DLL
0x00007fffe3f90000 - 0x00007fffe4315000 	C:\WINDOWS\System32\combase.dll
0x00007fffe4df0000 - 0x00007fffe4ec9000 	C:\WINDOWS\System32\OLEAUT32.dll
0x00007fffbe220000 - 0x00007fffbe25b000 	C:\WINDOWS\SYSTEM32\dbgcore.DLL
0x00007fffe3340000 - 0x00007fffe33ec000 	C:\WINDOWS\System32\bcryptPrimitives.dll
0x00007fffd4770000 - 0x00007fffd4780000 	C:\Program Files\Java\jdk-26.0.2.1\bin\instrument.dll
0x00007fff8bfe0000 - 0x00007fff8bfff000 	C:\Program Files\Java\jdk-26.0.2.1\bin\java.dll
0x00007fffe46e0000 - 0x00007fffe487a000 	C:\WINDOWS\System32\ole32.dll
0x00007fffe55c0000 - 0x00007fffe5d58000 	C:\WINDOWS\System32\SHELL32.dll
0x00007fffe0c00000 - 0x00007fffe14ae000 	C:\WINDOWS\SYSTEM32\windows.storage.dll
0x00007fffe5400000 - 0x00007fffe54fb000 	C:\WINDOWS\System32\SHCORE.dll
0x00007fffe5e40000 - 0x00007fffe5ea6000 	C:\WINDOWS\System32\shlwapi.dll
0x00007fffe3100000 - 0x00007fffe3129000 	C:\WINDOWS\SYSTEM32\profapi.dll
0x00007fff84a50000 - 0x00007fff84a66000 	C:\Program Files\Java\jdk-26.0.2.1\bin\zip.dll
0x00007fff8b620000 - 0x00007fff8b632000 	C:\Program Files\Java\jdk-26.0.2.1\bin\net.dll
0x00007fffe2470000 - 0x00007fffe24dc000 	C:\WINDOWS\system32\mswsock.dll
0x00007fff84d30000 - 0x00007fff84d46000 	C:\Program Files\Java\jdk-26.0.2.1\bin\nio.dll
0x00007fffd1720000 - 0x00007fffd1729000 	C:\Program Files\Java\jdk-26.0.2.1\bin\extnet.dll
0x00007fffa1f20000 - 0x00007fffa1f2e000 	C:\Program Files\Java\jdk-26.0.2.1\bin\sunmscapi.dll
0x00007fffe3630000 - 0x00007fffe37ae000 	C:\WINDOWS\System32\CRYPT32.dll
0x00007fffe29a0000 - 0x00007fffe29d0000 	C:\WINDOWS\SYSTEM32\ncrypt.dll
0x00007fffe2950000 - 0x00007fffe298f000 	C:\WINDOWS\SYSTEM32\NTASN1.dll

JVMTI agents:
C:\Program Files\JetBrains\IntelliJ IDEA 2026.1.2\lib\idea_rt.jar path:C:\Program Files\Java\jdk-26.0.2.1\bin\instrument.dll, loaded, initialized, instrumentlib options:55912

dbghelp: loaded successfully - version: 4.0.5 - missing functions: none
symbol engine: initialized successfully - sym options: 0x614 - pdb path: .;C:\Program Files\Java\jdk-26.0.2.1\bin;C:\WINDOWS\SYSTEM32;C:\WINDOWS\WinSxS\amd64_microsoft.windows.common-controls_6595b64144ccf1df_6.0.26100.9278_none_3e0d1ba8e3303201;C:\Program Files\Java\jdk-26.0.2.1\bin\server

VM Arguments:
jvm_args: -javaagent:C:\Program Files\JetBrains\IntelliJ IDEA 2026.1.2\lib\idea_rt.jar=55912 -Dfile.encoding=UTF-8 -Dsun.stdout.encoding=UTF-8 -Dsun.stderr.encoding=UTF-8 
java_command: com.smartmedi.SmartMediApplication
java_class_path (initial): C:\Users\nethu\Downloads\smartmedi-prescription-module\smartmedi-prescription\target\classes;C:\Users\nethu\.m2\repository\org\springframework\boot\spring-boot-starter-web\3.3.5\spring-boot-starter-web-3.3.5.jar;C:\Users\nethu\.m2\repository\org\springframework\boot\spring-boot-starter\3.3.5\spring-boot-starter-3.3.5.jar;C:\Users\nethu\.m2\repository\org\springframework\boot\spring-boot\3.3.5\spring-boot-3.3.5.jar;C:\Users\nethu\.m2\repository\org\springframework\boot\spring-boot-autoconfigure\3.3.5\spring-boot-autoconfigure-3.3.5.jar;C:\Users\nethu\.m2\repository\org\springframework\boot\spring-boot-starter-logging\3.3.5\spring-boot-starter-logging-3.3.5.jar;C:\Users\nethu\.m2\repository\ch\qos\logback\logback-classic\1.5.11\logback-classic-1.5.11.jar;C:\Users\nethu\.m2\repository\ch\qos\logback\logback-core\1.5.11\logback-core-1.5.11.jar;C:\Users\nethu\.m2\repository\org\apache\logging\log4j\log4j-to-slf4j\2.23.1\log4j-to-slf4j-2.23.1.jar;C:\Users\nethu\.m2\repository\org\apache\logging\log4j\log4j-api\2.23.1\log4j-api-2.23.1.jar;C:\Users\nethu\.m2\repository\org\slf4j\jul-to-slf4j\2.0.16\jul-to-slf4j-2.0.16.jar;C:\Users\nethu\.m2\repository\jakarta\annotation\jakarta.annotation-api\2.1.1\jakarta.annotation-api-2.1.1.jar;C:\Users\nethu\.m2\repository\org\yaml\snakeyaml\2.2\snakeyaml-2.2.jar;C:\Users\nethu\.m2\repository\org\springframework\boot\spring-boot-starter-json\3.3.5\spring-boot-starter-json-3.3.5.jar;C:\Users\nethu\.m2\repository\com\fasterxml\jackson\core\jackson-databind\2.17.2\jackson-databind-2.17.2.jar;C:\Users\nethu\.m2\repository\com\fasterxml\jackson\core\jackson-annotations\2.17.2\jackson-annotations-2.17.2.jar;C:\Users\nethu\.m2\repository\com\fasterxml\jackson\core\jackson-core\2.17.2\jackson-core-2.17.2.jar;C:\Users\nethu\.m2\repository\com\fasterxml\jackson\datatype\jackson-datatype-jdk8\2.17.2\jackson-datatype-jdk8-2.17.2.jar;C:\Users\nethu\.m2\repository\com\fasterxml\jackson\datatype\jackson-datatype-jsr310\2.17.2\jackson-datatype-jsr310-2.17.2.jar;C:\Users\nethu\.m2\repository\com\fasterxml\jackson\module\jackson-module-parameter-names\2.17.2\jackson-module-parameter-names-2.17.2.jar;C:\Users\nethu\.m2\repository\org\springframework\boot\spring-boot-starter-tomcat\3.3.5\spring-boot-starter-tomcat-3.3.5.jar;C:\Users\nethu\.m2\repository\org\apache\tomcat\embed\tomcat-embed-core\10.1.31\tomcat-embed-core-10.1.31.jar;C:\Users\nethu\.m2\repository\org\apache\tomcat\embed\tomcat-embed-websocket\10.1.31\tomcat-embed-websocket-10.1.31.jar;C:\Users\nethu\.m2\repository\org\springframework\spring-web\6.1.14\spring-web-6.1.14.jar;C:\Users\nethu\.m2\repository\org\springframework\spring-beans\6.1.14\spring-beans-6.1.14.jar;C:\Users\nethu\.m2\repository\io\micrometer\micrometer-observation\1.13.6\micrometer-observation-1.13.6.jar;C:\Users\nethu\.m2\repository\io\micrometer\micrometer-commons\1.13.6\micrometer-commons-1.13.6.jar;C:\Users\nethu\.m2\repository\org\springframework\spring-webmvc\6.1.14\spring-webmvc-6.1.14.jar;C:\Users\nethu\.m2\repository\org\springframework\spring-aop\6.1.14\spring-aop-6.1.14.jar;C:\Users\nethu\.m2\repository\org\springframework\spring-context\6.1.14\spring-context-6.1.14.jar;C:\Users\nethu\.m2\repository\org\springframework\spring-expression\6.1.14\spring-expression-6.1.14.jar;C:\Users\nethu\.m2\repository\org\springframework\boot\spring-boot-starter-data-jpa\3.3.5\spring-boot-starter-data-jpa-3.3.5.jar;C:\Users\nethu\.m2\repository\org\springframework\boot\spring-boot-starter-aop\3.3.5\spring-boot-starter-aop-3.3.5.jar;C:\Users\nethu\.m2\repository\org\aspectj\aspectjweaver\1.9.22.1\aspectjweaver-1.9.22.1.jar;C:\Users\nethu\.m2\repository\org\springframework\boot\spring-boot-starter-jdbc\3.3.5\spring-boot-starter-jdbc-3.3.5.jar;C:\Users\nethu\.m2\repository\com\zaxxer\HikariCP\5.1.0\HikariCP-5.1.0.jar;C:\Users\nethu\.m2\repository\org\springframework\spring-jdbc\6.1.14\spring-jdbc-6.1.14.jar;C:\Users\nethu\.m2\repository\org\hibernate\orm\hibernate-core\6.5.3.Final\hibernate-core-6.5.3.Final.jar;C:\Users\nethu\.m2\repository\jakarta\persistence\jakarta.persistence-api\3.1.0\jakarta.persistence-api-3.1.0.jar;C:\Users\nethu\.m2\repository\jakarta\transaction\jakarta.transaction-api\2.0.1\jakarta.transaction-api-2.0.1.jar;C:\Users\nethu\.m2\repository\org\jboss\logging\jboss-logging\3.5.3.Final\jboss-logging-3.5.3.Final.jar;C:\Users\nethu\.m2\repository\org\hibernate\common\hibernate-commons-annotations\6.0.6.Final\hibernate-commons-annotations-6.0.6.Final.jar;C:\Users\nethu\.m2\repository\io\smallrye\jandex\3.1.2\jandex-3.1.2.jar;C:\Users\nethu\.m2\repository\com\fasterxml\classmate\1.7.0\classmate-1.7.0.jar;C:\Users\nethu\.m2\repository\net\bytebuddy\byte-buddy\1.14.19\byte-buddy-1.14.19.jar;C:\Users\nethu\.m2\repository\org\glassfish\jaxb\jaxb-runtime\4.0.5\jaxb-runtime-4.0.5.jar;C:\Users\nethu\.m2\repository\org\glassfish\jaxb\jaxb-core\4.0.5\jaxb-core-4.0.5.jar;C:\Users\nethu\.m2\repository\org\eclipse\angus\angus-activation\2.0.2\angus-activation-2.0.2.jar;C:\Users\nethu\.m2\repository\org\glassfish\jaxb\txw2\4.0.5\txw2-4.0.5.jar;C:\Users\nethu\.m2\repository\com\sun\istack\istack-commons-runtime\4.1.2\istack-commons-runtime-4.1.2.jar;C:\Users\nethu\.m2\repository\jakarta\inject\jakarta.inject-api\2.0.1\jakarta.inject-api-2.0.1.jar;C:\Users\nethu\.m2\repository\org\antlr\antlr4-runtime\4.13.0\antlr4-runtime-4.13.0.jar;C:\Users\nethu\.m2\repository\org\springframework\data\spring-data-jpa\3.3.5\spring-data-jpa-3.3.5.jar;C:\Users\nethu\.m2\repository\org\springframework\data\spring-data-commons\3.3.5\spring-data-commons-3.3.5.jar;C:\Users\nethu\.m2\repository\org\springframework\spring-orm\6.1.14\spring-orm-6.1.14.jar;C:\Users\nethu\.m2\repository\org\springframework\spring-tx\6.1.14\spring-tx-6.1.14.jar;C:\Users\nethu\.m2\repository\org\slf4j\slf4j-api\2.0.16\slf4j-api-2.0.16.jar;C:\Users\nethu\.m2\repository\org\springframework\spring-aspects\6.1.14\spring-aspects-6.1.14.jar;C:\Users\nethu\.m2\repository\org\springframework\boot\spring-boot-starter-validation\3.3.5\spring-boot-starter-validation-3.3.5.jar;C:\Users\nethu\.m2\repository\org\apache\tomcat\embed\tomcat-embed-el\10.1.31\tomcat-embed-el-10.1.31.jar;C:\Users\nethu\.m2\repository\org\hibernate\validator\hibernate-validator\8.0.1.Final\hibernate-validator-8.0.1.Final.jar;C:\Users\nethu\.m2\repository\jakarta\validation\jakarta.validation-api\3.0.2\jakarta.validation-api-3.0.2.jar;C:\Users\nethu\.m2\repository\com\h2database\h2\2.2.224\h2-2.2.224.jar;C:\Users\nethu\.m2\repository\com\mysql\mysql-connector-j\8.3.0\mysql-connector-j-8.3.0.jar;C:\Users\nethu\.m2\repository\jakarta\xml\bind\jakarta.xml.bind-api\4.0.2\jakarta.xml.bind-api-4.0.2.jar;C:\Users\nethu\.m2\repository\jakarta\activation\jakarta.activation-api\2.1.3\jakarta.activation-api-2.1.3.jar;C:\Users\nethu\.m2\repository\org\springframework\spring-core\6.1.14\spring-core-6.1.14.jar;C:\Users\nethu\.m2\repository\org\springframework\spring-jcl\6.1.14\spring-jcl-6.1.14.jar
Launcher Type: SUN_STANDARD

[Global flags]
     bool AOTAdapterCaching                        = false                                  {diagnostic} {ergonomic}
     bool AOTInvokeDynamicLinking                  = false                                  {diagnostic} {ergonomic}
     bool AOTRecordTraining                        = false                                  {diagnostic} {ergonomic}
     bool AOTReplayTraining                        = false                                  {diagnostic} {ergonomic}
     bool AOTStubCaching                           = false                                  {diagnostic} {ergonomic}
     intx CICompilerCount                          = 3                                         {product} {ergonomic}
     uint ConcGCThreads                            = 2                                         {product} {ergonomic}
     uint G1ConcRefinementThreads                  = 6                                         {product} {ergonomic}
     uint G1EagerReclaimRemSetThreshold            = 16                                   {experimental} {ergonomic}
   size_t G1HeapRegionSize                         = 2097152                                   {product} {ergonomic}
     uint G1RemSetArrayOfCardsEntries              = 16                                   {experimental} {ergonomic}
     uint G1RemSetHowlMaxNumBuckets                = 8                                    {experimental} {ergonomic}
     uint G1RemSetHowlNumBuckets                   = 8                                    {experimental} {ergonomic}
   size_t InitialHeapSize                          = 8388608                                   {product} {ergonomic}
     bool IntelJccErratumMitigation                = false                             {ARCH diagnostic} {ergonomic}
   size_t MarkStackSize                            = 4194304                                   {product} {ergonomic}
   size_t MarkStackSizeMax                         = 536870912                                 {product} {ergonomic}
   size_t MaxHeapSize                              = 3139436544                                {product} {ergonomic}
   size_t MaxNewSize                               = 1883242496                                {product} {ergonomic}
 uint64_t MaxRAM                                   = 12554289152                               {product} {ergonomic}
   size_t MinHeapDeltaBytes                        = 2097152                                   {product} {ergonomic}
   size_t MinHeapSize                              = 8388608                                   {product} {ergonomic}
   size_t NonNMethodCodeHeapSize                   = 5898240                                {pd product} {ergonomic}
   size_t NonProfiledCodeHeapSize                  = 122945536                              {pd product} {ergonomic}
   size_t ProfiledCodeHeapSize                     = 122945536                              {pd product} {ergonomic}
   size_t ReservedCodeCacheSize                    = 251789312                              {pd product} {ergonomic}
     bool SegmentedCodeCache                       = true                                      {product} {ergonomic}
   size_t SoftMaxHeapSize                          = 3139436544                             {manageable} {ergonomic}
     bool UseCompressedOops                        = true                           {product lp64_product} {ergonomic}
     bool UseCondCardMark                          = true                                      {product} {ergonomic}
     bool UseFastUnorderedTimeStamps               = true                                 {experimental} {ergonomic}
     bool UseG1GC                                  = true                                      {product} {ergonomic}
     bool UseLargePagesIndividualAllocation        = false                                  {pd product} {ergonomic}
      int X86ICacheSync                            = 3                                 {ARCH diagnostic} {ergonomic}

Logging:
Log output configuration:
 #0: stdout all=warning uptime,level,tags foldmultilines=false
 #1: stderr all=off uptime,level,tags foldmultilines=false

Release file:
IMPLEMENTOR="Oracle Corporation" 
JAVA_RUNTIME_VERSION="26.0.2.1+1-7" 
JAVA_VERSION="26.0.2.1" 
JAVA_VERSION_DATE="2026-08-18" 
LIBC="default" 
MODULES="java.base java.compiler java.datatransfer java.xml java.prefs java.desktop java.instrument java.logging java.management java.security.sasl java.naming java.rmi java.management.rmi java.net.http java.scripting java.security.jgss java.transaction.xa java.sql java.sql.rowset java.xml.crypto java.se java.smartcardio jdk.accessibility jdk.internal.jvmstat jdk.attach jdk.charsets jdk.internal.opt jdk.zipfs jdk.compiler jdk.crypto.cryptoki jdk.crypto.ec jdk.crypto.mscapi jdk.dynalink jdk.internal.ed jdk.editpad jdk.internal.vm.ci jdk.graal.compiler jdk.graal.compiler.management jdk.hotspot.agent jdk.httpserver jdk.incubator.vector jdk.internal.le jdk.internal.md jdk.jartool jdk.javadoc jdk.jcmd jdk.management jdk.management.agent jdk.jconsole jdk.jdeps jdk.jdwp.agent jdk.jdi jdk.jfr jdk.jlink jdk.jpackage jdk.jshell jdk.jstatd jdk.localedata jdk.management.jfr jdk.naming.dns jdk.naming.rmi jdk.net jdk.nio.mapmode jdk.sctp jdk.security.auth jdk.security.jgss jdk.unsupported jdk.unsupported.desktop jdk.xml.dom" 
OS_ARCH="x86_64" 
OS_NAME="Windows" 
SOURCE=".:git:0d9eee3548f0 open:git:d55edf1cba61" 

Environment Variables:
JAVA_HOME=C:\Program Files\Java\jdk-23
PATH=C:\Program Files\Common Files\Oracle\Java\javapath;C:\WINDOWS\system32;C:\WINDOWS;C:\WINDOWS\System32\Wbem;C:\WINDOWS\System32\WindowsPowerShell\v1.0\;C:\WINDOWS\System32\OpenSSH\;C:\Program Files\dotnet\;C:\Program Files\Microsoft SQL Server\Client SDK\ODBC\170\Tools\Binn\;C:\Program Files (x86)\Microsoft SQL Server\150\Tools\Binn\;C:\Program Files\Microsoft SQL Server\150\Tools\Binn\;C:\Program Files\Microsoft SQL Server\150\DTS\Binn\;C:\Program Files (x86)\Windows Kits\10\Windows Performance Toolkit\;C:\Program Files\Dell\MyDell\jdk-23_linux-aarch64_bin.tar.gz;C:\Program Files\Git\cmd;C:\Program Files\Microsoft SQL Server\Client SDK\ODBC\180\Tools\Binn\;C:\Program Files (x86)\Microsoft SQL Server\170\Tools\Binn\;C:\Program Files\Microsoft SQL Server\170\Tools\Binn\;C:\Program Files\Microsoft SQL Server\170\DTS\Binn\;C:\Program Files\Common Files\Oracle\Java\javapath;C:\WINDOWS\system32;C:\WINDOWS;C:\WINDOWS\System32\Wbem;C:\WINDOWS\System32\WindowsPowerShell\v1.0\;C:\WINDOWS\System32\OpenSSH\;C:\Program Files\dotnet\;C:\Program Files\Microsoft SQL Server\Client SDK\ODBC\170\Tools\Binn\;C:\Program Files (x86)\Microsoft SQL Server\150\Tools\Binn\;C:\Program Files\Microsoft SQL Server\150\Tools\Binn\;C:\Program Files\Microsoft SQL Server\150\DTS\Binn\;C:\Program Files (x86)\Microsoft SQL Server\160\DTS\Binn\;C:\Program Files (x86)\Windows Kits\10\Windows Performance Toolkit\;C:\Program Files\Git\cmd;C:\Program Files\Dell\MyDell\jdk-23_linux-aarch64_bin.tar.gz;C:\Users\nethu\AppData\Local\Programs\Python\Python312\Scripts\;C:\Users\nethu\AppData\Local\Programs\Python\Python312\;C:\Users\nethu\AppData\Local\Programs\Python\Launcher\;C:\Users\nethu\AppData\Local\Microsoft\WindowsApps;C:\Users\nethu\Downloads\Microsoft VS Code\bin;C:\Users\nethu\.dotnet\tools;C:\Users\nethu\AppData\Local\GitHubDesktop\bin;;C:\Users\YourName\App;C:\Program Files\JetBrains\PyCharm 2026.1.2\bin;C:\Program Files\JetBrains\IntelliJ IDEA 2026.1.2\bin
USERNAME=nethu
OS=Windows_NT
PROCESSOR_IDENTIFIER=Intel64 Family 6 Model 186 Stepping 3, GenuineIntel
TMP=C:\Users\nethu\AppData\Local\Temp
TEMP=C:\Users\nethu\AppData\Local\Temp




Compilation memory statistics disabled.

Periodic native trim disabled

---------------  S Y S T E M  ---------------

OS:
 Windows 11 , 64 bit Build 26100 (10.0.26100.9444)
OS uptime: 7 days 4:41 hours
Hyper-V role detected

CPU: total 6 (initial active 6) (hybrid) family 6 model 186 stepping 3 microcode 0x6134, cx8, cmov, fxsr, ht, mmx, 3dnowpref, sse, sse2, sse3, ssse3, sse4.1, sse4.2, popcnt, lzcnt, tsc, tscinvbit, avx, avx2, aes, erms, clmul, bmi1, bmi2, adx, sha, fma, vzeroupper, clflush, clflushopt, clwb, hv, serialize, rdtscp, rdpid, fsrm, gfni, f16c, cet_ibt, cet_ss, hybrid
Processor Information for processor 0
  Max Mhz: 1600, Current Mhz: 1600, Mhz Limit: 1600
Processor Information for processor 1
  Max Mhz: 1600, Current Mhz: 1600, Mhz Limit: 1600
Processor Information for processor 2
  Max Mhz: 1600, Current Mhz: 1600, Mhz Limit: 1600
Processor Information for processor 3
  Max Mhz: 1600, Current Mhz: 1600, Mhz Limit: 1600
Processor Information for processor 4
  Max Mhz: 1600, Current Mhz: 1600, Mhz Limit: 1600
Processor Information for processor 5
  Max Mhz: 1600, Current Mhz: 1466, Mhz Limit: 1600

Memory: 4k page, system-wide physical 11972M (340M free)
TotalPageFile size 37543M (AvailPageFile size 7M)
current process WorkingSet (physical memory assigned to process): 145M, peak: 154M
current process commit charge ("private bytes"): 178M, peak: 213M

vm_info: Java HotSpot(TM) 64-Bit Server VM (26.0.2.1+1-7) for windows-amd64 JRE (26.0.2.1+1-7), built on 2026-07-24T06:55:58Z with MS VC++ 17.13 (VS2022)

END.
