#
# There is insufficient memory for the Java Runtime Environment to continue.
# Native memory allocation (malloc) failed to allocate 21880792 bytes. Error detail: Chunk::new
# Possible reasons:
#   The system is out of physical RAM or swap space
#   This process is running with CompressedOops enabled, and the Java Heap may be blocking the growth of the native heap
# Possible solutions:
#   Reduce memory load on the system
#   Increase physical memory or swap space
#   Check if swap backing store is full
#   Decrease Java heap size (-Xmx/-Xms)
#   Decrease number of Java threads
#   Decrease Java thread stack sizes (-Xss)
#   Set larger code cache with -XX:ReservedCodeCacheSize=
#   JVM is running with Zero Based Compressed Oops mode in which the Java heap is
#     placed in the first 32GB address space. The Java Heap base address is the
#     maximum limit for the native heap growth. Please use -XX:HeapBaseMinAddress
#     to set the Java Heap base and to place the Java Heap above 32GB virtual address.
# This output file may be truncated or incomplete.
#
#  Out of Memory Error (arena.cpp:193), pid=19088, tid=19460
#
# JRE version: Java(TM) SE Runtime Environment (26.0.2.1+1) (build 26.0.2.1+1-7)
# Java VM: Java HotSpot(TM) 64-Bit Server VM (26.0.2.1+1-7, mixed mode, sharing, tiered, compressed oops, compressed class ptrs, g1 gc, windows-amd64)
# No core dump will be written. Minidumps are not enabled by default on client versions of Windows
#

---------------  S U M M A R Y ------------

Command Line: -javaagent:C:\Program Files\JetBrains\IntelliJ IDEA 2026.1.2\lib\idea_rt.jar=65173 -Dfile.encoding=UTF-8 -Dsun.stdout.encoding=UTF-8 -Dsun.stderr.encoding=UTF-8 com.smartmedi.SmartMediApplication

Host: 13th Gen Intel(R) Core(TM) i3-1305U, 6 cores, 11G,  Windows 11 , 64 bit Build 26100 (10.0.26100.9444)
Time: Tue Sep 29 09:33:37 2026 Sri Lanka Standard Time elapsed time: 22.217196 seconds (0d 0h 0m 22s)

---------------  T H R E A D  ---------------

Current thread (0x000001e01efb2550):  JavaThread "C2 CompilerThread0" daemon [_thread_in_native, id=19460, stack(0x0000000144c00000,0x0000000144d00000) (1024K)]


Current CompileTask:
C2:22217 5503   !   4       org.springframework.util.ReflectionUtils::doWithMethods (186 bytes)

Stack: [0x0000000144c00000,0x0000000144d00000]
Native frames: (J=compiled Java code, j=interpreted, Vv=VM code, C=native code)
V  [jvm.dll+0x7d6ea9]  (no source info available)
V  [jvm.dll+0x7a4dcd]  (no source info available)
V  [jvm.dll+0x9b2390]  (no source info available)
V  [jvm.dll+0x9b47e1]  (no source info available)
V  [jvm.dll+0x9b4ef3]  (no source info available)
V  [jvm.dll+0x30f4d6]  (no source info available)
V  [jvm.dll+0x11ddb6]  (no source info available)
V  [jvm.dll+0x11e0de]  (no source info available)
V  [jvm.dll+0x1b00f6]  (no source info available)
V  [jvm.dll+0x3cc262]  (no source info available)
V  [jvm.dll+0x7dfaa2]  (no source info available)
V  [jvm.dll+0x2d2947]  (no source info available)
V  [jvm.dll+0x2d18bf]  (no source info available)
V  [jvm.dll+0x246d30]  (no source info available)
V  [jvm.dll+0x2e19dc]  (no source info available)
V  [jvm.dll+0x2dfbbd]  (no source info available)
V  [jvm.dll+0x4a5a61]  (no source info available)
V  [jvm.dll+0x950d59]  (no source info available)
V  [jvm.dll+0x7d8988]  (no source info available)
C  [ucrtbase.dll+0x2cd30]  (no source info available)
C  [KERNEL32.DLL+0x2cd87]  (no source info available)
C  [ntdll.dll+0xacaec]  (no source info available)

Lock stack of current Java thread (top to bottom):


---------------  P R O C E S S  ---------------

Threads class SMR info:
_java_thread_list=0x000001e01f072950, length=17, elements={
0x000001e000849f50, 0x000001e01ef89d10, 0x000001e01ef8a8c0, 0x000001e01ef8c1a0,
0x000001e01ef8cd50, 0x000001e01ef90a50, 0x000001e01ef9f8e0, 0x000001e01efb2550,
0x000001e01efc2e10, 0x000001e01f174300, 0x000001e01f54d460, 0x000001e01f5528c0,
0x000001e01f646470, 0x000001e01f646c20, 0x000001e025776010, 0x000001e024a74af0,
0x000001e0244bd5a0
}

Java Threads: ( => current thread )
  0x000001e000849f50 JavaThread "main"                              [_thread_in_Java, id=16356, stack(0x0000000143d00000,0x0000000143e00000) (1024K)]
  0x000001e01ef89d10 JavaThread "Reference Handler"          daemon [_thread_blocked, id=12248, stack(0x0000000144600000,0x0000000144700000) (1024K)]
  0x000001e01ef8a8c0 JavaThread "Finalizer"                  daemon [_thread_blocked, id=22424, stack(0x0000000144700000,0x0000000144800000) (1024K)]
  0x000001e01ef8c1a0 JavaThread "Signal Dispatcher"          daemon [_thread_blocked, id=36032, stack(0x0000000144800000,0x0000000144900000) (1024K)]
  0x000001e01ef8cd50 JavaThread "Attach Listener"            daemon [_thread_blocked, id=20856, stack(0x0000000144900000,0x0000000144a00000) (1024K)]
  0x000001e01ef90a50 JavaThread "Service Thread"             daemon [_thread_blocked, id=27680, stack(0x0000000144a00000,0x0000000144b00000) (1024K)]
  0x000001e01ef9f8e0 JavaThread "Monitor Deflation Thread"   daemon [_thread_blocked, id=29888, stack(0x0000000144b00000,0x0000000144c00000) (1024K)]
=>0x000001e01efb2550 JavaThread "C2 CompilerThread0"         daemon [_thread_in_native, id=19460, stack(0x0000000144c00000,0x0000000144d00000) (1024K)]
  0x000001e01efc2e10 JavaThread "C1 CompilerThread0"         daemon [_thread_blocked, id=25012, stack(0x0000000144d00000,0x0000000144e00000) (1024K)]
  0x000001e01f174300 JavaThread "Common-Cleaner"             daemon [_thread_blocked, id=16932, stack(0x0000000144e00000,0x0000000144f00000) (1024K)]
  0x000001e01f54d460 JavaThread "Monitor Ctrl-Break"         daemon [_thread_in_native, id=1884, stack(0x0000000145100000,0x0000000145200000) (1024K)]
  0x000001e01f5528c0 JavaThread "Notification Thread"        daemon [_thread_blocked, id=7696, stack(0x0000000145200000,0x0000000145300000) (1024K)]
  0x000001e01f646470 JavaThread "Catalina-utility-1"                [_thread_blocked, id=4696, stack(0x0000000144f00000,0x0000000145000000) (1024K)]
  0x000001e01f646c20 JavaThread "Catalina-utility-2"                [_thread_blocked, id=36804, stack(0x0000000145400000,0x0000000145500000) (1024K)]
  0x000001e025776010 JavaThread "container-0"                       [_thread_blocked, id=18972, stack(0x0000000145900000,0x0000000145a00000) (1024K)]
  0x000001e024a74af0 JavaThread "mysql-cj-abandoned-connection-cleanup" daemon [_thread_blocked, id=36496, stack(0x0000000145a00000,0x0000000145b00000) (1024K)]
  0x000001e0244bd5a0 JavaThread "HikariPool-1 housekeeper"   daemon [_thread_blocked, id=16536, stack(0x0000000145c00000,0x0000000145d00000) (1024K)]
Total: 17

Other Threads:
  0x000001e01ef7a580 VMThread "VM Thread"                           [id=33348, stack(0x0000000144500000,0x0000000144600000) (1024K)]
  0x000001e01ef6b580 WatcherThread "VM Periodic Task Thread"        [id=34296, stack(0x0000000144400000,0x0000000144500000) (1024K)]
  0x000001e00088dfa0 WorkerThread "GC Thread#0"                     [id=35672, stack(0x0000000143e00000,0x0000000143f00000) (1024K)]
  0x000001e01f376ed0 WorkerThread "GC Thread#1"                     [id=36632, stack(0x0000000145000000,0x0000000145100000) (1024K)]
  0x000001e01f5a1370 WorkerThread "GC Thread#2"                     [id=23476, stack(0x0000000145500000,0x0000000145600000) (1024K)]
  0x000001e01f59eca0 WorkerThread "GC Thread#3"                     [id=10640, stack(0x0000000145600000,0x0000000145700000) (1024K)]
  0x000001e01f5a0230 WorkerThread "GC Thread#4"                     [id=8588, stack(0x0000000145700000,0x0000000145800000) (1024K)]
  0x000001e01f5a17c0 WorkerThread "GC Thread#5"                     [id=3776, stack(0x0000000145800000,0x0000000145900000) (1024K)]
  0x000001e0008be930 ConcurrentGCThread "G1 Main Marker"            [id=22300, stack(0x0000000143f00000,0x0000000144000000) (1024K)]
  0x000001e0008bfc50 WorkerThread "G1 Conc#0"                       [id=21872, stack(0x0000000144000000,0x0000000144100000) (1024K)]
  0x000001e01f5a0ad0 WorkerThread "G1 Conc#1"                       [id=29916, stack(0x0000000145300000,0x0000000145400000) (1024K)]
  0x000001e0008eebe0 WorkerThread "G1 Refinement Workers#0"         [id=33376, stack(0x0000000144200000,0x0000000144300000) (1024K)]
  0x000001e0008ee020 ConcurrentGCThread "G1 Refine Control"         [id=30896, stack(0x0000000144100000,0x0000000144200000) (1024K)]
  0x000001e0008fd680 ConcurrentGCThread "G1 Service"                [id=24248, stack(0x0000000144300000,0x0000000144400000) (1024K)]
Total: 14

Threads with active compile tasks:
C2 CompilerThread0  22397 5503   !   4       org.springframework.util.ReflectionUtils::doWithMethods (186 bytes)
Total: 1

VM state: not at safepoint (normal execution)

VM Mutex/Monitor currently owned by a thread: None

Heap address: 0x0000000744e00000, size: 2994 MB, Compressed Oops mode: Zero based, Oop shift amount: 3

CDS archive(s) mapped at: [0x000000009a000000-0x000000009ade0000-0x000000009ade0000), size 14548992, SharedBaseAddress: 0x000000009a000000, ArchiveRelocationMode: 1.
Compressed class space mapped at: 0x000000009b000000-0x00000000db000000, reserved size: 1073741824
UseCompressedClassPointers 1, UseCompactObjectHeaders 0
Narrow klass pointer bits 32, Max shift 3
Narrow klass base: 0x000000009a000000, Narrow klass shift: 0
Encoding Range: [0x000000009a000000 - 0x000000019a000000), (4294967296 bytes)
Klass Range:    [0x000000009a000000 - 0x00000000db000000), (1090519040 bytes)
Klass ID Range:  [8 - 1090519033) (1090519025)
Protection zone: [0x000000009a000000 - 0x000000009a010000), (65536 bytes)

GC Precious Log:
 CardTable entry size: 512
 Card Set container configuration: InlinePtr #cards 4 size 8 Array Of Cards #cards 16 size 48 Howl #buckets 8 coarsen threshold 3686 Howl Bitmap #cards 512 size 80 coarsen threshold 460 Card regions per heap region 1 cards per card region 4096
 CPUs: 6 total, 6 available
 Memory: 11972M
 Large Page Support: Disabled
 NUMA Support: Disabled
 Compressed Oops: Enabled (Zero based)
 Heap Region Size: 2M
 Heap Min Capacity: 8M
 Heap Initial Capacity: 8M
 Heap Max Capacity: 2994M
 Pre-touch: Disabled
 Parallel Workers: 6
 Concurrent Workers: 2
 Concurrent Refinement Workers: 6
 Periodic GC: Disabled

Heap:
 garbage-first heap   total reserved 3065856K, committed 116736K, used 27615K [0x0000000744e00000, 0x0000000800000000)
  region size 2M, 2 eden (4M), 1 survivor (2M), 12 old (24M), 0 humongous (0M), 42 free (84M)

Heap Regions: E=young(eden), S=young(survivor), O=old, HS=humongous(starts), HC=humongous(continues), CS=collection set, F=free, TAMS=top-at-mark-start, PB=parsable bottom
|    0|0x0000000744e00000, 0x0000000745000000, 0x0000000745000000|100%| O|  |TAMS 0x0000000744e00000| PB 0x0000000744e00000| Untracked |  0
|    1|0x0000000745000000, 0x0000000745200000, 0x0000000745200000|100%| O|  |TAMS 0x0000000745000000| PB 0x0000000745000000| Untracked |  0
|    2|0x0000000745200000, 0x0000000745400000, 0x0000000745400000|100%| O|  |TAMS 0x0000000745200000| PB 0x0000000745200000| Untracked |  0
|    3|0x0000000745400000, 0x0000000745600000, 0x0000000745600000|100%| O|  |TAMS 0x0000000745400000| PB 0x0000000745400000| Untracked |  0
|    4|0x0000000745600000, 0x0000000745800000, 0x0000000745800000|100%| O|  |TAMS 0x0000000745600000| PB 0x0000000745600000| Untracked |  0
|    5|0x0000000745800000, 0x0000000745a00000, 0x0000000745a00000|100%| O|  |TAMS 0x0000000745800000| PB 0x0000000745800000| Untracked |  0
|    6|0x0000000745a00000, 0x0000000745c00000, 0x0000000745c00000|100%| O|  |TAMS 0x0000000745a00000| PB 0x0000000745a00000| Untracked |  0
|    7|0x0000000745c00000, 0x0000000745e00000, 0x0000000745e00000|100%| O|  |TAMS 0x0000000745c00000| PB 0x0000000745c00000| Untracked |  0
|    8|0x0000000745e00000, 0x0000000746000000, 0x0000000746000000|100%| O|  |TAMS 0x0000000745e00000| PB 0x0000000745e00000| Untracked |  0
|    9|0x0000000746000000, 0x0000000746200000, 0x0000000746200000|100%| O|Cm|TAMS 0x0000000746000000| PB 0x0000000746000000| Complete  |  0
|   10|0x0000000746200000, 0x00000007463e3340, 0x0000000746400000| 94%| S|CS|TAMS 0x0000000746200000| PB 0x0000000746200000| Complete  |  0
|   11|0x0000000746400000, 0x0000000746400000, 0x0000000746600000|  0%| F|  |TAMS 0x0000000746400000| PB 0x0000000746400000| Untracked |  0
|   12|0x0000000746600000, 0x0000000746600000, 0x0000000746800000|  0%| F|  |TAMS 0x0000000746600000| PB 0x0000000746600000| Untracked |  0
|   13|0x0000000746800000, 0x0000000746800000, 0x0000000746a00000|  0%| F|  |TAMS 0x0000000746800000| PB 0x0000000746800000| Untracked |  0
|   14|0x0000000746a00000, 0x0000000746a00000, 0x0000000746c00000|  0%| F|  |TAMS 0x0000000746a00000| PB 0x0000000746a00000| Untracked |  0
|   15|0x0000000746c00000, 0x0000000746c00000, 0x0000000746e00000|  0%| F|  |TAMS 0x0000000746c00000| PB 0x0000000746c00000| Untracked |  0
|   16|0x0000000746e00000, 0x0000000746e00000, 0x0000000747000000|  0%| F|  |TAMS 0x0000000746e00000| PB 0x0000000746e00000| Untracked |  0
|   17|0x0000000747000000, 0x0000000747000000, 0x0000000747200000|  0%| F|  |TAMS 0x0000000747000000| PB 0x0000000747000000| Untracked |  0
|   18|0x0000000747200000, 0x0000000747200000, 0x0000000747400000|  0%| F|  |TAMS 0x0000000747200000| PB 0x0000000747200000| Untracked |  0
|   19|0x0000000747400000, 0x0000000747400000, 0x0000000747600000|  0%| F|  |TAMS 0x0000000747400000| PB 0x0000000747400000| Untracked |  0
|   20|0x0000000747600000, 0x0000000747600000, 0x0000000747800000|  0%| F|  |TAMS 0x0000000747600000| PB 0x0000000747600000| Untracked |  0
|   21|0x0000000747800000, 0x0000000747800000, 0x0000000747a00000|  0%| F|  |TAMS 0x0000000747800000| PB 0x0000000747800000| Untracked |  0
|   22|0x0000000747a00000, 0x0000000747a00000, 0x0000000747c00000|  0%| F|  |TAMS 0x0000000747a00000| PB 0x0000000747a00000| Untracked |  0
|   23|0x0000000747c00000, 0x0000000747c00000, 0x0000000747e00000|  0%| F|  |TAMS 0x0000000747c00000| PB 0x0000000747c00000| Untracked |  0
|   24|0x0000000747e00000, 0x0000000747e00000, 0x0000000748000000|  0%| F|  |TAMS 0x0000000747e00000| PB 0x0000000747e00000| Untracked |  0
|   25|0x0000000748000000, 0x0000000748000000, 0x0000000748200000|  0%| F|  |TAMS 0x0000000748000000| PB 0x0000000748000000| Untracked |  0
|   26|0x0000000748200000, 0x0000000748200000, 0x0000000748400000|  0%| F|  |TAMS 0x0000000748200000| PB 0x0000000748200000| Untracked |  0
|   27|0x0000000748400000, 0x0000000748400000, 0x0000000748600000|  0%| F|  |TAMS 0x0000000748400000| PB 0x0000000748400000| Untracked |  0
|   28|0x0000000748600000, 0x0000000748600000, 0x0000000748800000|  0%| F|  |TAMS 0x0000000748600000| PB 0x0000000748600000| Untracked |  0
|   29|0x0000000748800000, 0x0000000748800000, 0x0000000748a00000|  0%| F|  |TAMS 0x0000000748800000| PB 0x0000000748800000| Untracked |  0
|   30|0x0000000748a00000, 0x0000000748a00000, 0x0000000748c00000|  0%| F|  |TAMS 0x0000000748a00000| PB 0x0000000748a00000| Untracked |  0
|   31|0x0000000748c00000, 0x0000000748c00000, 0x0000000748e00000|  0%| F|  |TAMS 0x0000000748c00000| PB 0x0000000748c00000| Untracked |  0
|   32|0x0000000748e00000, 0x0000000748e00000, 0x0000000749000000|  0%| F|  |TAMS 0x0000000748e00000| PB 0x0000000748e00000| Untracked |  0
|   33|0x0000000749000000, 0x0000000749000000, 0x0000000749200000|  0%| F|  |TAMS 0x0000000749000000| PB 0x0000000749000000| Untracked |  0
|   34|0x0000000749200000, 0x0000000749200000, 0x0000000749400000|  0%| F|  |TAMS 0x0000000749200000| PB 0x0000000749200000| Untracked |  0
|   35|0x0000000749400000, 0x0000000749400000, 0x0000000749600000|  0%| F|  |TAMS 0x0000000749400000| PB 0x0000000749400000| Untracked |  0
|   36|0x0000000749600000, 0x0000000749600000, 0x0000000749800000|  0%| F|  |TAMS 0x0000000749600000| PB 0x0000000749600000| Untracked |  0
|   37|0x0000000749800000, 0x0000000749800000, 0x0000000749a00000|  0%| F|  |TAMS 0x0000000749800000| PB 0x0000000749800000| Untracked |  0
|   38|0x0000000749a00000, 0x0000000749a00000, 0x0000000749c00000|  0%| F|  |TAMS 0x0000000749a00000| PB 0x0000000749a00000| Untracked |  0
|   39|0x0000000749c00000, 0x0000000749c00000, 0x0000000749e00000|  0%| F|  |TAMS 0x0000000749c00000| PB 0x0000000749c00000| Untracked |  0
|   40|0x0000000749e00000, 0x0000000749e00000, 0x000000074a000000|  0%| F|  |TAMS 0x0000000749e00000| PB 0x0000000749e00000| Untracked |  0
|   41|0x000000074a000000, 0x000000074a000000, 0x000000074a200000|  0%| F|  |TAMS 0x000000074a000000| PB 0x000000074a000000| Untracked |  0
|   42|0x000000074a200000, 0x000000074a200000, 0x000000074a400000|  0%| F|  |TAMS 0x000000074a200000| PB 0x000000074a200000| Untracked |  0
|   43|0x000000074a400000, 0x000000074a400000, 0x000000074a600000|  0%| F|  |TAMS 0x000000074a400000| PB 0x000000074a400000| Untracked |  0
|   44|0x000000074a600000, 0x000000074a600000, 0x000000074a800000|  0%| F|  |TAMS 0x000000074a600000| PB 0x000000074a600000| Untracked |  0
|   45|0x000000074a800000, 0x000000074a800000, 0x000000074aa00000|  0%| F|  |TAMS 0x000000074a800000| PB 0x000000074a800000| Untracked |  0
|   46|0x000000074aa00000, 0x000000074aa00000, 0x000000074ac00000|  0%| F|  |TAMS 0x000000074aa00000| PB 0x000000074aa00000| Untracked |  0
|   47|0x000000074ac00000, 0x000000074ac00000, 0x000000074ae00000|  0%| F|  |TAMS 0x000000074ac00000| PB 0x000000074ac00000| Untracked |  0
|   48|0x000000074ae00000, 0x000000074ae00000, 0x000000074b000000|  0%| F|  |TAMS 0x000000074ae00000| PB 0x000000074ae00000| Untracked |  0
|   49|0x000000074b000000, 0x000000074b000000, 0x000000074b200000|  0%| F|  |TAMS 0x000000074b000000| PB 0x000000074b000000| Untracked |  0
|   50|0x000000074b200000, 0x000000074b200000, 0x000000074b400000|  0%| F|  |TAMS 0x000000074b200000| PB 0x000000074b200000| Untracked |  0
|   51|0x000000074b400000, 0x000000074b400000, 0x000000074b600000|  0%| F|  |TAMS 0x000000074b400000| PB 0x000000074b400000| Untracked |  0
|   52|0x000000074b600000, 0x000000074b600000, 0x000000074b800000|  0%| F|  |TAMS 0x000000074b600000| PB 0x000000074b600000| Untracked |  0
|   53|0x000000074b800000, 0x000000074b9a3468, 0x000000074ba00000| 81%| E|CS|TAMS 0x000000074b800000| PB 0x000000074b800000| Complete  |  0
| 1494|0x00000007ffa00000, 0x00000007ffb14ae0, 0x00000007ffc00000| 54%| O|  |TAMS 0x00000007ffa00000| PB 0x00000007ffa00000| Untracked |  0
| 1495|0x00000007ffc00000, 0x00000007ffe00000, 0x00000007ffe00000|100%| O|  |TAMS 0x00000007ffc00000| PB 0x00000007ffc00000| Untracked |  0
| 1496|0x00000007ffe00000, 0x0000000800000000, 0x0000000800000000|100%| E|CS|TAMS 0x00000007ffe00000| PB 0x00000007ffe00000| Complete  |  0

Card table byte_map: [0x000001e018d10000,0x000001e0192f0000] _byte_map_base: 0x000001e0152e9000
Refinement table byte_map: [0x000001e0192f0000,0x000001e0198d0000] _byte_map_base: 0x000001e0158c9000

Marking Bits: (CMBitMap*) 0x000001e00088e720
 Bits: [0x000001e0198d0000, 0x000001e01c798000)

Polling page: 0x000001e000010000

Metaspace:
Metaspace        used 58851K, committed 59328K, reserved 1114112K
 class space     used 8376K, committed 8576K, reserved 1048576K

Usage:
  Non-class:     49.29 MB used.
      Class:      8.18 MB used.
       Both:     57.47 MB used.

Virtual space:
  Non-class space:       64.00 MB reserved,      49.56 MB ( 77%) committed,  1 nodes.
      Class space:        1.00 GB reserved,       8.38 MB ( <1%) committed,  1 nodes.
             Both:        1.06 GB reserved,      57.94 MB (  5%) committed. 

Chunk freelists:
   Non-Class:  14.38 MB
       Class:  7.44 MB
        Both:  21.81 MB

MaxMetaspaceSize: unlimited
CompressedClassSpaceSize: 1.00 GB
Initial GC threshold: 21.00 MB
Current GC threshold: 92.00 MB
CDS: on
 - commit_granule_bytes: 65536.
 - commit_granule_words: 8192.
 - virtual_space_node_default_size: 8388608.
 - enlarge_chunks_in_place: 1.
UseCompressedClassPointers 1, UseCompactObjectHeaders 0
Narrow klass pointer bits 32, Max shift 3
Narrow klass base: 0x000000009a000000, Narrow klass shift: 0
Encoding Range: [0x000000009a000000 - 0x000000019a000000), (4294967296 bytes)
Klass Range:    [0x000000009a000000 - 0x00000000db000000), (1090519040 bytes)
Klass ID Range:  [8 - 1090519033) (1090519025)
Protection zone: [0x000000009a000000 - 0x000000009a010000), (65536 bytes)


Internal statistics:

num_allocs_failed_limit: 3.
num_arena_births: 544.
num_arena_deaths: 0.
num_vsnodes_births: 2.
num_vsnodes_deaths: 0.
num_space_committed: 927.
num_space_uncommitted: 0.
num_chunks_returned_to_freelist: 3.
num_chunks_taken_from_freelist: 2621.
num_chunk_merges: 3.
num_chunk_splits: 1948.
num_chunks_enlarged: 1650.
num_inconsistent_stats: 0.

CodeHeap 'non-profiled nmethods': size=120064Kb used=1937Kb max_used=1967Kb free=118126Kb
 bounds [0x000001e010fd0000, 0x000001e011240000, 0x000001e018510000]
CodeHeap 'profiled nmethods': size=120064Kb used=7137Kb max_used=7137Kb free=112926Kb
 bounds [0x000001e0094f0000, 0x000001e009bf0000, 0x000001e010a30000]
CodeHeap 'non-nmethods': size=5760Kb used=1614Kb max_used=1670Kb free=4146Kb
 bounds [0x000001e010a30000, 0x000001e010ca0000, 0x000001e010fd0000]
CodeCache: size=245888Kb, used=10688Kb, max_used=10774Kb, free=235198Kb
 total_blobs=5480, nmethods=4756, adapters=627, full_count=0
Compilation: enabled, stopped_count=0, restarted_count=0

Compilation events (20 events):
Event: 21.633 Thread 0x000001e01efc2e10 5534       2       sun.reflect.generics.parser.SignatureParser::make (8 bytes)
Event: 21.633 Thread 0x000001e01efc2e10 nmethod 5534 0x000001e009a91808 code [0x000001e009a91900, 0x000001e009a91a28]
Event: 21.633 Thread 0x000001e01efc2e10 5535       2       sun.reflect.generics.parser.SignatureParser::<init> (5 bytes)
Event: 21.633 Thread 0x000001e01efc2e10 nmethod 5535 0x000001e009a91508 code [0x000001e009a91600, 0x000001e009a916f0]
Event: 21.633 Thread 0x000001e01efc2e10 5533       2       sun.reflect.generics.factory.CoreReflectionFactory::<init> (15 bytes)
Event: 21.633 Thread 0x000001e01efc2e10 nmethod 5533 0x000001e009a91208 code [0x000001e009a91300, 0x000001e009a914a8]
Event: 21.634 Thread 0x000001e01efc2e10 5536       2       org.springframework.util.ReflectionUtils::makeAccessible (36 bytes)
Event: 21.635 Thread 0x000001e01efc2e10 nmethod 5536 0x000001e009a90f08 code [0x000001e009a91000, 0x000001e009a911a8]
Event: 21.661 Thread 0x000001e01efc2e10 5537       2       org.springframework.core.convert.support.GenericConversionService$Converters::add (75 bytes)
Event: 21.662 Thread 0x000001e01efc2e10 nmethod 5537 0x000001e009a90908 code [0x000001e009a90a00, 0x000001e009a90e88]
Event: 21.683 Thread 0x000001e01efc2e10 5538       2       java.lang.ClassLoader::getSystemClassLoader (79 bytes)
Event: 21.683 Thread 0x000001e01efc2e10 nmethod 5538 0x000001e009a90608 code [0x000001e009a90700, 0x000001e009a908f8]
Event: 21.690 Thread 0x000001e01efc2e10 5539       3       java.util.WeakHashMap::put (160 bytes)
Event: 21.691 Thread 0x000001e01efc2e10 nmethod 5539 0x000001e009a8f408 code [0x000001e009a8f500, 0x000001e009a905d8]
Event: 21.723 Thread 0x000001e01efc2e10 5540       2       org.springframework.core.convert.support.GenericConversionService$ConverterAdapter::<init> (41 bytes)
Event: 21.724 Thread 0x000001e01efc2e10 nmethod 5540 0x000001e009a8ed88 code [0x000001e009a8ee80, 0x000001e009a8f3e8]
Event: 21.725 Thread 0x000001e01efc2e10 5541       2       org.springframework.core.convert.support.GenericConversionService$ConverterAdapter::getConvertibleTypes (8 bytes)
Event: 21.725 Thread 0x000001e01efc2e10 nmethod 5541 0x000001e009a8ea88 code [0x000001e009a8eb80, 0x000001e009a8ed30]
Event: 22.179 Thread 0x000001e01efc2e10 5543       1       java.util.concurrent.locks.ReentrantReadWriteLock::readLock (5 bytes)
Event: 22.179 Thread 0x000001e01efc2e10 nmethod 5543 0x000001e01117e888 code [0x000001e01117e980, 0x000001e01117ea38]

GC Heap Usage History (20 events):
Event: 12.878 {heap Before GC invocations=17 (full 0):
 garbage-first heap   total reserved 3065856K, committed 36864K, used 30990K [0x0000000744e00000, 0x0000000800000000)
  region size 2M, 6 eden (12M), 1 survivor (2M), 9 old (18M), 0 humongous (0M), 2 free (4M)
}
Event: 12.884 {heap After GC invocations=18 (full 0):
 garbage-first heap   total reserved 3065856K, committed 36864K, used 19466K [0x0000000744e00000, 0x0000000800000000)
  region size 2M, 0 eden (0M), 1 survivor (2M), 9 old (18M), 0 humongous (0M), 8 free (16M)
}
Event: 13.799 {heap Before GC invocations=18 (full 0):
 garbage-first heap   total reserved 3065856K, committed 36864K, used 29706K [0x0000000744e00000, 0x0000000800000000)
  region size 2M, 6 eden (12M), 1 survivor (2M), 9 old (18M), 0 humongous (0M), 2 free (4M)
}
Event: 13.806 {heap After GC invocations=19 (full 0):
 garbage-first heap   total reserved 3065856K, committed 36864K, used 19443K [0x0000000744e00000, 0x0000000800000000)
  region size 2M, 0 eden (0M), 1 survivor (2M), 9 old (18M), 0 humongous (0M), 8 free (16M)
}
Event: 14.861 {heap Before GC invocations=19 (full 0):
 garbage-first heap   total reserved 3065856K, committed 36864K, used 29683K [0x0000000744e00000, 0x0000000800000000)
  region size 2M, 6 eden (12M), 1 survivor (2M), 9 old (18M), 0 humongous (0M), 2 free (4M)
}
Event: 14.867 {heap After GC invocations=20 (full 0):
 garbage-first heap   total reserved 3065856K, committed 36864K, used 21004K [0x0000000744e00000, 0x0000000800000000)
  region size 2M, 0 eden (0M), 1 survivor (2M), 10 old (20M), 0 humongous (0M), 7 free (14M)
}
Event: 15.575 {heap Before GC invocations=21 (full 0):
 garbage-first heap   total reserved 3065856K, committed 36864K, used 29196K [0x0000000744e00000, 0x0000000800000000)
  region size 2M, 5 eden (10M), 1 survivor (2M), 10 old (20M), 0 humongous (0M), 2 free (4M)
}
Event: 15.580 {heap After GC invocations=22 (full 0):
 garbage-first heap   total reserved 3065856K, committed 36864K, used 22262K [0x0000000744e00000, 0x0000000800000000)
  region size 2M, 0 eden (0M), 1 survivor (2M), 11 old (22M), 0 humongous (0M), 6 free (12M)
}
Event: 16.135 {heap Before GC invocations=22 (full 0):
 garbage-first heap   total reserved 3065856K, committed 36864K, used 30454K [0x0000000744e00000, 0x0000000800000000)
  region size 2M, 4 eden (8M), 1 survivor (2M), 11 old (22M), 0 humongous (0M), 2 free (4M)
}
Event: 16.137 {heap After GC invocations=23 (full 0):
 garbage-first heap   total reserved 3065856K, committed 36864K, used 22831K [0x0000000744e00000, 0x0000000800000000)
  region size 2M, 0 eden (0M), 1 survivor (2M), 11 old (22M), 0 humongous (0M), 6 free (12M)
}
Event: 16.730 {heap Before GC invocations=24 (full 0):
 garbage-first heap   total reserved 3065856K, committed 36864K, used 31023K [0x0000000744e00000, 0x0000000800000000)
  region size 2M, 4 eden (8M), 1 survivor (2M), 11 old (22M), 0 humongous (0M), 2 free (4M)
}
Event: 16.732 {heap After GC invocations=25 (full 0):
 garbage-first heap   total reserved 3065856K, committed 36864K, used 23247K [0x0000000744e00000, 0x0000000800000000)
  region size 2M, 0 eden (0M), 1 survivor (2M), 11 old (22M), 0 humongous (0M), 6 free (12M)
}
Event: 17.990 {heap Before GC invocations=25 (full 0):
 garbage-first heap   total reserved 3065856K, committed 36864K, used 29391K [0x0000000744e00000, 0x0000000800000000)
  region size 2M, 4 eden (8M), 1 survivor (2M), 11 old (22M), 0 humongous (0M), 2 free (4M)
}
Event: 17.995 {heap After GC invocations=26 (full 0):
 garbage-first heap   total reserved 3065856K, committed 36864K, used 23583K [0x0000000744e00000, 0x0000000800000000)
  region size 2M, 0 eden (0M), 1 survivor (2M), 11 old (22M), 0 humongous (0M), 6 free (12M)
}
Event: 18.785 {heap Before GC invocations=27 (full 0):
 garbage-first heap   total reserved 3065856K, committed 36864K, used 33823K [0x0000000744e00000, 0x0000000800000000)
  region size 2M, 5 eden (10M), 1 survivor (2M), 11 old (22M), 0 humongous (0M), 1 free (2M)
}
Event: 18.790 {heap After GC invocations=28 (full 0):
 garbage-first heap   total reserved 3065856K, committed 38912K, used 23949K [0x0000000744e00000, 0x0000000800000000)
  region size 2M, 0 eden (0M), 1 survivor (2M), 12 old (24M), 0 humongous (0M), 6 free (12M)
}
Event: 19.907 {heap Before GC invocations=28 (full 0):
 garbage-first heap   total reserved 3065856K, committed 38912K, used 32141K [0x0000000744e00000, 0x0000000800000000)
  region size 2M, 5 eden (10M), 1 survivor (2M), 12 old (24M), 0 humongous (0M), 1 free (2M)
}
Event: 19.912 {heap After GC invocations=29 (full 0):
 garbage-first heap   total reserved 3065856K, committed 38912K, used 24571K [0x0000000744e00000, 0x0000000800000000)
  region size 2M, 0 eden (0M), 1 survivor (2M), 12 old (24M), 0 humongous (0M), 6 free (12M)
}
Event: 21.922 {heap Before GC invocations=30 (full 0):
 garbage-first heap   total reserved 3065856K, committed 38912K, used 34811K [0x0000000744e00000, 0x0000000800000000)
  region size 2M, 5 eden (10M), 1 survivor (2M), 12 old (24M), 0 humongous (0M), 1 free (2M)
}
Event: 21.928 {heap After GC invocations=31 (full 0):
 garbage-first heap   total reserved 3065856K, committed 116736K, used 25567K [0x0000000744e00000, 0x0000000800000000)
  region size 2M, 0 eden (0M), 1 survivor (2M), 12 old (24M), 0 humongous (0M), 44 free (88M)
}

Metaspace Usage History (20 events):
Event: 12.878 {metaspace Before GC invocations=17 (full 0):
 Metaspace       used 33466K, committed 33856K, reserved 1114112K
  class space    used 4495K, committed 4672K, reserved 1048576K
}
Event: 12.884 {metaspace After GC invocations=18 (full 0):
 Metaspace       used 33466K, committed 33856K, reserved 1114112K
  class space    used 4495K, committed 4672K, reserved 1048576K
}
Event: 13.799 {metaspace Before GC invocations=18 (full 0):
 Metaspace       used 36707K, committed 37120K, reserved 1114112K
  class space    used 5081K, committed 5248K, reserved 1048576K
}
Event: 13.806 {metaspace After GC invocations=19 (full 0):
 Metaspace       used 36707K, committed 37120K, reserved 1114112K
  class space    used 5081K, committed 5248K, reserved 1048576K
}
Event: 14.861 {metaspace Before GC invocations=19 (full 0):
 Metaspace       used 40504K, committed 40832K, reserved 1114112K
  class space    used 5556K, committed 5696K, reserved 1048576K
}
Event: 14.867 {metaspace After GC invocations=20 (full 0):
 Metaspace       used 40504K, committed 40832K, reserved 1114112K
  class space    used 5556K, committed 5696K, reserved 1048576K
}
Event: 15.575 {metaspace Before GC invocations=21 (full 0):
 Metaspace       used 43591K, committed 43968K, reserved 1114112K
  class space    used 6004K, committed 6144K, reserved 1048576K
}
Event: 15.580 {metaspace After GC invocations=22 (full 0):
 Metaspace       used 43591K, committed 43968K, reserved 1114112K
  class space    used 6004K, committed 6144K, reserved 1048576K
}
Event: 16.135 {metaspace Before GC invocations=22 (full 0):
 Metaspace       used 45273K, committed 45696K, reserved 1114112K
  class space    used 6227K, committed 6400K, reserved 1048576K
}
Event: 16.137 {metaspace After GC invocations=23 (full 0):
 Metaspace       used 45273K, committed 45696K, reserved 1114112K
  class space    used 6227K, committed 6400K, reserved 1048576K
}
Event: 16.730 {metaspace Before GC invocations=24 (full 0):
 Metaspace       used 47628K, committed 48000K, reserved 1114112K
  class space    used 6536K, committed 6720K, reserved 1048576K
}
Event: 16.732 {metaspace After GC invocations=25 (full 0):
 Metaspace       used 47628K, committed 48000K, reserved 1114112K
  class space    used 6536K, committed 6720K, reserved 1048576K
}
Event: 17.990 {metaspace Before GC invocations=25 (full 0):
 Metaspace       used 51315K, committed 51776K, reserved 1114112K
  class space    used 7220K, committed 7424K, reserved 1048576K
}
Event: 17.995 {metaspace After GC invocations=26 (full 0):
 Metaspace       used 51315K, committed 51776K, reserved 1114112K
  class space    used 7220K, committed 7424K, reserved 1048576K
}
Event: 18.785 {metaspace Before GC invocations=27 (full 0):
 Metaspace       used 53412K, committed 53824K, reserved 1114112K
  class space    used 7613K, committed 7808K, reserved 1048576K
}
Event: 18.790 {metaspace After GC invocations=28 (full 0):
 Metaspace       used 53412K, committed 53824K, reserved 1114112K
  class space    used 7613K, committed 7808K, reserved 1048576K
}
Event: 19.907 {metaspace Before GC invocations=28 (full 0):
 Metaspace       used 56091K, committed 56512K, reserved 1114112K
  class space    used 8051K, committed 8256K, reserved 1048576K
}
Event: 19.912 {metaspace After GC invocations=29 (full 0):
 Metaspace       used 56091K, committed 56512K, reserved 1114112K
  class space    used 8051K, committed 8256K, reserved 1048576K
}
Event: 21.922 {metaspace Before GC invocations=30 (full 0):
 Metaspace       used 58045K, committed 58496K, reserved 1114112K
  class space    used 8277K, committed 8512K, reserved 1048576K
}
Event: 21.928 {metaspace After GC invocations=31 (full 0):
 Metaspace       used 58045K, committed 58496K, reserved 1114112K
  class space    used 8277K, committed 8512K, reserved 1048576K
}

Dll operation events (20 events):
Event: 0.336 Attempting to load shared library C:\Program Files\Java\jdk-26.0.2.1\bin\instrument.dll
Event: 0.336 Loaded shared library C:\Program Files\Java\jdk-26.0.2.1\bin\instrument.dll
Event: 0.345 Attempting to load shared library C:\Program Files\Java\jdk-26.0.2.1\bin\net.dll
Event: 0.347 Loaded shared library C:\Program Files\Java\jdk-26.0.2.1\bin\net.dll
Event: 0.353 Attempting to load shared library C:\Program Files\Java\jdk-26.0.2.1\bin\nio.dll
Event: 0.356 Loaded shared library C:\Program Files\Java\jdk-26.0.2.1\bin\nio.dll
Event: 0.361 Attempting to load shared library C:\Program Files\Java\jdk-26.0.2.1\bin\zip.dll
Event: 0.362 Loaded shared library C:\Program Files\Java\jdk-26.0.2.1\bin\zip.dll
Event: 0.632 Attempting to load shared library C:\Program Files\Java\jdk-26.0.2.1\bin\extnet.dll
Event: 0.633 Loaded shared library C:\Program Files\Java\jdk-26.0.2.1\bin\extnet.dll
Event: 0.695 Attempting to load shared library C:\Program Files\Java\jdk-26.0.2.1\bin\jimage.dll
Event: 0.695 Loaded shared library C:\Program Files\Java\jdk-26.0.2.1\bin\jimage.dll
Event: 3.651 Attempting to load shared library C:\Program Files\Java\jdk-26.0.2.1\bin\sunmscapi.dll
Event: 3.656 Loaded shared library C:\Program Files\Java\jdk-26.0.2.1\bin\sunmscapi.dll
Event: 9.156 Attempting to load shared library C:\Program Files\Java\jdk-26.0.2.1\bin\management.dll
Event: 9.185 Loaded shared library C:\Program Files\Java\jdk-26.0.2.1\bin\management.dll
Event: 9.191 Attempting to load shared library C:\Program Files\Java\jdk-26.0.2.1\bin\management_ext.dll
Event: 9.197 Loaded shared library C:\Program Files\Java\jdk-26.0.2.1\bin\management_ext.dll
Event: 13.172 Attempting to load shared library C:\Program Files\Java\jdk-26.0.2.1\bin\verify.dll
Event: 13.176 Loaded shared library C:\Program Files\Java\jdk-26.0.2.1\bin\verify.dll

Deoptimization events (20 events):
Event: 21.269 Thread 0x000001e000849f50 Uncommon trap: trap_request=0xffffff45 fr.pc=0x000001e0111a3de0 relative=0x0000000000003fe0
Event: 21.269 Thread 0x000001e000849f50 Uncommon trap: reason=unstable_if action=reinterpret pc=0x000001e0111a3de0 method=jdk.internal.classfile.impl.StackCounter.<init>(Ljdk/internal/classfile/impl/LabelContext;Ljava/lang/classfile/attribute/StackMapTableAttribute;Ljava/lang/constant/ClassDesc
Event: 21.269 Thread 0x000001e000849f50 DEOPT PACKING pc=0x000001e0111a3de0 sp=0x0000000143dfb5f0
Event: 21.269 Thread 0x000001e000849f50 DEOPT UNPACKING pc=0x000001e010b4b382 sp=0x0000000143dfb548 mode 2
Event: 21.313 Thread 0x000001e000849f50 Uncommon trap: trap_request=0xffffff45 fr.pc=0x000001e011189a0c relative=0x0000000000000c0c
Event: 21.313 Thread 0x000001e000849f50 Uncommon trap: reason=unstable_if action=reinterpret pc=0x000001e011189a0c method=java.util.concurrent.ConcurrentHashMap.putVal(Ljava/lang/Object;Ljava/lang/Object;Z)Ljava/lang/Object; @ 401 c2
Event: 21.313 Thread 0x000001e000849f50 DEOPT PACKING pc=0x000001e011189a0c sp=0x0000000143dfc4b0
Event: 21.313 Thread 0x000001e000849f50 DEOPT UNPACKING pc=0x000001e010b4b382 sp=0x0000000143dfc420 mode 2
Event: 21.318 Thread 0x000001e000849f50 Uncommon trap: trap_request=0xffffff45 fr.pc=0x000001e011155358 relative=0x0000000000000258
Event: 21.319 Thread 0x000001e000849f50 Uncommon trap: reason=unstable_if action=reinterpret pc=0x000001e011155358 method=java.util.concurrent.ConcurrentHashMap.get(Ljava/lang/Object;)Ljava/lang/Object; @ 86 c2
Event: 21.319 Thread 0x000001e000849f50 DEOPT PACKING pc=0x000001e011155358 sp=0x0000000143dfc530
Event: 21.319 Thread 0x000001e000849f50 DEOPT UNPACKING pc=0x000001e010b4b382 sp=0x0000000143dfc498 mode 2
Event: 21.404 Thread 0x000001e000849f50 Uncommon trap: trap_request=0xffffff45 fr.pc=0x000001e0111a5eb8 relative=0x00000000000005b8
Event: 21.404 Thread 0x000001e000849f50 Uncommon trap: reason=unstable_if action=reinterpret pc=0x000001e0111a5eb8 method=java.util.WeakHashMap.put(Ljava/lang/Object;Ljava/lang/Object;)Ljava/lang/Object; @ 146 c2
Event: 21.404 Thread 0x000001e000849f50 DEOPT PACKING pc=0x000001e0111a5eb8 sp=0x0000000143dfbaa0
Event: 21.404 Thread 0x000001e000849f50 DEOPT UNPACKING pc=0x000001e010b4b382 sp=0x0000000143dfba68 mode 2
Event: 22.174 Thread 0x000001e000849f50 Uncommon trap: trap_request=0xffffffc6 fr.pc=0x000001e011186938 relative=0x00000000000005b8
Event: 22.174 Thread 0x000001e000849f50 Uncommon trap: reason=bimorphic_or_optimized_type_check action=maybe_recompile pc=0x000001e011186938 method=java.util.Collections$UnmodifiableCollection.contains(Ljava/lang/Object;)Z @ 5 c2
Event: 22.174 Thread 0x000001e000849f50 DEOPT PACKING pc=0x000001e011186938 sp=0x0000000143dfc7f0
Event: 22.174 Thread 0x000001e000849f50 DEOPT UNPACKING pc=0x000001e010b4b382 sp=0x0000000143dfc798 mode 2

Classes loaded (20 events):
Event: 16.442 Loading class sun/reflect/annotation/TypeAnnotation$TypeAnnotationTargetInfo
Event: 16.443 Loading class sun/reflect/annotation/TypeAnnotation$TypeAnnotationTargetInfo done
Event: 16.561 Loading class java/util/concurrent/CancellationException
Event: 16.562 Loading class java/util/concurrent/CancellationException done
Event: 17.938 Loading class java/util/ArrayList$ListItr
Event: 17.939 Loading class java/util/ArrayList$ListItr done
Event: 18.286 Loading class java/util/AbstractList$SubList
Event: 18.287 Loading class java/util/AbstractList$SubList done
Event: 18.422 Loading class java/lang/reflect/ReflectPermission
Event: 18.422 Loading class java/lang/reflect/ReflectPermission done
Event: 21.125 Loading class javax/naming/Reference
Event: 21.125 Loading class javax/naming/Reference done
Event: 21.195 Loading class java/lang/SafeVarargs
Event: 21.196 Loading class java/lang/SafeVarargs done
Event: 21.200 Loading class sun/reflect/generics/reflectiveObjects/GenericArrayTypeImpl
Event: 21.200 Loading class sun/reflect/generics/reflectiveObjects/GenericArrayTypeImpl done
Event: 21.316 Loading class java/util/concurrent/ConcurrentHashMap$TreeNode
Event: 21.317 Loading class java/util/concurrent/ConcurrentHashMap$TreeNode done
Event: 21.317 Loading class java/util/concurrent/ConcurrentHashMap$TreeBin
Event: 21.317 Loading class java/util/concurrent/ConcurrentHashMap$TreeBin done

Classes unloaded (0 events):
No events

Classes redefined (0 events):
No events

Internal exceptions (20 events):
Event: 19.155 Thread 0x000001e000849f50 Exception <a 'java/lang/NoSuchMethodError'{0x0000000746d12280}: 'void java.lang.invoke.DirectMethodHandle$Holder.invokeSpecial(java.lang.Object, java.lang.Object, int, java.lang.Object)'> (0x0000000746d12280) 
thrown [s\open\src\hotspot\share\interpreter\linkResolver.cpp, line 804]
Event: 19.157 Thread 0x000001e000849f50 Exception <a 'java/lang/NoSuchMethodError'{0x0000000746d21fb0}: 'java.lang.Object java.lang.invoke.DirectMethodHandle$Holder.newInvokeSpecial(java.lang.Object, java.lang.Object, int)'> (0x0000000746d21fb0) 
thrown [s\open\src\hotspot\share\interpreter\linkResolver.cpp, line 804]
Event: 19.259 Thread 0x000001e000849f50 Exception <a 'java/lang/NoSuchMethodError'{0x0000000746a64018}: 'int java.lang.invoke.DirectMethodHandle$Holder.invokeStatic(java.lang.Object, int, java.lang.Object)'> (0x0000000746a64018) 
thrown [s\open\src\hotspot\share\interpreter\linkResolver.cpp, line 804]
Event: 19.271 Thread 0x000001e000849f50 Exception <a 'java/lang/NoSuchMethodError'{0x0000000746a89360}: 'java.lang.Object java.lang.invoke.DirectMethodHandle$Holder.newInvokeSpecial(java.lang.Object, java.lang.Object, java.lang.Object, java.lang.Object, java.lang.Object, int, java.lang.Object)'> (0x0000000746a89360) 
thrown [s\open\src\hotspot\share\interpreter\linkResolver.cpp, line 804]
Event: 19.302 Thread 0x000001e000849f50 Exception <a 'java/lang/NoSuchMethodError'{0x0000000746ad7728}: 'java.lang.Object java.lang.invoke.DirectMethodHandle$Holder.newInvokeSpecial(java.lang.Object, java.lang.Object, java.lang.Object, java.lang.Object, java.lang.Object, java.lang.Object, java.lang.Object, java.lang.Object, java.lang.Object, java.lang.Object, java.lang.Object, java.lang.Object)'> (0x0000000746ad7728) 
thrown [s\open\src\hotspot\share\interpreter\linkResolver.cpp, line 804]
Event: 19.312 Thread 0x000001e000849f50 Exception <a 'java/lang/NoSuchMethodError'{0x0000000746ae14d8}: 'java.lang.Object java.lang.invoke.Invokers$Holder.linkToTargetMethod(java.lang.Object, java.lang.Object, java.lang.Object, java.lang.Object, java.lang.Object, java.lang.Object, java.lang.Object, java.lang.Object, java.lang.Object, java.lang.Object, java.lang.Object, java.lang.Object)'> (0x0000000746ae14d8) 
thrown [s\open\src\hotspot\share\interpreter\linkResolver.cpp, line 804]
Event: 19.579 Thread 0x000001e000849f50 Exception <a 'java/lang/IncompatibleClassChangeError'{0x0000000746b89698}: Found class java.lang.Object, but interface was expected> (0x0000000746b89698) 
thrown [s\open\src\hotspot\share\interpreter\linkResolver.cpp, line 871]
Event: 19.666 Thread 0x000001e000849f50 Exception <a 'java/lang/IncompatibleClassChangeError'{0x000000074685ef08}: Found class java.lang.Object, but interface was expected> (0x000000074685ef08) 
thrown [s\open\src\hotspot\share\interpreter\linkResolver.cpp, line 871]
Event: 19.709 Thread 0x000001e000849f50 Exception <a 'java/lang/NoSuchMethodError'{0x00000007468fbeb8}: 'java.lang.Object java.lang.invoke.DirectMethodHandle$Holder.newInvokeSpecial(java.lang.Object, java.lang.Object, int, java.lang.Object, int, java.lang.Object, java.lang.Object)'> (0x00000007468fbeb8) 
thrown [s\open\src\hotspot\share\interpreter\linkResolver.cpp, line 804]
Event: 19.740 Thread 0x000001e000849f50 Exception <a 'java/lang/NoSuchMethodError'{0x0000000746986560}: 'java.lang.Object java.lang.invoke.DirectMethodHandle$Holder.newInvokeSpecial(java.lang.Object, java.lang.Object, java.lang.Object, java.lang.Object, java.lang.Object, java.lang.Object, java.lang.Object, int)'> (0x0000000746986560) 
thrown [s\open\src\hotspot\share\interpreter\linkResolver.cpp, line 804]
Event: 19.742 Thread 0x000001e000849f50 Exception <a 'java/lang/NoSuchMethodError'{0x000000074698fb88}: 'java.lang.Object java.lang.invoke.DirectMethodHandle$Holder.invokeSpecial(java.lang.Object, java.lang.Object, java.lang.Object, java.lang.Object, java.lang.Object, java.lang.Object, java.lang.Object, java.lang.Object, int)'> (0x000000074698fb88) 
thrown [s\open\src\hotspot\share\interpreter\linkResolver.cpp, line 804]
Event: 19.743 Thread 0x000001e000849f50 Exception <a 'java/lang/NoSuchMethodError'{0x00000007469986f0}: 'java.lang.Object java.lang.invoke.Invokers$Holder.linkToTargetMethod(java.lang.Object, java.lang.Object, java.lang.Object, java.lang.Object, java.lang.Object, java.lang.Object, int, java.lang.Object)'> (0x00000007469986f0) 
thrown [s\open\src\hotspot\share\interpreter\linkResolver.cpp, line 804]
Event: 19.797 Thread 0x000001e000849f50 Exception <a 'java/lang/NoSuchMethodError'{0x0000000746650de8}: 'void java.lang.invoke.DirectMethodHandle$Holder.invokeInterface(java.lang.Object, java.lang.Object)'> (0x0000000746650de8) 
thrown [s\open\src\hotspot\share\interpreter\linkResolver.cpp, line 804]
Event: 21.049 Thread 0x000001e000849f50 Exception <a 'java/lang/NoSuchMethodError'{0x0000000746c89fa8}: 'java.lang.Object java.lang.invoke.DirectMethodHandle$Holder.invokeSpecial(java.lang.Object, java.lang.Object, int, java.lang.Object, int)'> (0x0000000746c89fa8) 
thrown [s\open\src\hotspot\share\interpreter\linkResolver.cpp, line 804]
Event: 21.050 Thread 0x000001e000849f50 Exception <a 'java/lang/NoSuchMethodError'{0x0000000746c929f0}: 'java.lang.Object java.lang.invoke.DirectMethodHandle$Holder.invokeSpecial(java.lang.Object, java.lang.Object, java.lang.Object, int, java.lang.Object, int)'> (0x0000000746c929f0) 
thrown [s\open\src\hotspot\share\interpreter\linkResolver.cpp, line 804]
Event: 21.050 Thread 0x000001e000849f50 Exception <a 'java/lang/NoSuchMethodError'{0x0000000746c9aed0}: 'java.lang.Object java.lang.invoke.DelegatingMethodHandle$Holder.reinvoke_L(java.lang.Object, java.lang.Object, int, java.lang.Object, int)'> (0x0000000746c9aed0) 
thrown [s\open\src\hotspot\share\interpreter\linkResolver.cpp, line 804]
Event: 21.141 Thread 0x000001e000849f50 Exception <a 'java/lang/NoSuchMethodError'{0x0000000746d570d8}: 'void java.lang.invoke.Invokers$Holder.invokeExact_MT(java.lang.Object, java.lang.Object, java.lang.Object, java.lang.Object)'> (0x0000000746d570d8) 
thrown [s\open\src\hotspot\share\interpreter\linkResolver.cpp, line 804]
Event: 21.318 Thread 0x000001e000849f50 Exception <a 'java/lang/IncompatibleClassChangeError'{0x00000007468afe10}: Found class java.lang.Object, but interface was expected> (0x00000007468afe10) 
thrown [s\open\src\hotspot\share\interpreter\linkResolver.cpp, line 871]
Event: 21.396 Thread 0x000001e000849f50 Exception <a 'java/lang/IncompatibleClassChangeError'{0x0000000746938170}: Found class java.lang.Object, but interface was expected> (0x0000000746938170) 
thrown [s\open\src\hotspot\share\interpreter\linkResolver.cpp, line 871]
Event: 21.682 Thread 0x000001e000849f50 Exception <a 'java/lang/IncompatibleClassChangeError'{0x000000074668f150}: Found class java.lang.Object, but interface was expected> (0x000000074668f150) 
thrown [s\open\src\hotspot\share\interpreter\linkResolver.cpp, line 871]

VM Operations (20 events):
Event: 17.990 Executing safepoint VM operation: G1CollectForAllocation (G1 Evacuation Pause)
Event: 17.995 Executing safepoint VM operation: G1CollectForAllocation (G1 Evacuation Pause) done
Event: 18.028 Executing safepoint VM operation: G1PauseRemark
Event: 18.032 Executing safepoint VM operation: G1PauseRemark done
Event: 18.044 Executing safepoint VM operation: G1PauseCleanup
Event: 18.045 Executing safepoint VM operation: G1PauseCleanup done
Event: 18.404 Executing non-safepoint VM operation: HandshakeAllThreads (Deoptimize)
Event: 18.404 Executing non-safepoint VM operation: HandshakeAllThreads (Deoptimize) done
Event: 18.785 Executing safepoint VM operation: G1CollectForAllocation (G1 Evacuation Pause)
Event: 18.790 Executing safepoint VM operation: G1CollectForAllocation (G1 Evacuation Pause) done
Event: 19.907 Executing safepoint VM operation: G1CollectForAllocation (G1 Evacuation Pause)
Event: 19.912 Executing safepoint VM operation: G1CollectForAllocation (G1 Evacuation Pause) done
Event: 19.950 Executing safepoint VM operation: G1PauseRemark
Event: 19.954 Executing safepoint VM operation: G1PauseRemark done
Event: 19.965 Executing safepoint VM operation: G1PauseCleanup
Event: 19.966 Executing safepoint VM operation: G1PauseCleanup done
Event: 20.925 Executing non-safepoint VM operation: HandshakeAllThreads (Deoptimize)
Event: 20.925 Executing non-safepoint VM operation: HandshakeAllThreads (Deoptimize) done
Event: 21.857 Executing safepoint VM operation: G1CollectForAllocation (G1 Evacuation Pause)
Event: 21.928 Executing safepoint VM operation: G1CollectForAllocation (G1 Evacuation Pause) done

Memory protections (0 events):
No events

Nmethod flushes (20 events):
Event: 19.953 Thread 0x000001e01ef7a580 flushing  nmethod 0x000001e009b16888
Event: 19.953 Thread 0x000001e01ef7a580 flushing  nmethod 0x000001e009539d88
Event: 19.953 Thread 0x000001e01ef7a580 flushing  nmethod 0x000001e00962be08
Event: 19.953 Thread 0x000001e01ef7a580 flushing  nmethod 0x000001e00971ee88
Event: 19.953 Thread 0x000001e01ef7a580 flushing  nmethod 0x000001e00976b408
Event: 19.953 Thread 0x000001e01ef7a580 flushing  nmethod 0x000001e0097bd708
Event: 19.953 Thread 0x000001e01ef7a580 flushing  nmethod 0x000001e0099a1b08
Event: 19.953 Thread 0x000001e01ef7a580 flushing  nmethod 0x000001e009b79888
Event: 19.953 Thread 0x000001e01ef7a580 flushing  nmethod 0x000001e009513208
Event: 19.953 Thread 0x000001e01ef7a580 flushing  nmethod 0x000001e00953ad88
Event: 19.953 Thread 0x000001e01ef7a580 flushing  nmethod 0x000001e0095c4288
Event: 19.953 Thread 0x000001e01ef7a580 flushing  nmethod 0x000001e0095c4b88
Event: 19.953 Thread 0x000001e01ef7a580 flushing  nmethod 0x000001e0095c8388
Event: 19.953 Thread 0x000001e01ef7a580 flushing  nmethod 0x000001e00961cf88
Event: 19.953 Thread 0x000001e01ef7a580 flushing  nmethod 0x000001e00961e308
Event: 19.953 Thread 0x000001e01ef7a580 flushing  nmethod 0x000001e00965de08
Event: 19.953 Thread 0x000001e01ef7a580 flushing  nmethod 0x000001e009677308
Event: 19.953 Thread 0x000001e01ef7a580 flushing  nmethod 0x000001e009724808
Event: 19.953 Thread 0x000001e01ef7a580 flushing  nmethod 0x000001e009ad0608
Event: 19.953 Thread 0x000001e01ef7a580 flushing  nmethod 0x000001e009884908

Events (20 events):
Event: 0.102 Thread 0x000001e000849f50 Thread added: 0x000001e01efb2550
Event: 0.102 Thread 0x000001e000849f50 Thread added: 0x000001e01efc2e10
Event: 0.318 Thread 0x000001e000849f50 JVMTI - enter start phase
Event: 0.318 Thread 0x000001e000849f50 JVMTI - enter live phase
Event: 0.342 Thread 0x000001e000849f50 Thread added: 0x000001e01f174300
Event: 0.383 Thread 0x000001e01efb2550 Thread added: 0x000001e01f208370
Event: 0.594 Thread 0x000001e000849f50 Thread added: 0x000001e01f54d460
Event: 0.595 Thread 0x000001e000849f50 Thread added: 0x000001e01f5528c0
Event: 2.082 Thread 0x000001e000849f50 Thread added: 0x000001e0241695e0
Event: 2.975 Thread 0x000001e000849f50 Thread added: 0x000001e024556ba0
Event: 3.051 Thread 0x000001e024556ba0 Thread exited: 0x000001e024556ba0
Event: 3.669 Thread 0x000001e0241695e0 Thread exited: 0x000001e0241695e0
Event: 4.564 Thread 0x000001e01f208370 Thread exited: 0x000001e01f208370
Event: 11.177 Thread 0x000001e000849f50 Thread added: 0x000001e01f646470
Event: 11.187 Thread 0x000001e000849f50 Thread added: 0x000001e01f646c20
Event: 11.223 Thread 0x000001e000849f50 Thread added: 0x000001e025776010
Event: 11.522 Thread 0x000001e000849f50 Thread added: 0x000001e024a74af0
Event: 14.831 Thread 0x000001e000849f50 Thread added: 0x000001e0244bd5a0
Event: 14.941 Thread 0x000001e0244bd5a0 Thread added: 0x000001e0244be540
Event: 20.368 Thread 0x000001e0244be540 Thread exited: 0x000001e0244be540


Dynamic libraries:
0x00007ff7325d0000 - 0x00007ff7325e0000 	C:\Program Files\Java\jdk-26.0.2.1\bin\java.exe
0x00007ffc7e020000 - 0x00007ffc7e287000 	C:\WINDOWS\SYSTEM32\ntdll.dll
0x00007ffc7d160000 - 0x00007ffc7d22b000 	C:\WINDOWS\System32\KERNEL32.DLL
0x00007ffc7b220000 - 0x00007ffc7b622000 	C:\WINDOWS\System32\KERNELBASE.dll
0x00007ffc7b630000 - 0x00007ffc7b77c000 	C:\WINDOWS\System32\ucrtbase.dll
0x00007ffc71b50000 - 0x00007ffc71b67000 	C:\Program Files\Java\jdk-26.0.2.1\bin\jli.dll
0x00007ffc7c170000 - 0x00007ffc7c33f000 	C:\WINDOWS\System32\USER32.dll
0x00007ffc7b790000 - 0x00007ffc7b7b7000 	C:\WINDOWS\System32\win32u.dll
0x00007ffc5fd70000 - 0x00007ffc60000000 	C:\WINDOWS\WinSxS\amd64_microsoft.windows.common-controls_6595b64144ccf1df_6.0.26100.9278_none_3e0d1ba8e3303201\COMCTL32.dll
0x00007ffc7cd20000 - 0x00007ffc7cd4b000 	C:\WINDOWS\System32\GDI32.dll
0x00007ffc7cc10000 - 0x00007ffc7ccb9000 	C:\WINDOWS\System32\msvcrt.dll
0x00007ffc7b850000 - 0x00007ffc7b979000 	C:\WINDOWS\System32\gdi32full.dll
0x00007ffc7bbd0000 - 0x00007ffc7bc73000 	C:\WINDOWS\System32\msvcp_win.dll
0x00007ffc71b30000 - 0x00007ffc71b4e000 	C:\Program Files\Java\jdk-26.0.2.1\bin\VCRUNTIME140.dll
0x00007ffc7ddb0000 - 0x00007ffc7dde1000 	C:\WINDOWS\System32\IMM32.DLL
0x00007ffc75660000 - 0x00007ffc7566c000 	C:\Program Files\Java\jdk-26.0.2.1\bin\vcruntime140_1.dll
0x00007ffc5ec50000 - 0x00007ffc5ecdd000 	C:\Program Files\Java\jdk-26.0.2.1\bin\msvcp140.dll
0x00007ffbb5130000 - 0x00007ffbb6001000 	C:\Program Files\Java\jdk-26.0.2.1\bin\server\jvm.dll
0x00007ffc7dce0000 - 0x00007ffc7dd9c000 	C:\WINDOWS\System32\ADVAPI32.dll
0x00007ffc7d250000 - 0x00007ffc7d2f9000 	C:\WINDOWS\System32\sechost.dll
0x00007ffc7d3b0000 - 0x00007ffc7d4c8000 	C:\WINDOWS\System32\RPCRT4.dll
0x00007ffc7d300000 - 0x00007ffc7d380000 	C:\WINDOWS\System32\WS2_32.dll
0x00007ffc7b080000 - 0x00007ffc7b0de000 	C:\WINDOWS\SYSTEM32\POWRPROF.dll
0x00007ffc75890000 - 0x00007ffc758c6000 	C:\WINDOWS\SYSTEM32\WINMM.dll
0x00007ffc756d0000 - 0x00007ffc756db000 	C:\WINDOWS\SYSTEM32\VERSION.dll
0x00007ffc7b060000 - 0x00007ffc7b075000 	C:\WINDOWS\SYSTEM32\UMPDC.dll
0x00007ffc79ed0000 - 0x00007ffc79eeb000 	C:\WINDOWS\SYSTEM32\kernel.appcore.dll
0x00007ffc75200000 - 0x00007ffc7520a000 	C:\Program Files\Java\jdk-26.0.2.1\bin\jimage.dll
0x00007ffc786b0000 - 0x00007ffc788fc000 	C:\WINDOWS\SYSTEM32\DBGHELP.DLL
0x00007ffc7bd40000 - 0x00007ffc7c0c5000 	C:\WINDOWS\System32\combase.dll
0x00007ffc7d4d0000 - 0x00007ffc7d5a9000 	C:\WINDOWS\System32\OLEAUT32.dll
0x00007ffc53130000 - 0x00007ffc5316b000 	C:\WINDOWS\SYSTEM32\dbgcore.DLL
0x00007ffc7b980000 - 0x00007ffc7ba2c000 	C:\WINDOWS\System32\bcryptPrimitives.dll
0x00007ffc75160000 - 0x00007ffc75170000 	C:\Program Files\Java\jdk-26.0.2.1\bin\instrument.dll
0x00007ffc71390000 - 0x00007ffc713af000 	C:\Program Files\Java\jdk-26.0.2.1\bin\java.dll
0x00007ffc7cd50000 - 0x00007ffc7ceea000 	C:\WINDOWS\System32\ole32.dll
0x00007ffc7c450000 - 0x00007ffc7cbe8000 	C:\WINDOWS\System32\SHELL32.dll
0x00007ffc78c40000 - 0x00007ffc794ee000 	C:\WINDOWS\SYSTEM32\windows.storage.dll
0x00007ffc7c350000 - 0x00007ffc7c44b000 	C:\WINDOWS\System32\SHCORE.dll
0x00007ffc7c0d0000 - 0x00007ffc7c136000 	C:\WINDOWS\System32\shlwapi.dll
0x00007ffc7b140000 - 0x00007ffc7b169000 	C:\WINDOWS\SYSTEM32\profapi.dll
0x00007ffc5f480000 - 0x00007ffc5f496000 	C:\Program Files\Java\jdk-26.0.2.1\bin\zip.dll
0x00007ffc5f3d0000 - 0x00007ffc5f3e2000 	C:\Program Files\Java\jdk-26.0.2.1\bin\net.dll
0x00007ffc7a4b0000 - 0x00007ffc7a51c000 	C:\WINDOWS\system32\mswsock.dll
0x00007ffc5f220000 - 0x00007ffc5f236000 	C:\Program Files\Java\jdk-26.0.2.1\bin\nio.dll
0x00007ffc71380000 - 0x00007ffc71389000 	C:\Program Files\Java\jdk-26.0.2.1\bin\extnet.dll
0x00007ffc5f4e0000 - 0x00007ffc5f4ee000 	C:\Program Files\Java\jdk-26.0.2.1\bin\sunmscapi.dll
0x00007ffc7ba40000 - 0x00007ffc7bbbe000 	C:\WINDOWS\System32\CRYPT32.dll
0x00007ffc7a9e0000 - 0x00007ffc7aa10000 	C:\WINDOWS\SYSTEM32\ncrypt.dll
0x00007ffc7a990000 - 0x00007ffc7a9cf000 	C:\WINDOWS\SYSTEM32\NTASN1.dll
0x00007ffc7a7a0000 - 0x00007ffc7a7bb000 	C:\WINDOWS\SYSTEM32\CRYPTSP.dll
0x00007ffc79e30000 - 0x00007ffc79e69000 	C:\WINDOWS\system32\rsaenh.dll
0x00007ffc7a560000 - 0x00007ffc7a594000 	C:\WINDOWS\SYSTEM32\USERENV.dll
0x00007ffc7b110000 - 0x00007ffc7b13a000 	C:\WINDOWS\SYSTEM32\bcrypt.dll
0x00007ffc7a7c0000 - 0x00007ffc7a7cc000 	C:\WINDOWS\SYSTEM32\CRYPTBASE.dll
0x00007ffc79870000 - 0x00007ffc798a3000 	C:\WINDOWS\SYSTEM32\IPHLPAPI.DLL
0x00007ffc7d240000 - 0x00007ffc7d24a000 	C:\WINDOWS\System32\NSI.dll
0x00007ffc5f3c0000 - 0x00007ffc5f3ca000 	C:\Program Files\Java\jdk-26.0.2.1\bin\management.dll
0x00007ffc5f210000 - 0x00007ffc5f21c000 	C:\Program Files\Java\jdk-26.0.2.1\bin\management_ext.dll
0x00007ffc7dfd0000 - 0x00007ffc7dfd8000 	C:\WINDOWS\System32\PSAPI.DLL
0x00007ffc5f150000 - 0x00007ffc5f160000 	C:\Program Files\Java\jdk-26.0.2.1\bin\verify.dll
0x00007ffc798b0000 - 0x00007ffc79a08000 	C:\WINDOWS\SYSTEM32\DNSAPI.dll
0x00007ffc7a2b0000 - 0x00007ffc7a2bd000 	C:\WINDOWS\SYSTEM32\DSPARSE.dll
0x00007ffc725c0000 - 0x00007ffc725cb000 	C:\Windows\System32\rasadhlp.dll
0x00007ffc73d60000 - 0x00007ffc73de6000 	C:\WINDOWS\System32\fwpuclnt.dll

JVMTI agents:
C:\Program Files\JetBrains\IntelliJ IDEA 2026.1.2\lib\idea_rt.jar path:C:\Program Files\Java\jdk-26.0.2.1\bin\instrument.dll, loaded, initialized, instrumentlib options:65173

dbghelp: loaded successfully - version: 4.0.5 - missing functions: none
symbol engine: initialized successfully - sym options: 0x614 - pdb path: .;C:\Program Files\Java\jdk-26.0.2.1\bin;C:\WINDOWS\SYSTEM32;C:\WINDOWS\WinSxS\amd64_microsoft.windows.common-controls_6595b64144ccf1df_6.0.26100.9278_none_3e0d1ba8e3303201;C:\Program Files\Java\jdk-26.0.2.1\bin\server

VM Arguments:
jvm_args: -javaagent:C:\Program Files\JetBrains\IntelliJ IDEA 2026.1.2\lib\idea_rt.jar=65173 -Dfile.encoding=UTF-8 -Dsun.stdout.encoding=UTF-8 -Dsun.stderr.encoding=UTF-8 
java_command: com.smartmedi.SmartMediApplication
java_class_path (initial): C:\Users\nethu\Downloads\smartmedi-prescription-module\smartmedi-prescription\target\classes;C:\Users\nethu\.m2\repository\org\springframework\boot\spring-boot-starter-web\3.3.5\spring-boot-starter-web-3.3.5.jar;C:\Users\nethu\.m2\repository\org\springframework\boot\spring-boot-starter\3.3.5\spring-boot-starter-3.3.5.jar;C:\Users\nethu\.m2\repository\org\springframework\boot\spring-boot\3.3.5\spring-boot-3.3.5.jar;C:\Users\nethu\.m2\repository\org\springframework\boot\spring-boot-autoconfigure\3.3.5\spring-boot-autoconfigure-3.3.5.jar;C:\Users\nethu\.m2\repository\org\springframework\boot\spring-boot-starter-logging\3.3.5\spring-boot-starter-logging-3.3.5.jar;C:\Users\nethu\.m2\repository\ch\qos\logback\logback-classic\1.5.11\logback-classic-1.5.11.jar;C:\Users\nethu\.m2\repository\ch\qos\logback\logback-core\1.5.11\logback-core-1.5.11.jar;C:\Users\nethu\.m2\repository\org\apache\logging\log4j\log4j-to-slf4j\2.23.1\log4j-to-slf4j-2.23.1.jar;C:\Users\nethu\.m2\repository\org\apache\logging\log4j\log4j-api\2.23.1\log4j-api-2.23.1.jar;C:\Users\nethu\.m2\repository\org\slf4j\jul-to-slf4j\2.0.16\jul-to-slf4j-2.0.16.jar;C:\Users\nethu\.m2\repository\jakarta\annotation\jakarta.annotation-api\2.1.1\jakarta.annotation-api-2.1.1.jar;C:\Users\nethu\.m2\repository\org\yaml\snakeyaml\2.2\snakeyaml-2.2.jar;C:\Users\nethu\.m2\repository\org\springframework\boot\spring-boot-starter-json\3.3.5\spring-boot-starter-json-3.3.5.jar;C:\Users\nethu\.m2\repository\com\fasterxml\jackson\core\jackson-databind\2.17.2\jackson-databind-2.17.2.jar;C:\Users\nethu\.m2\repository\com\fasterxml\jackson\core\jackson-annotations\2.17.2\jackson-annotations-2.17.2.jar;C:\Users\nethu\.m2\repository\com\fasterxml\jackson\core\jackson-core\2.17.2\jackson-core-2.17.2.jar;C:\Users\nethu\.m2\repository\com\fasterxml\jackson\datatype\jackson-datatype-jdk8\2.17.2\jackson-datatype-jdk8-2.17.2.jar;C:\Users\nethu\.m2\repository\com\fasterxml\jackson\datatype\jackson-datatype-jsr310\2.17.2\jackson-datatype-jsr310-2.17.2.jar;C:\Users\nethu\.m2\repository\com\fasterxml\jackson\module\jackson-module-parameter-names\2.17.2\jackson-module-parameter-names-2.17.2.jar;C:\Users\nethu\.m2\repository\org\springframework\boot\spring-boot-starter-tomcat\3.3.5\spring-boot-starter-tomcat-3.3.5.jar;C:\Users\nethu\.m2\repository\org\apache\tomcat\embed\tomcat-embed-core\10.1.31\tomcat-embed-core-10.1.31.jar;C:\Users\nethu\.m2\repository\org\apache\tomcat\embed\tomcat-embed-websocket\10.1.31\tomcat-embed-websocket-10.1.31.jar;C:\Users\nethu\.m2\repository\org\springframework\spring-web\6.1.14\spring-web-6.1.14.jar;C:\Users\nethu\.m2\repository\org\springframework\spring-beans\6.1.14\spring-beans-6.1.14.jar;C:\Users\nethu\.m2\repository\io\micrometer\micrometer-observation\1.13.6\micrometer-observation-1.13.6.jar;C:\Users\nethu\.m2\repository\io\micrometer\micrometer-commons\1.13.6\micrometer-commons-1.13.6.jar;C:\Users\nethu\.m2\repository\org\springframework\spring-webmvc\6.1.14\spring-webmvc-6.1.14.jar;C:\Users\nethu\.m2\repository\org\springframework\spring-aop\6.1.14\spring-aop-6.1.14.jar;C:\Users\nethu\.m2\repository\org\springframework\spring-context\6.1.14\spring-context-6.1.14.jar;C:\Users\nethu\.m2\repository\org\springframework\spring-expression\6.1.14\spring-expression-6.1.14.jar;C:\Users\nethu\.m2\repository\org\springframework\boot\spring-boot-starter-data-jpa\3.3.5\spring-boot-starter-data-jpa-3.3.5.jar;C:\Users\nethu\.m2\repository\org\springframework\boot\spring-boot-starter-aop\3.3.5\spring-boot-starter-aop-3.3.5.jar;C:\Users\nethu\.m2\repository\org\aspectj\aspectjweaver\1.9.22.1\aspectjweaver-1.9.22.1.jar;C:\Users\nethu\.m2\repository\org\springframework\boot\spring-boot-starter-jdbc\3.3.5\spring-boot-starter-jdbc-3.3.5.jar;C:\Users\nethu\.m2\repository\com\zaxxer\HikariCP\5.1.0\HikariCP-5.1.0.jar;C:\Users\nethu\.m2\repository\org\springframework\spring-jdbc\6.1.14\spring-jdbc-6.1.14.jar;C:\Users\nethu\.m2\repository\org\hibernate\orm\hibernate-core\6.5.3.Final\hibernate-core-6.5.3.Final.jar;C:\Users\nethu\.m2\repository\jakarta\persistence\jakarta.persistence-api\3.1.0\jakarta.persistence-api-3.1.0.jar;C:\Users\nethu\.m2\repository\jakarta\transaction\jakarta.transaction-api\2.0.1\jakarta.transaction-api-2.0.1.jar;C:\Users\nethu\.m2\repository\org\jboss\logging\jboss-logging\3.5.3.Final\jboss-logging-3.5.3.Final.jar;C:\Users\nethu\.m2\repository\org\hibernate\common\hibernate-commons-annotations\6.0.6.Final\hibernate-commons-annotations-6.0.6.Final.jar;C:\Users\nethu\.m2\repository\io\smallrye\jandex\3.1.2\jandex-3.1.2.jar;C:\Users\nethu\.m2\repository\com\fasterxml\classmate\1.7.0\classmate-1.7.0.jar;C:\Users\nethu\.m2\repository\net\bytebuddy\byte-buddy\1.14.19\byte-buddy-1.14.19.jar;C:\Users\nethu\.m2\repository\org\glassfish\jaxb\jaxb-runtime\4.0.5\jaxb-runtime-4.0.5.jar;C:\Users\nethu\.m2\repository\org\glassfish\jaxb\jaxb-core\4.0.5\jaxb-core-4.0.5.jar;C:\Users\nethu\.m2\repository\org\eclipse\angus\angus-activation\2.0.2\angus-activation-2.0.2.jar;C:\Users\nethu\.m2\repository\org\glassfish\jaxb\txw2\4.0.5\txw2-4.0.5.jar;C:\Users\nethu\.m2\repository\com\sun\istack\istack-commons-runtime\4.1.2\istack-commons-runtime-4.1.2.jar;C:\Users\nethu\.m2\repository\jakarta\inject\jakarta.inject-api\2.0.1\jakarta.inject-api-2.0.1.jar;C:\Users\nethu\.m2\repository\org\antlr\antlr4-runtime\4.13.0\antlr4-runtime-4.13.0.jar;C:\Users\nethu\.m2\repository\org\springframework\data\spring-data-jpa\3.3.5\spring-data-jpa-3.3.5.jar;C:\Users\nethu\.m2\repository\org\springframework\data\spring-data-commons\3.3.5\spring-data-commons-3.3.5.jar;C:\Users\nethu\.m2\repository\org\springframework\spring-orm\6.1.14\spring-orm-6.1.14.jar;C:\Users\nethu\.m2\repository\org\springframework\spring-tx\6.1.14\spring-tx-6.1.14.jar;C:\Users\nethu\.m2\repository\org\slf4j\slf4j-api\2.0.16\slf4j-api-2.0.16.jar;C:\Users\nethu\.m2\repository\org\springframework\spring-aspects\6.1.14\spring-aspects-6.1.14.jar;C:\Users\nethu\.m2\repository\org\springframework\boot\spring-boot-starter-validation\3.3.5\spring-boot-starter-validation-3.3.5.jar;C:\Users\nethu\.m2\repository\org\apache\tomcat\embed\tomcat-embed-el\10.1.31\tomcat-embed-el-10.1.31.jar;C:\Users\nethu\.m2\repository\org\hibernate\validator\hibernate-validator\8.0.1.Final\hibernate-validator-8.0.1.Final.jar;C:\Users\nethu\.m2\repository\jakarta\validation\jakarta.validation-api\3.0.2\jakarta.validation-api-3.0.2.jar;C:\Users\nethu\.m2\repository\com\h2database\h2\2.2.224\h2-2.2.224.jar;C:\Users\nethu\.m2\repository\com\mysql\mysql-connector-j\8.3.0\mysql-connector-j-8.3.0.jar;C:\Users\nethu\.m2\repository\jakarta\xml\bind\jakarta.xml.bind-api\4.0.2\jakarta.xml.bind-api-4.0.2.jar;C:\Users\nethu\.m2\repository\jakarta\activation\jakarta.activation-api\2.1.3\jakarta.activation-api-2.1.3.jar;C:\Users\nethu\.m2\repository\org\springframework\spring-core\6.1.14\spring-core-6.1.14.jar;C:\Users\nethu\.m2\repository\org\springframework\spring-jcl\6.1.14\spring-jcl-6.1.14.jar
Launcher Type: SUN_STANDARD

[Global flags]
     bool AOTAdapterCaching                        = false                                  {diagnostic} {ergonomic}
     bool AOTInvokeDynamicLinking                  = false                                  {diagnostic} {ergonomic}
     bool AOTRecordTraining                        = false                                  {diagnostic} {ergonomic}
     bool AOTReplayTraining                        = false                                  {diagnostic} {ergonomic}
     bool AOTStubCaching                           = false                                  {diagnostic} {ergonomic}
     intx CICompilerCount                          = 3                                         {product} {ergonomic}
     uint ConcGCThreads                            = 2                                         {product} {ergonomic}
     uint G1ConcRefinementThreads                  = 6                                         {product} {ergonomic}
     uint G1EagerReclaimRemSetThreshold            = 16                                   {experimental} {ergonomic}
   size_t G1HeapRegionSize                         = 2097152                                   {product} {ergonomic}
     uint G1RemSetArrayOfCardsEntries              = 16                                   {experimental} {ergonomic}
     uint G1RemSetHowlMaxNumBuckets                = 8                                    {experimental} {ergonomic}
     uint G1RemSetHowlNumBuckets                   = 8                                    {experimental} {ergonomic}
   size_t InitialHeapSize                          = 8388608                                   {product} {ergonomic}
     bool IntelJccErratumMitigation                = false                             {ARCH diagnostic} {ergonomic}
   size_t MarkStackSize                            = 4194304                                   {product} {ergonomic}
   size_t MarkStackSizeMax                         = 536870912                                 {product} {ergonomic}
   size_t MaxHeapSize                              = 3139436544                                {product} {ergonomic}
   size_t MaxNewSize                               = 1883242496                                {product} {ergonomic}
 uint64_t MaxRAM                                   = 12554289152                               {product} {ergonomic}
   size_t MinHeapDeltaBytes                        = 2097152                                   {product} {ergonomic}
   size_t MinHeapSize                              = 8388608                                   {product} {ergonomic}
   size_t NonNMethodCodeHeapSize                   = 5898240                                {pd product} {ergonomic}
   size_t NonProfiledCodeHeapSize                  = 122945536                              {pd product} {ergonomic}
   size_t ProfiledCodeHeapSize                     = 122945536                              {pd product} {ergonomic}
   size_t ReservedCodeCacheSize                    = 251789312                              {pd product} {ergonomic}
     bool SegmentedCodeCache                       = true                                      {product} {ergonomic}
   size_t SoftMaxHeapSize                          = 3139436544                             {manageable} {ergonomic}
     bool UseCompressedOops                        = true                           {product lp64_product} {ergonomic}
     bool UseCondCardMark                          = true                                      {product} {ergonomic}
     bool UseFastUnorderedTimeStamps               = true                                 {experimental} {ergonomic}
     bool UseG1GC                                  = true                                      {product} {ergonomic}
     bool UseLargePagesIndividualAllocation        = false                                  {pd product} {ergonomic}
      int X86ICacheSync                            = 3                                 {ARCH diagnostic} {ergonomic}

Logging:
Log output configuration:
 #0: stdout all=warning uptime,level,tags foldmultilines=false
 #1: stderr all=off uptime,level,tags foldmultilines=false

Release file:
IMPLEMENTOR="Oracle Corporation" 
JAVA_RUNTIME_VERSION="26.0.2.1+1-7" 
JAVA_VERSION="26.0.2.1" 
JAVA_VERSION_DATE="2026-08-18" 
LIBC="default" 
MODULES="java.base java.compiler java.datatransfer java.xml java.prefs java.desktop java.instrument java.logging java.management java.security.sasl java.naming java.rmi java.management.rmi java.net.http java.scripting java.security.jgss java.transaction.xa java.sql java.sql.rowset java.xml.crypto java.se java.smartcardio jdk.accessibility jdk.internal.jvmstat jdk.attach jdk.charsets jdk.internal.opt jdk.zipfs jdk.compiler jdk.crypto.cryptoki jdk.crypto.ec jdk.crypto.mscapi jdk.dynalink jdk.internal.ed jdk.editpad jdk.internal.vm.ci jdk.graal.compiler jdk.graal.compiler.management jdk.hotspot.agent jdk.httpserver jdk.incubator.vector jdk.internal.le jdk.internal.md jdk.jartool jdk.javadoc jdk.jcmd jdk.management jdk.management.agent jdk.jconsole jdk.jdeps jdk.jdwp.agent jdk.jdi jdk.jfr jdk.jlink jdk.jpackage jdk.jshell jdk.jstatd jdk.localedata jdk.management.jfr jdk.naming.dns jdk.naming.rmi jdk.net jdk.nio.mapmode jdk.sctp jdk.security.auth jdk.security.jgss jdk.unsupported jdk.unsupported.desktop jdk.xml.dom" 
OS_ARCH="x86_64" 
OS_NAME="Windows" 
SOURCE=".:git:0d9eee3548f0 open:git:d55edf1cba61" 

Environment Variables:
JAVA_HOME=C:\Program Files\Java\jdk-23
PATH=C:\Program Files\Common Files\Oracle\Java\javapath;C:\WINDOWS\system32;C:\WINDOWS;C:\WINDOWS\System32\Wbem;C:\WINDOWS\System32\WindowsPowerShell\v1.0\;C:\WINDOWS\System32\OpenSSH\;C:\Program Files\dotnet\;C:\Program Files\Microsoft SQL Server\Client SDK\ODBC\170\Tools\Binn\;C:\Program Files (x86)\Microsoft SQL Server\150\Tools\Binn\;C:\Program Files\Microsoft SQL Server\150\Tools\Binn\;C:\Program Files\Microsoft SQL Server\150\DTS\Binn\;C:\Program Files (x86)\Windows Kits\10\Windows Performance Toolkit\;C:\Program Files\Dell\MyDell\jdk-23_linux-aarch64_bin.tar.gz;C:\Program Files\Git\cmd;C:\Program Files\Microsoft SQL Server\Client SDK\ODBC\180\Tools\Binn\;C:\Program Files (x86)\Microsoft SQL Server\170\Tools\Binn\;C:\Program Files\Microsoft SQL Server\170\Tools\Binn\;C:\Program Files\Microsoft SQL Server\170\DTS\Binn\;C:\Program Files\Common Files\Oracle\Java\javapath;C:\WINDOWS\system32;C:\WINDOWS;C:\WINDOWS\System32\Wbem;C:\WINDOWS\System32\WindowsPowerShell\v1.0\;C:\WINDOWS\System32\OpenSSH\;C:\Program Files\dotnet\;C:\Program Files\Microsoft SQL Server\Client SDK\ODBC\170\Tools\Binn\;C:\Program Files (x86)\Microsoft SQL Server\150\Tools\Binn\;C:\Program Files\Microsoft SQL Server\150\Tools\Binn\;C:\Program Files\Microsoft SQL Server\150\DTS\Binn\;C:\Program Files (x86)\Microsoft SQL Server\160\DTS\Binn\;C:\Program Files (x86)\Windows Kits\10\Windows Performance Toolkit\;C:\Program Files\Git\cmd;C:\Program Files\Dell\MyDell\jdk-23_linux-aarch64_bin.tar.gz;C:\Users\nethu\AppData\Local\Programs\Python\Python312\Scripts\;C:\Users\nethu\AppData\Local\Programs\Python\Python312\;C:\Users\nethu\AppData\Local\Programs\Python\Launcher\;C:\Users\nethu\AppData\Local\Microsoft\WindowsApps;C:\Users\nethu\Downloads\Microsoft VS Code\bin;C:\Users\nethu\.dotnet\tools;C:\Users\nethu\AppData\Local\GitHubDesktop\bin;;C:\Users\YourName\App;C:\Program Files\JetBrains\PyCharm 2026.1.2\bin;C:\Program Files\JetBrains\IntelliJ IDEA 2026.1.2\bin
USERNAME=nethu
OS=Windows_NT
PROCESSOR_IDENTIFIER=Intel64 Family 6 Model 186 Stepping 3, GenuineIntel
TMP=C:\Users\nethu\AppData\Local\Temp
TEMP=C:\Users\nethu\AppData\Local\Temp




Compilation memory statistics disabled.

Periodic native trim disabled

---------------  S Y S T E M  ---------------

OS:
 Windows 11 , 64 bit Build 26100 (10.0.26100.9444)
OS uptime: 5 days 19:11 hours
Hyper-V role detected

CPU: total 6 (initial active 6) (hybrid) family 6 model 186 stepping 3 microcode 0x6134, cx8, cmov, fxsr, ht, mmx, 3dnowpref, sse, sse2, sse3, ssse3, sse4.1, sse4.2, popcnt, lzcnt, tsc, tscinvbit, avx, avx2, aes, erms, clmul, bmi1, bmi2, adx, sha, fma, vzeroupper, clflush, clflushopt, clwb, hv, serialize, rdtscp, rdpid, fsrm, gfni, f16c, cet_ibt, cet_ss, hybrid
Processor Information for processor 0
  Max Mhz: 1600, Current Mhz: 1520, Mhz Limit: 1600
Processor Information for processor 1
  Max Mhz: 1600, Current Mhz: 1600, Mhz Limit: 1600
Processor Information for processor 2
  Max Mhz: 1600, Current Mhz: 1600, Mhz Limit: 1600
Processor Information for processor 3
  Max Mhz: 1600, Current Mhz: 1600, Mhz Limit: 1600
Processor Information for processor 4
  Max Mhz: 1600, Current Mhz: 1466, Mhz Limit: 1600
Processor Information for processor 5
  Max Mhz: 1600, Current Mhz: 1600, Mhz Limit: 1600

Memory: 4k page, system-wide physical 11972M (159M free)
TotalPageFile size 37543M (AvailPageFile size 12M)
current process WorkingSet (physical memory assigned to process): 202M, peak: 202M
current process commit charge ("private bytes"): 308M, peak: 328M

vm_info: Java HotSpot(TM) 64-Bit Server VM (26.0.2.1+1-7) for windows-amd64 JRE (26.0.2.1+1-7), built on 2026-07-24T06:55:58Z with MS VC++ 17.13 (VS2022)

END.
